Archive member included to satisfy reference by file (symbol)

/usr/lib/gcc/arm-none-eabi/4.9.3/../../../arm-none-eabi/lib/armv7-m/libc_nano.a(lib_a-atexit.o)
                              /usr/lib/gcc/arm-none-eabi/4.9.3/../../../arm-none-eabi/lib/armv7-m/crt0.o (atexit)
/usr/lib/gcc/arm-none-eabi/4.9.3/../../../arm-none-eabi/lib/armv7-m/libc_nano.a(lib_a-exit.o)
                              /usr/lib/gcc/arm-none-eabi/4.9.3/../../../arm-none-eabi/lib/armv7-m/crt0.o (exit)
/usr/lib/gcc/arm-none-eabi/4.9.3/../../../arm-none-eabi/lib/armv7-m/libc_nano.a(lib_a-fini.o)
                              /usr/lib/gcc/arm-none-eabi/4.9.3/../../../arm-none-eabi/lib/armv7-m/crt0.o (__libc_fini_array)
/usr/lib/gcc/arm-none-eabi/4.9.3/../../../arm-none-eabi/lib/armv7-m/libc_nano.a(lib_a-impure.o)
                              /usr/lib/gcc/arm-none-eabi/4.9.3/../../../arm-none-eabi/lib/armv7-m/libc_nano.a(lib_a-exit.o) (_global_impure_ptr)
/usr/lib/gcc/arm-none-eabi/4.9.3/../../../arm-none-eabi/lib/armv7-m/libc_nano.a(lib_a-init.o)
                              /usr/lib/gcc/arm-none-eabi/4.9.3/../../../arm-none-eabi/lib/armv7-m/crt0.o (__libc_init_array)
/usr/lib/gcc/arm-none-eabi/4.9.3/../../../arm-none-eabi/lib/armv7-m/libc_nano.a(lib_a-memset.o)
                              /usr/lib/gcc/arm-none-eabi/4.9.3/../../../arm-none-eabi/lib/armv7-m/crt0.o (memset)
/usr/lib/gcc/arm-none-eabi/4.9.3/../../../arm-none-eabi/lib/armv7-m/libc_nano.a(lib_a-printf.o)
                              build/usrMain.o (printf)
/usr/lib/gcc/arm-none-eabi/4.9.3/../../../arm-none-eabi/lib/armv7-m/libc_nano.a(lib_a-puts.o)
                              build/usrMain.o (puts)
/usr/lib/gcc/arm-none-eabi/4.9.3/../../../arm-none-eabi/lib/armv7-m/libc_nano.a(lib_a-wbuf.o)
                              /usr/lib/gcc/arm-none-eabi/4.9.3/../../../arm-none-eabi/lib/armv7-m/libc_nano.a(lib_a-puts.o) (__swbuf_r)
/usr/lib/gcc/arm-none-eabi/4.9.3/../../../arm-none-eabi/lib/armv7-m/libc_nano.a(lib_a-wsetup.o)
                              /usr/lib/gcc/arm-none-eabi/4.9.3/../../../arm-none-eabi/lib/armv7-m/libc_nano.a(lib_a-puts.o) (__swsetup_r)
/usr/lib/gcc/arm-none-eabi/4.9.3/../../../arm-none-eabi/lib/armv7-m/libc_nano.a(lib_a-__atexit.o)
                              /usr/lib/gcc/arm-none-eabi/4.9.3/../../../arm-none-eabi/lib/armv7-m/libc_nano.a(lib_a-atexit.o) (__register_exitproc)
/usr/lib/gcc/arm-none-eabi/4.9.3/../../../arm-none-eabi/lib/armv7-m/libc_nano.a(lib_a-__call_atexit.o)
                              /usr/lib/gcc/arm-none-eabi/4.9.3/../../../arm-none-eabi/lib/armv7-m/libc_nano.a(lib_a-__atexit.o) (__call_exitprocs)
/usr/lib/gcc/arm-none-eabi/4.9.3/../../../arm-none-eabi/lib/armv7-m/libc_nano.a(lib_a-fflush.o)
                              /usr/lib/gcc/arm-none-eabi/4.9.3/../../../arm-none-eabi/lib/armv7-m/libc_nano.a(lib_a-wbuf.o) (_fflush_r)
/usr/lib/gcc/arm-none-eabi/4.9.3/../../../arm-none-eabi/lib/armv7-m/libc_nano.a(lib_a-findfp.o)
                              /usr/lib/gcc/arm-none-eabi/4.9.3/../../../arm-none-eabi/lib/armv7-m/libc_nano.a(lib_a-printf.o) (__sinit)
/usr/lib/gcc/arm-none-eabi/4.9.3/../../../arm-none-eabi/lib/armv7-m/libc_nano.a(lib_a-fwalk.o)
                              /usr/lib/gcc/arm-none-eabi/4.9.3/../../../arm-none-eabi/lib/armv7-m/libc_nano.a(lib_a-findfp.o) (_fwalk)
/usr/lib/gcc/arm-none-eabi/4.9.3/../../../arm-none-eabi/lib/armv7-m/libc_nano.a(lib_a-makebuf.o)
                              /usr/lib/gcc/arm-none-eabi/4.9.3/../../../arm-none-eabi/lib/armv7-m/libc_nano.a(lib_a-wsetup.o) (__smakebuf_r)
/usr/lib/gcc/arm-none-eabi/4.9.3/../../../arm-none-eabi/lib/armv7-m/libc_nano.a(lib_a-nano-freer.o)
                              /usr/lib/gcc/arm-none-eabi/4.9.3/../../../arm-none-eabi/lib/armv7-m/libc_nano.a(lib_a-wsetup.o) (_free_r)
/usr/lib/gcc/arm-none-eabi/4.9.3/../../../arm-none-eabi/lib/armv7-m/libc_nano.a(lib_a-nano-mallocr.o)
                              /usr/lib/gcc/arm-none-eabi/4.9.3/../../../arm-none-eabi/lib/armv7-m/libc_nano.a(lib_a-findfp.o) (_malloc_r)
/usr/lib/gcc/arm-none-eabi/4.9.3/../../../arm-none-eabi/lib/armv7-m/libc_nano.a(lib_a-nano-vfprintf.o)
                              /usr/lib/gcc/arm-none-eabi/4.9.3/../../../arm-none-eabi/lib/armv7-m/libc_nano.a(lib_a-printf.o) (_vfprintf_r)
/usr/lib/gcc/arm-none-eabi/4.9.3/../../../arm-none-eabi/lib/armv7-m/libc_nano.a(lib_a-nano-vfprintf_i.o)
                              /usr/lib/gcc/arm-none-eabi/4.9.3/../../../arm-none-eabi/lib/armv7-m/libc_nano.a(lib_a-nano-vfprintf.o) (_printf_i)
/usr/lib/gcc/arm-none-eabi/4.9.3/../../../arm-none-eabi/lib/armv7-m/libc_nano.a(lib_a-sbrkr.o)
                              /usr/lib/gcc/arm-none-eabi/4.9.3/../../../arm-none-eabi/lib/armv7-m/libc_nano.a(lib_a-nano-mallocr.o) (_sbrk_r)
/usr/lib/gcc/arm-none-eabi/4.9.3/../../../arm-none-eabi/lib/armv7-m/libc_nano.a(lib_a-stdio.o)
                              /usr/lib/gcc/arm-none-eabi/4.9.3/../../../arm-none-eabi/lib/armv7-m/libc_nano.a(lib_a-findfp.o) (__sread)
[...]
Memory Configuration

Name             Origin             Length             Attributes
RAM              0x0000000020000000 0x0000000000010000 xrw
FLASH            0x0000000008000000 0x0000000000020000 xr
*default*        0x0000000000000000 0xffffffffffffffff

Linker script and memory map

LOAD /usr/lib/gcc/arm-none-eabi/4.9.3/armv7-m/crti.o
LOAD /usr/lib/gcc/arm-none-eabi/4.9.3/armv7-m/crtbegin.o
LOAD /usr/lib/gcc/arm-none-eabi/4.9.3/../../../arm-none-eabi/lib/armv7-m/crt0.o
LOAD build/main.o
LOAD build/stm32f1xx_it.o
LOAD build/stm32f1xx_hal_msp.o
LOAD build/stm32f1xx_hal_gpio_ex.o
LOAD build/stm32f1xx_hal_can.o
LOAD build/stm32f1xx_hal_i2c.o
LOAD build/stm32f1xx_hal_tim.o
LOAD build/stm32f1xx_hal_tim_ex.o
LOAD build/stm32f1xx_hal_uart.o
LOAD build/stm32f1xx_hal.o
LOAD build/stm32f1xx_hal_rcc.o
LOAD build/stm32f1xx_hal_rcc_ex.o
LOAD build/stm32f1xx_hal_gpio.o
LOAD build/stm32f1xx_hal_dma.o
LOAD build/stm32f1xx_hal_cortex.o
LOAD build/stm32f1xx_hal_pwr.o
LOAD build/stm32f1xx_hal_flash.o
LOAD build/stm32f1xx_hal_flash_ex.o
LOAD build/system_stm32f1xx.o
LOAD build/can.o
LOAD build/canteros.o
LOAD build/handles.o
LOAD build/globals.o
LOAD build/usrMain.o
LOAD build/bno055.o
LOAD build/startup_stm32f105xc.o
LOAD /usr/lib/gcc/arm-none-eabi/4.9.3/../../../arm-none-eabi/lib/armv7-m/libc_nano.a
LOAD /usr/lib/gcc/arm-none-eabi/4.9.3/../../../arm-none-eabi/lib/armv7-m/libm.a
LOAD /usr/lib/gcc/arm-none-eabi/4.9.3/../../../arm-none-eabi/lib/armv7-m/libnosys.a
START GROUP
LOAD /usr/lib/gcc/arm-none-eabi/4.9.3/armv7-m/libgcc.a
LOAD /usr/lib/gcc/arm-none-eabi/4.9.3/../../../arm-none-eabi/lib/armv7-m/libc_nano.a
END GROUP
START GROUP
LOAD /usr/lib/gcc/arm-none-eabi/4.9.3/armv7-m/libgcc.a
LOAD /usr/lib/gcc/arm-none-eabi/4.9.3/../../../arm-none-eabi/lib/armv7-m/libc_nano.a
END GROUP
LOAD /usr/lib/gcc/arm-none-eabi/4.9.3/armv7-m/crtend.o
LOAD /usr/lib/gcc/arm-none-eabi/4.9.3/armv7-m/crtn.o
                0x0000000020010000                _estack = 0x20010000
                0x0000000000000200                _Min_Heap_Size = 0x200
                0x0000000000000400                _Min_Stack_Size = 0x400

.isr_vector     0x0000000008000000      0x1e4
                0x0000000008000000                . = ALIGN (0x4)
 *(.isr_vector)
 .isr_vector    0x0000000008000000      0x1e4 build/startup_stm32f105xc.o
                0x0000000008000000                g_pfnVectors
                0x00000000080001e4                . = ALIGN (0x4)

.text           0x00000000080001e4     0x53e8
                0x00000000080001e4                . = ALIGN (0x4)
 *(.text)
 .text          0x00000000080001e4       0xa4 /usr/lib/gcc/arm-none-eabi/4.9.3/armv7-m/crtbegin.o
 .text          0x0000000008000288      0x370 /usr/lib/gcc/arm-none-eabi/4.9.3/armv7-m/libgcc.a(_arm_addsubdf3.o)
                0x0000000008000288                __aeabi_drsub
                0x0000000008000290                __aeabi_dsub
                0x0000000008000290                __subdf3
                0x0000000008000294                __adddf3
                0x0000000008000294                __aeabi_dadd
                0x000000000800050c                __aeabi_ui2d
                0x000000000800050c                __floatunsidf
                0x000000000800052c                __floatsidf
                0x000000000800052c                __aeabi_i2d
                0x0000000008000550                __extendsfdf2
                0x0000000008000550                __aeabi_f2d
                0x000000000800058c                __aeabi_ul2d
                0x000000000800058c                __floatundidf
                0x000000000800059c                __floatdidf
                0x000000000800059c                __aeabi_l2d
 .text          0x00000000080005f8      0x424 /usr/lib/gcc/arm-none-eabi/4.9.3/armv7-m/libgcc.a(_arm_muldivdf3.o)
                0x00000000080005f8                __aeabi_dmul
                0x00000000080005f8                __muldf3
                0x000000000800084c                __aeabi_ddiv
                0x000000000800084c                __divdf3
 .text          0x0000000008000a1c       0x50 /usr/lib/gcc/arm-none-eabi/4.9.3/armv7-m/libgcc.a(_arm_fixdfsi.o)
                0x0000000008000a1c                __fixdfsi
                0x0000000008000a1c                __aeabi_d2iz
 *(.text*)
 .text.SystemClock_Config
                0x0000000008000a6c       0x80 build/main.o
                0x0000000008000a6c                SystemClock_Config
 .text.startup.main
                0x0000000008000aec      0x13c build/main.o
                0x0000000008000aec                main
 .text._Error_Handler
                0x0000000008000c28        0x4 build/main.o
                0x0000000008000c28                _Error_Handler
 .text.NMI_Handler
                0x0000000008000c2c        0x4 build/stm32f1xx_it.o
                0x0000000008000c2c                NMI_Handler
 .text.HardFault_Handler
                0x0000000008000c30        0x4 build/stm32f1xx_it.o
                0x0000000008000c30                HardFault_Handler
 .text.MemManage_Handler
                0x0000000008000c34        0x4 build/stm32f1xx_it.o
                0x0000000008000c34                MemManage_Handler
 .text.BusFault_Handler
                0x0000000008000c38        0x4 build/stm32f1xx_it.o
                0x0000000008000c38                BusFault_Handler
 .text.UsageFault_Handler
                0x0000000008000c3c        0x4 build/stm32f1xx_it.o
                0x0000000008000c3c                UsageFault_Handler
 .text.SVC_Handler
                0x0000000008000c40        0x4 build/stm32f1xx_it.o
                0x0000000008000c40                SVC_Handler
 .text.DebugMon_Handler
                0x0000000008000c44        0x4 build/stm32f1xx_it.o
                0x0000000008000c44                DebugMon_Handler
 .text.PendSV_Handler
                0x0000000008000c48        0x4 build/stm32f1xx_it.o
                0x0000000008000c48                PendSV_Handler
 .text.SysTick_Handler
                0x0000000008000c4c       0x10 build/stm32f1xx_it.o
                0x0000000008000c4c                SysTick_Handler
 .text.CAN1_TX_IRQHandler
                0x0000000008000c5c        0xc build/stm32f1xx_it.o
                0x0000000008000c5c                CAN1_TX_IRQHandler
 .text.CAN1_RX0_IRQHandler
                0x0000000008000c68        0xc build/stm32f1xx_it.o
                0x0000000008000c68                CAN1_RX0_IRQHandler
 .text.CAN1_RX1_IRQHandler
                0x0000000008000c74        0xc build/stm32f1xx_it.o
                0x0000000008000c74                CAN1_RX1_IRQHandler
 .text.CAN1_SCE_IRQHandler
                0x0000000008000c80        0xc build/stm32f1xx_it.o
                0x0000000008000c80                CAN1_SCE_IRQHandler
 .text.I2C1_EV_IRQHandler
                0x0000000008000c8c        0xc build/stm32f1xx_it.o
                0x0000000008000c8c                I2C1_EV_IRQHandler
 .text.HAL_MspInit
                0x0000000008000c98       0x94 build/stm32f1xx_hal_msp.o
                0x0000000008000c98                HAL_MspInit
 .text.HAL_CAN_MspInit
                0x0000000008000d2c       0x9c build/stm32f1xx_hal_msp.o
                0x0000000008000d2c                HAL_CAN_MspInit
 .text.HAL_I2C_MspInit
                0x0000000008000dc8       0x58 build/stm32f1xx_hal_msp.o
                0x0000000008000dc8                HAL_I2C_MspInit
 .text.HAL_UART_MspInit
                0x0000000008000e20       0x5c build/stm32f1xx_hal_msp.o
                0x0000000008000e20                HAL_UART_MspInit
 .text.HAL_CAN_ConfigFilter
                0x0000000008000e7c       0xe4 build/stm32f1xx_hal_can.o
                0x0000000008000e7c                HAL_CAN_ConfigFilter
 .text.HAL_CAN_Init
                0x0000000008000f60      0x12c build/stm32f1xx_hal_can.o
                0x0000000008000f60                HAL_CAN_Init
 .text.HAL_CAN_Transmit_IT
                0x000000000800108c      0x130 build/stm32f1xx_hal_can.o
                0x000000000800108c                HAL_CAN_Transmit_IT
 .text.HAL_CAN_Receive_IT
                0x00000000080011bc      0x11c build/stm32f1xx_hal_can.o
                0x00000000080011bc                HAL_CAN_Receive_IT
 .text.CAN_Receive_IT
                0x00000000080012d8      0x184 build/stm32f1xx_hal_can.o
 .text.HAL_CAN_IRQHandler
                0x000000000800145c      0x210 build/stm32f1xx_hal_can.o
                0x000000000800145c                HAL_CAN_IRQHandler
 .text.I2C_WaitOnMasterAddressFlagUntilTimeout
                0x000000000800166c       0x88 build/stm32f1xx_hal_i2c.o
 .text.I2C_WaitOnFlagUntilTimeout
                0x00000000080016f4       0x60 build/stm32f1xx_hal_i2c.o
 .text.I2C_WaitOnTXEFlagUntilTimeout
                0x0000000008001754       0x60 build/stm32f1xx_hal_i2c.o
 .text.I2C_RequestMemoryWrite
                0x00000000080017b4       0xb8 build/stm32f1xx_hal_i2c.o
 .text.I2C_RequestMemoryRead
                0x000000000800186c      0x100 build/stm32f1xx_hal_i2c.o
 .text.I2C_WaitOnBTFFlagUntilTimeout
                0x000000000800196c       0x60 build/stm32f1xx_hal_i2c.o
 .text.I2C_WaitOnRXNEFlagUntilTimeout
                0x00000000080019cc       0x58 build/stm32f1xx_hal_i2c.o
 .text.HAL_I2C_Init
                0x0000000008001a24       0xec build/stm32f1xx_hal_i2c.o
                0x0000000008001a24                HAL_I2C_Init
 .text.HAL_I2C_Mem_Write
                0x0000000008001b10      0x13c build/stm32f1xx_hal_i2c.o
                0x0000000008001b10                HAL_I2C_Mem_Write
 .text.HAL_I2C_Mem_Read
                0x0000000008001c4c      0x290 build/stm32f1xx_hal_i2c.o
                0x0000000008001c4c                HAL_I2C_Mem_Read
 .text.HAL_I2C_MasterTxCpltCallback
                0x0000000008001edc        0x4 build/stm32f1xx_hal_i2c.o
                0x0000000008001edc                HAL_I2C_MasterTxCpltCallback
 .text.HAL_I2C_MasterRxCpltCallback
                0x0000000008001ee0        0x4 build/stm32f1xx_hal_i2c.o
                0x0000000008001ee0                HAL_I2C_MasterRxCpltCallback
 .text.HAL_I2C_SlaveTxCpltCallback
                0x0000000008001ee4        0x4 build/stm32f1xx_hal_i2c.o
                0x0000000008001ee4                HAL_I2C_SlaveTxCpltCallback
 .text.HAL_I2C_SlaveRxCpltCallback
                0x0000000008001ee8        0x4 build/stm32f1xx_hal_i2c.o
                0x0000000008001ee8                HAL_I2C_SlaveRxCpltCallback
 .text.HAL_I2C_AddrCallback
                0x0000000008001eec        0x4 build/stm32f1xx_hal_i2c.o
                0x0000000008001eec                HAL_I2C_AddrCallback
 .text.HAL_I2C_ListenCpltCallback
                0x0000000008001ef0        0x4 build/stm32f1xx_hal_i2c.o
                0x0000000008001ef0                HAL_I2C_ListenCpltCallback
 .text.HAL_I2C_MemTxCpltCallback
                0x0000000008001ef4        0x4 build/stm32f1xx_hal_i2c.o
                0x0000000008001ef4                HAL_I2C_MemTxCpltCallback
 .text.HAL_I2C_MemRxCpltCallback
                0x0000000008001ef8        0x4 build/stm32f1xx_hal_i2c.o
                0x0000000008001ef8                HAL_I2C_MemRxCpltCallback
 .text.HAL_I2C_ErrorCallback
                0x0000000008001efc        0x4 build/stm32f1xx_hal_i2c.o
                0x0000000008001efc                HAL_I2C_ErrorCallback
 .text.HAL_I2C_AbortCpltCallback
                0x0000000008001f00        0x4 build/stm32f1xx_hal_i2c.o
                0x0000000008001f00                HAL_I2C_AbortCpltCallback
 .text.I2C_ITError
                0x0000000008001f04      0x140 build/stm32f1xx_hal_i2c.o
 .text.HAL_I2C_EV_IRQHandler
                0x0000000008002044      0x7c0 build/stm32f1xx_hal_i2c.o
                0x0000000008002044                HAL_I2C_EV_IRQHandler
 .text.I2C_DMAAbort
                0x0000000008002804       0x4c build/stm32f1xx_hal_i2c.o
 .text.UART_SetConfig
                0x0000000008002850      0x1a4 build/stm32f1xx_hal_uart.o
 .text.UART_WaitOnFlagUntilTimeout.constprop.2
                0x00000000080029f4       0x50 build/stm32f1xx_hal_uart.o
 .text.HAL_UART_Init
                0x0000000008002a44       0x60 build/stm32f1xx_hal_uart.o
                0x0000000008002a44                HAL_UART_Init
 .text.HAL_UART_Transmit
                0x0000000008002aa4       0xc4 build/stm32f1xx_hal_uart.o
                0x0000000008002aa4                HAL_UART_Transmit
 .text.HAL_InitTick
                0x0000000008002b68       0x2c build/stm32f1xx_hal.o
                0x0000000008002b68                HAL_InitTick
 .text.HAL_Init
                0x0000000008002b94       0x24 build/stm32f1xx_hal.o
                0x0000000008002b94                HAL_Init
 .text.HAL_IncTick
                0x0000000008002bb8       0x10 build/stm32f1xx_hal.o
                0x0000000008002bb8                HAL_IncTick
 .text.HAL_GetTick
                0x0000000008002bc8        0xc build/stm32f1xx_hal.o
                0x0000000008002bc8                HAL_GetTick
 .text.HAL_Delay
                0x0000000008002bd4       0x24 build/stm32f1xx_hal.o
                0x0000000008002bd4                HAL_Delay
 .text.HAL_RCC_OscConfig
                0x0000000008002bf8      0x4b8 build/stm32f1xx_hal_rcc.o
                0x0000000008002bf8                HAL_RCC_OscConfig
 .text.HAL_RCC_GetSysClockFreq
                0x00000000080030b0       0xb4 build/stm32f1xx_hal_rcc.o
                0x00000000080030b0                HAL_RCC_GetSysClockFreq
 .text.HAL_RCC_ClockConfig
                0x0000000008003164      0x148 build/stm32f1xx_hal_rcc.o
                0x0000000008003164                HAL_RCC_ClockConfig
 .text.HAL_RCC_GetHCLKFreq
                0x00000000080032ac        0xc build/stm32f1xx_hal_rcc.o
                0x00000000080032ac                HAL_RCC_GetHCLKFreq
 .text.HAL_RCC_GetPCLK1Freq
                0x00000000080032b8       0x20 build/stm32f1xx_hal_rcc.o
                0x00000000080032b8                HAL_RCC_GetPCLK1Freq
 .text.HAL_RCC_GetPCLK2Freq
                0x00000000080032d8       0x20 build/stm32f1xx_hal_rcc.o
                0x00000000080032d8                HAL_RCC_GetPCLK2Freq
 .text.HAL_GPIO_Init
                0x00000000080032f8      0x1d8 build/stm32f1xx_hal_gpio.o
                0x00000000080032f8                HAL_GPIO_Init
 .text.HAL_GPIO_WritePin
                0x00000000080034d0        0x8 build/stm32f1xx_hal_gpio.o
                0x00000000080034d0                HAL_GPIO_WritePin
 .text.HAL_DMA_Abort_IT
                0x00000000080034d8       0xe0 build/stm32f1xx_hal_dma.o
                0x00000000080034d8                HAL_DMA_Abort_IT
 .text.HAL_NVIC_SetPriorityGrouping
                0x00000000080035b8       0x24 build/stm32f1xx_hal_cortex.o
                0x00000000080035b8                HAL_NVIC_SetPriorityGrouping
 .text.HAL_NVIC_SetPriority
                0x00000000080035dc       0x6c build/stm32f1xx_hal_cortex.o
                0x00000000080035dc                HAL_NVIC_SetPriority
 .text.HAL_NVIC_EnableIRQ
                0x0000000008003648       0x18 build/stm32f1xx_hal_cortex.o
                0x0000000008003648                HAL_NVIC_EnableIRQ
 .text.HAL_NVIC_DisableIRQ
                0x0000000008003660       0x18 build/stm32f1xx_hal_cortex.o
                0x0000000008003660                HAL_NVIC_DisableIRQ
 .text.HAL_SYSTICK_Config
                0x0000000008003678       0x30 build/stm32f1xx_hal_cortex.o
                0x0000000008003678                HAL_SYSTICK_Config
 .text.HAL_SYSTICK_CLKSourceConfig
                0x00000000080036a8       0x18 build/stm32f1xx_hal_cortex.o
                0x00000000080036a8                HAL_SYSTICK_CLKSourceConfig
 .text.HAL_SYSTICK_Callback
                0x00000000080036c0        0x4 build/stm32f1xx_hal_cortex.o
                0x00000000080036c0                HAL_SYSTICK_Callback
 .text.HAL_SYSTICK_IRQHandler
                0x00000000080036c4        0x8 build/stm32f1xx_hal_cortex.o
                0x00000000080036c4                HAL_SYSTICK_IRQHandler
 .text.SystemInit
                0x00000000080036cc       0x5c build/system_stm32f1xx.o
                0x00000000080036cc                SystemInit
 .text.HAL_CAN_TxCpltCallback
                0x0000000008003728        0x4 build/can.o
                0x0000000008003728                HAL_CAN_TxCpltCallback
 .text.HAL_CAN_RxCpltCallback
                0x000000000800372c       0x80 build/can.o
                0x000000000800372c                HAL_CAN_RxCpltCallback
 .text.HAL_CAN_ErrorCallback
                0x00000000080037ac       0x24 build/can.o
                0x00000000080037ac                HAL_CAN_ErrorCallback
 .text.configCanAddresses
                0x00000000080037d0       0x14 build/can.o
                0x00000000080037d0                configCanAddresses
 .text.canInit  0x00000000080037e4      0x1bc build/can.o
                0x00000000080037e4                canInit
 .text.canSendMessage
                0x00000000080039a0       0x60 build/can.o
                0x00000000080039a0                canSendMessage
 .text.canCheckInbox
                0x0000000008003a00       0x4c build/can.o
                0x0000000008003a00                canCheckInbox
 .text.canGetNew
                0x0000000008003a4c       0xb0 build/can.o
                0x0000000008003a4c                canGetNew
 .text.configCanteros
                0x0000000008003afc       0x44 build/canteros.o
                0x0000000008003afc                configCanteros
 .text.canterosInit
                0x0000000008003b40       0x10 build/canteros.o
                0x0000000008003b40                canterosInit
 .text.canterosSendMessage
                0x0000000008003b50       0x54 build/canteros.o
                0x0000000008003b50                canterosSendMessage
 .text.canterosProcess
                0x0000000008003ba4      0x17c build/canteros.o
                0x0000000008003ba4                canterosProcess
 .text.canterosCheckInbox
                0x0000000008003d20       0x28 build/canteros.o
                0x0000000008003d20                canterosCheckInbox
 .text.canterosGetNew
                0x0000000008003d48       0x58 build/canteros.o
                0x0000000008003d48                canterosGetNew
 .text.led      0x0000000008003da0       0x40 build/globals.o
                0x0000000008003da0                led
 .text.BNO055_I2C_bus_write
                0x0000000008003de0       0x24 build/usrMain.o
                0x0000000008003de0                BNO055_I2C_bus_write
 .text.BNO055_I2C_bus_read
                0x0000000008003e04       0x24 build/usrMain.o
                0x0000000008003e04                BNO055_I2C_bus_read
 .text.BNO055_delay_msek
                0x0000000008003e28        0x4 build/usrMain.o
                0x0000000008003e28                BNO055_delay_msek
 .text._write   0x0000000008003e2c       0x18 build/usrMain.o
                0x0000000008003e2c                _write
 .text.usrMain  0x0000000008003e44      0x270 build/usrMain.o
                0x0000000008003e44                usrMain
 .text.bno055_init
                0x00000000080040b4       0xf4 build/bno055.o
                0x00000000080040b4                bno055_init
 .text.bno055_write_page_id
                0x00000000080041a8       0x54 build/bno055.o
                0x00000000080041a8                bno055_write_page_id
 .text.bno055_read_accel_xyz
                0x00000000080041fc       0x84 build/bno055.o
                0x00000000080041fc                bno055_read_accel_xyz
 .text.bno055_read_euler_hrp
                0x0000000008004280       0x84 build/bno055.o
                0x0000000008004280                bno055_read_euler_hrp
 .text.bno055_get_euler_unit
                0x0000000008004304       0x54 build/bno055.o
                0x0000000008004304                bno055_get_euler_unit
 .text.bno055_get_operation_mode
                0x0000000008004358       0x54 build/bno055.o
                0x0000000008004358                bno055_get_operation_mode
 .text.bno055_set_operation_mode
                0x00000000080043ac      0x100 build/bno055.o
                0x00000000080043ac                bno055_set_operation_mode
 .text.bno055_set_euler_unit
                0x00000000080044ac       0x98 build/bno055.o
                0x00000000080044ac                bno055_set_euler_unit
 .text.bno055_convert_double_euler_hpr_deg
                0x0000000008004544       0x8c build/bno055.o
                0x0000000008004544                bno055_convert_double_euler_hpr_deg
 .text.bno055_set_power_mode
                0x00000000080045d0       0x98 build/bno055.o
                0x00000000080045d0                bno055_set_power_mode
 .text.Reset_Handler
                0x0000000008004668       0x44 build/startup_stm32f105xc.o
                0x0000000008004668                Reset_Handler
 .text.Default_Handler
                0x00000000080046ac        0x2 build/startup_stm32f105xc.o
                0x00000000080046ac                RTC_Alarm_IRQHandler
                0x00000000080046ac                EXTI2_IRQHandler
                0x00000000080046ac                TIM1_CC_IRQHandler
                0x00000000080046ac                TIM6_IRQHandler
                0x00000000080046ac                PVD_IRQHandler
                0x00000000080046ac                CAN2_RX1_IRQHandler
                0x00000000080046ac                EXTI3_IRQHandler
                0x00000000080046ac                EXTI0_IRQHandler
                0x00000000080046ac                I2C2_EV_IRQHandler
                0x00000000080046ac                CAN2_SCE_IRQHandler
                0x00000000080046ac                ADC1_2_IRQHandler
                0x00000000080046ac                SPI1_IRQHandler
                0x00000000080046ac                TAMPER_IRQHandler
                0x00000000080046ac                CAN2_RX0_IRQHandler
                0x00000000080046ac                DMA2_Channel2_IRQHandler
                0x00000000080046ac                DMA1_Channel4_IRQHandler
                0x00000000080046ac                USART3_IRQHandler
                0x00000000080046ac                RTC_IRQHandler
                0x00000000080046ac                DMA1_Channel7_IRQHandler
                0x00000000080046ac                UART5_IRQHandler
                0x00000000080046ac                TIM4_IRQHandler
                0x00000000080046ac                DMA2_Channel1_IRQHandler
                0x00000000080046ac                DMA1_Channel6_IRQHandler
                0x00000000080046ac                UART4_IRQHandler
                0x00000000080046ac                DMA2_Channel4_IRQHandler
                0x00000000080046ac                TIM3_IRQHandler
                0x00000000080046ac                RCC_IRQHandler
                0x00000000080046ac                TIM1_TRG_COM_IRQHandler
                0x00000000080046ac                DMA1_Channel1_IRQHandler
                0x00000000080046ac                Default_Handler
                0x00000000080046ac                EXTI15_10_IRQHandler
                0x00000000080046ac                TIM7_IRQHandler
                0x00000000080046ac                CAN2_TX_IRQHandler
                0x00000000080046ac                TIM5_IRQHandler
                0x00000000080046ac                EXTI9_5_IRQHandler
                0x00000000080046ac                SPI2_IRQHandler
                0x00000000080046ac                DMA2_Channel5_IRQHandler
                0x00000000080046ac                DMA1_Channel5_IRQHandler
                0x00000000080046ac                EXTI4_IRQHandler
                0x00000000080046ac                DMA1_Channel3_IRQHandler
                0x00000000080046ac                TIM1_UP_IRQHandler
                0x00000000080046ac                WWDG_IRQHandler
                0x00000000080046ac                TIM2_IRQHandler
                0x00000000080046ac                OTG_FS_WKUP_IRQHandler
                0x00000000080046ac                TIM1_BRK_IRQHandler
                0x00000000080046ac                EXTI1_IRQHandler
                0x00000000080046ac                USART2_IRQHandler
                0x00000000080046ac                I2C2_ER_IRQHandler
                0x00000000080046ac                DMA1_Channel2_IRQHandler
                0x00000000080046ac                FLASH_IRQHandler
                0x00000000080046ac                USART1_IRQHandler
                0x00000000080046ac                OTG_FS_IRQHandler
                0x00000000080046ac                SPI3_IRQHandler
                0x00000000080046ac                I2C1_ER_IRQHandler
                0x00000000080046ac                DMA2_Channel3_IRQHandler
 .text.memset   0x00000000080046ae       0x10 /usr/lib/gcc/arm-none-eabi/4.9.3/../../../arm-none-eabi/lib/armv7-m/libc_nano.a(lib_a-memset.o)
                0x00000000080046ae                memset
 *fill*         0x00000000080046be        0x2 
 .text.printf   0x00000000080046c0       0x30 /usr/lib/gcc/arm-none-eabi/4.9.3/../../../arm-none-eabi/lib/armv7-m/libc_nano.a(lib_a-printf.o)
                0x00000000080046c0                printf
                0x00000000080046c0                iprintf
 .text._puts_r  0x00000000080046f0       0xf0 /usr/lib/gcc/arm-none-eabi/4.9.3/../../../arm-none-eabi/lib/armv7-m/libc_nano.a(lib_a-puts.o)
                0x00000000080046f0                _puts_r
 .text.puts     0x00000000080047e0       0x10 /usr/lib/gcc/arm-none-eabi/4.9.3/../../../arm-none-eabi/lib/armv7-m/libc_nano.a(lib_a-puts.o)
                0x00000000080047e0                puts
 .text.__swbuf_r
                0x00000000080047f0       0xa8 /usr/lib/gcc/arm-none-eabi/4.9.3/../../../arm-none-eabi/lib/armv7-m/libc_nano.a(lib_a-wbuf.o)
                0x00000000080047f0                __swbuf_r
 .text.__swsetup_r
                0x0000000008004898       0xd8 /usr/lib/gcc/arm-none-eabi/4.9.3/../../../arm-none-eabi/lib/armv7-m/libc_nano.a(lib_a-wsetup.o)
                0x0000000008004898                __swsetup_r
 .text.__sflush_r
                0x0000000008004970      0x106 /usr/lib/gcc/arm-none-eabi/4.9.3/../../../arm-none-eabi/lib/armv7-m/libc_nano.a(lib_a-fflush.o)
                0x0000000008004970                __sflush_r
 *fill*         0x0000000008004a76        0x2 
 .text._fflush_r
                0x0000000008004a78       0x54 /usr/lib/gcc/arm-none-eabi/4.9.3/../../../arm-none-eabi/lib/armv7-m/libc_nano.a(lib_a-fflush.o)
                0x0000000008004a78                _fflush_r
 .text._cleanup_r
                0x0000000008004acc        0xc /usr/lib/gcc/arm-none-eabi/4.9.3/../../../arm-none-eabi/lib/armv7-m/libc_nano.a(lib_a-findfp.o)
                0x0000000008004acc                _cleanup_r
 .text.std.isra.0
                0x0000000008004ad8       0x48 /usr/lib/gcc/arm-none-eabi/4.9.3/../../../arm-none-eabi/lib/armv7-m/libc_nano.a(lib_a-findfp.o)
 .text.__sfmoreglue
                0x0000000008004b20       0x2c /usr/lib/gcc/arm-none-eabi/4.9.3/../../../arm-none-eabi/lib/armv7-m/libc_nano.a(lib_a-findfp.o)
                0x0000000008004b20                __sfmoreglue
 .text.__sinit  0x0000000008004b4c       0x60 /usr/lib/gcc/arm-none-eabi/4.9.3/../../../arm-none-eabi/lib/armv7-m/libc_nano.a(lib_a-findfp.o)
                0x0000000008004b4c                __sinit
 .text.__sfp    0x0000000008004bac       0x74 /usr/lib/gcc/arm-none-eabi/4.9.3/../../../arm-none-eabi/lib/armv7-m/libc_nano.a(lib_a-findfp.o)
                0x0000000008004bac                __sfp
 .text._fwalk_reent
                0x0000000008004c20       0x3c /usr/lib/gcc/arm-none-eabi/4.9.3/../../../arm-none-eabi/lib/armv7-m/libc_nano.a(lib_a-fwalk.o)
                0x0000000008004c20                _fwalk_reent
 .text.__smakebuf_r
                0x0000000008004c5c       0x98 /usr/lib/gcc/arm-none-eabi/4.9.3/../../../arm-none-eabi/lib/armv7-m/libc_nano.a(lib_a-makebuf.o)
                0x0000000008004c5c                __smakebuf_r
 .text._free_r  0x0000000008004cf4       0x88 /usr/lib/gcc/arm-none-eabi/4.9.3/../../../arm-none-eabi/lib/armv7-m/libc_nano.a(lib_a-nano-freer.o)
                0x0000000008004cf4                _free_r
 .text._malloc_r
                0x0000000008004d7c       0xac /usr/lib/gcc/arm-none-eabi/4.9.3/../../../arm-none-eabi/lib/armv7-m/libc_nano.a(lib_a-nano-mallocr.o)
                0x0000000008004d7c                _malloc_r
 .text.__sfputc_r
                0x0000000008004e28       0x2c /usr/lib/gcc/arm-none-eabi/4.9.3/../../../arm-none-eabi/lib/armv7-m/libc_nano.a(lib_a-nano-vfprintf.o)
 .text.__sfputs_r
                0x0000000008004e54       0x24 /usr/lib/gcc/arm-none-eabi/4.9.3/../../../arm-none-eabi/lib/armv7-m/libc_nano.a(lib_a-nano-vfprintf.o)
                0x0000000008004e54                __sfputs_r
 .text._vfprintf_r
                0x0000000008004e78      0x210 /usr/lib/gcc/arm-none-eabi/4.9.3/../../../arm-none-eabi/lib/armv7-m/libc_nano.a(lib_a-nano-vfprintf.o)
                0x0000000008004e78                _vfiprintf_r
                0x0000000008004e78                _vfprintf_r
 .text._printf_common
                0x0000000008005088       0xea /usr/lib/gcc/arm-none-eabi/4.9.3/../../../arm-none-eabi/lib/armv7-m/libc_nano.a(lib_a-nano-vfprintf_i.o)
                0x0000000008005088                _printf_common
 *fill*         0x0000000008005172        0x2 
 .text._printf_i
                0x0000000008005174      0x240 /usr/lib/gcc/arm-none-eabi/4.9.3/../../../arm-none-eabi/lib/armv7-m/libc_nano.a(lib_a-nano-vfprintf_i.o)
                0x0000000008005174                _printf_i
 .text._sbrk_r  0x00000000080053b4       0x20 /usr/lib/gcc/arm-none-eabi/4.9.3/../../../arm-none-eabi/lib/armv7-m/libc_nano.a(lib_a-sbrkr.o)
                0x00000000080053b4                _sbrk_r
 .text.__sread  0x00000000080053d4       0x22 /usr/lib/gcc/arm-none-eabi/4.9.3/../../../arm-none-eabi/lib/armv7-m/libc_nano.a(lib_a-stdio.o)
                0x00000000080053d4                __sread
 .text.__swrite
                0x00000000080053f6       0x38 /usr/lib/gcc/arm-none-eabi/4.9.3/../../../arm-none-eabi/lib/armv7-m/libc_nano.a(lib_a-stdio.o)
                0x00000000080053f6                __swrite
 .text.__sseek  0x000000000800542e       0x24 /usr/lib/gcc/arm-none-eabi/4.9.3/../../../arm-none-eabi/lib/armv7-m/libc_nano.a(lib_a-stdio.o)
                0x000000000800542e                __sseek
 .text.__sclose
                0x0000000008005452        0x8 /usr/lib/gcc/arm-none-eabi/4.9.3/../../../arm-none-eabi/lib/armv7-m/libc_nano.a(lib_a-stdio.o)
                0x0000000008005452                __sclose
 *fill*         0x000000000800545a        0x2 
 .text._write_r
                0x000000000800545c       0x24 /usr/lib/gcc/arm-none-eabi/4.9.3/../../../arm-none-eabi/lib/armv7-m/libc_nano.a(lib_a-writer.o)
                0x000000000800545c                _write_r
 .text._close_r
                0x0000000008005480       0x20 /usr/lib/gcc/arm-none-eabi/4.9.3/../../../arm-none-eabi/lib/armv7-m/libc_nano.a(lib_a-closer.o)
                0x0000000008005480                _close_r
 .text._fstat_r
                0x00000000080054a0       0x24 /usr/lib/gcc/arm-none-eabi/4.9.3/../../../arm-none-eabi/lib/armv7-m/libc_nano.a(lib_a-fstatr.o)
                0x00000000080054a0                _fstat_r
 .text._isatty_r
                0x00000000080054c4       0x20 /usr/lib/gcc/arm-none-eabi/4.9.3/../../../arm-none-eabi/lib/armv7-m/libc_nano.a(lib_a-isattyr.o)
                0x00000000080054c4                _isatty_r
 .text._lseek_r
                0x00000000080054e4       0x24 /usr/lib/gcc/arm-none-eabi/4.9.3/../../../arm-none-eabi/lib/armv7-m/libc_nano.a(lib_a-lseekr.o)
                0x00000000080054e4                _lseek_r
 .text.memchr   0x0000000008005508       0x1c /usr/lib/gcc/arm-none-eabi/4.9.3/../../../arm-none-eabi/lib/armv7-m/libc_nano.a(lib_a-memchr.o)
                0x0000000008005508                memchr
 .text._read_r  0x0000000008005524       0x24 /usr/lib/gcc/arm-none-eabi/4.9.3/../../../arm-none-eabi/lib/armv7-m/libc_nano.a(lib_a-readr.o)
                0x0000000008005524                _read_r
 .text._close   0x0000000008005548       0x10 /usr/lib/gcc/arm-none-eabi/4.9.3/../../../arm-none-eabi/lib/armv7-m/libnosys.a(close.o)
                0x0000000008005548                _close
 .text._fstat   0x0000000008005558       0x10 /usr/lib/gcc/arm-none-eabi/4.9.3/../../../arm-none-eabi/lib/armv7-m/libnosys.a(fstat.o)
                0x0000000008005558                _fstat
 .text._isatty  0x0000000008005568       0x10 /usr/lib/gcc/arm-none-eabi/4.9.3/../../../arm-none-eabi/lib/armv7-m/libnosys.a(isatty.o)
                0x0000000008005568                _isatty
 .text._lseek   0x0000000008005578       0x10 /usr/lib/gcc/arm-none-eabi/4.9.3/../../../arm-none-eabi/lib/armv7-m/libnosys.a(lseek.o)
                0x0000000008005578                _lseek
 .text._read    0x0000000008005588       0x10 /usr/lib/gcc/arm-none-eabi/4.9.3/../../../arm-none-eabi/lib/armv7-m/libnosys.a(read.o)
                0x0000000008005588                _read
 .text._sbrk    0x0000000008005598       0x1c /usr/lib/gcc/arm-none-eabi/4.9.3/../../../arm-none-eabi/lib/armv7-m/libnosys.a(sbrk.o)
                0x0000000008005598                _sbrk
 *(.glue_7)
 .glue_7        0x00000000080055b4        0x0 linker stubs
 *(.glue_7t)
 .glue_7t       0x00000000080055b4        0x0 linker stubs
 *(.eh_frame)
 .eh_frame      0x00000000080055b4        0x0 /usr/lib/gcc/arm-none-eabi/4.9.3/armv7-m/crtbegin.o
 *(.init)
 .init          0x00000000080055b4        0x4 /usr/lib/gcc/arm-none-eabi/4.9.3/armv7-m/crti.o
                0x00000000080055b4                _init
 .init          0x00000000080055b8        0x8 /usr/lib/gcc/arm-none-eabi/4.9.3/armv7-m/crtn.o
 *(.fini)
 .fini          0x00000000080055c0        0x4 /usr/lib/gcc/arm-none-eabi/4.9.3/armv7-m/crti.o
                0x00000000080055c0                _fini
 .fini          0x00000000080055c4        0x8 /usr/lib/gcc/arm-none-eabi/4.9.3/armv7-m/crtn.o
                0x00000000080055cc                . = ALIGN (0x4)
                0x00000000080055cc                _etext = .

.vfp11_veneer   0x00000000080055cc        0x0
 .vfp11_veneer  0x00000000080055cc        0x0 linker stubs

.v4_bx          0x00000000080055cc        0x0
 .v4_bx         0x00000000080055cc        0x0 linker stubs

.iplt           0x00000000080055cc        0x0
 .iplt          0x00000000080055cc        0x0 /usr/lib/gcc/arm-none-eabi/4.9.3/armv7-m/crtbegin.o

.rodata         0x00000000080055cc      0x158
                0x00000000080055cc                . = ALIGN (0x4)
 *(.rodata)
 .rodata        0x00000000080055cc       0x20 build/stm32f1xx_hal_rcc.o
 *(.rodata*)
 .rodata.AHBPrescTable
                0x00000000080055ec       0x10 build/system_stm32f1xx.o
                0x00000000080055ec                AHBPrescTable
 .rodata.APBPrescTable
                0x00000000080055fc        0x8 build/system_stm32f1xx.o
                0x00000000080055fc                APBPrescTable
 .rodata.str1.4
                0x0000000008005604        0xa build/can.o
 *fill*         0x000000000800560e        0x2 
 .rodata.myAddresses
                0x0000000008005610        0x2 build/usrMain.o
 *fill*         0x0000000008005612        0x2 
 .rodata.str1.4
                0x0000000008005614       0x74 build/usrMain.o
                                         0x72 (size before relaxing)
 .rodata.handledHeaders
                0x0000000008005688        0x1 build/usrMain.o
 .rodata.str1.1
                0x0000000008005689        0x2 /usr/lib/gcc/arm-none-eabi/4.9.3/../../../arm-none-eabi/lib/armv7-m/libc_nano.a(lib_a-impure.o)
 *fill*         0x000000000800568b        0x1 
 .rodata._global_impure_ptr
                0x000000000800568c        0x4 /usr/lib/gcc/arm-none-eabi/4.9.3/../../../arm-none-eabi/lib/armv7-m/libc_nano.a(lib_a-impure.o)
                0x000000000800568c                _global_impure_ptr
 .rodata.__sf_fake_stdin
                0x0000000008005690       0x20 /usr/lib/gcc/arm-none-eabi/4.9.3/../../../arm-none-eabi/lib/armv7-m/libc_nano.a(lib_a-findfp.o)
                0x0000000008005690                __sf_fake_stdin
 .rodata.__sf_fake_stdout
                0x00000000080056b0       0x20 /usr/lib/gcc/arm-none-eabi/4.9.3/../../../arm-none-eabi/lib/armv7-m/libc_nano.a(lib_a-findfp.o)
                0x00000000080056b0                __sf_fake_stdout
 .rodata.__sf_fake_stderr
                0x00000000080056d0       0x20 /usr/lib/gcc/arm-none-eabi/4.9.3/../../../arm-none-eabi/lib/armv7-m/libc_nano.a(lib_a-findfp.o)
                0x00000000080056d0                __sf_fake_stderr
 .rodata.str1.1
                0x00000000080056f0       0x11 /usr/lib/gcc/arm-none-eabi/4.9.3/../../../arm-none-eabi/lib/armv7-m/libc_nano.a(lib_a-nano-vfprintf.o)
 .rodata.str1.1
                0x0000000008005701       0x22 /usr/lib/gcc/arm-none-eabi/4.9.3/../../../arm-none-eabi/lib/armv7-m/libc_nano.a(lib_a-nano-vfprintf_i.o)
                0x0000000008005724                . = ALIGN (0x4)
 *fill*         0x0000000008005723        0x1 

.rel.dyn        0x0000000008005724        0x0
 .rel.iplt      0x0000000008005724        0x0 /usr/lib/gcc/arm-none-eabi/4.9.3/armv7-m/crtbegin.o

.ARM.extab
 *(.ARM.extab* .gnu.linkonce.armextab.*)

.ARM            0x0000000008005724        0x0
                0x0000000008005724                __exidx_start = .
 *(.ARM.exidx*)
                0x0000000008005724                __exidx_end = .

.preinit_array  0x0000000008005724        0x0
                0x0000000008005724                PROVIDE (__preinit_array_start, .)
 *(.preinit_array*)
                0x0000000008005724                PROVIDE (__preinit_array_end, .)

.init_array     0x0000000008005724        0x4
                0x0000000008005724                PROVIDE (__init_array_start, .)
 *(SORT(.init_array.*))
 *(.init_array*)
 .init_array    0x0000000008005724        0x4 /usr/lib/gcc/arm-none-eabi/4.9.3/armv7-m/crtbegin.o
                0x0000000008005728                PROVIDE (__init_array_end, .)

.fini_array     0x0000000008005728        0x4
                0x0000000008005728                PROVIDE (__fini_array_start, .)
 *(SORT(.fini_array.*))
 *(.fini_array*)
 .fini_array    0x0000000008005728        0x4 /usr/lib/gcc/arm-none-eabi/4.9.3/armv7-m/crtbegin.o
                0x000000000800572c                PROVIDE (__fini_array_end, .)
                0x000000000800572c                _sidata = LOADADDR (.data)

.data           0x0000000020000000       0x6c load address 0x000000000800572c
                0x0000000020000000                . = ALIGN (0x4)
                0x0000000020000000                _sdata = .
 *(.data)
 *(.data*)
 .data.SystemCoreClock
                0x0000000020000000        0x4 build/system_stm32f1xx.o
                0x0000000020000000                SystemCoreClock
 .data.sendPeriodMs
                0x0000000020000004        0x4 build/usrMain.o
 .data.impure_data
                0x0000000020000008       0x60 /usr/lib/gcc/arm-none-eabi/4.9.3/../../../arm-none-eabi/lib/armv7-m/libc_nano.a(lib_a-impure.o)
 .data._impure_ptr
                0x0000000020000068        0x4 /usr/lib/gcc/arm-none-eabi/4.9.3/../../../arm-none-eabi/lib/armv7-m/libc_nano.a(lib_a-impure.o)
                0x0000000020000068                _impure_ptr
                0x000000002000006c                . = ALIGN (0x4)
                0x000000002000006c                _edata = .

.jcr            0x000000002000006c        0x0 load address 0x0000000008005798
 .jcr           0x000000002000006c        0x0 /usr/lib/gcc/arm-none-eabi/4.9.3/armv7-m/crtbegin.o

.tm_clone_table
                0x000000002000006c        0x0 load address 0x0000000008005798
 .tm_clone_table
                0x000000002000006c        0x0 /usr/lib/gcc/arm-none-eabi/4.9.3/armv7-m/crtbegin.o
 .tm_clone_table
                0x000000002000006c        0x0 /usr/lib/gcc/arm-none-eabi/4.9.3/armv7-m/crtend.o

.igot.plt       0x000000002000006c        0x0 load address 0x0000000008005798
 .igot.plt      0x000000002000006c        0x0 /usr/lib/gcc/arm-none-eabi/4.9.3/armv7-m/crtbegin.o
                0x000000002000006c                . = ALIGN (0x4)

.bss            0x000000002000006c      0x408 load address 0x0000000008005798
                0x000000002000006c                _sbss = .
                0x000000002000006c                __bss_start__ = _sbss
 *(.bss)
 .bss           0x000000002000006c       0x1c /usr/lib/gcc/arm-none-eabi/4.9.3/armv7-m/crtbegin.o
 *(.bss*)
 .bss.rxMessage1.7033
                0x0000000020000088       0x24 build/can.o
 .bss.rxMessage2.7034
                0x00000000200000ac       0x24 build/can.o
 .bss.txMessage1.7031
                0x00000000200000d0       0x1c build/can.o
 .bss.txMessage2.7032
                0x00000000200000ec       0x1c build/can.o
 .bss.myAddresses
                0x0000000020000108        0x4 build/can.o
 .bss.ADDRESSES_SIZE
                0x000000002000010c        0x1 build/can.o
 *fill*         0x000000002000010d        0x3 
 .bss.lastCanError
                0x0000000020000110        0x4 build/can.o
                0x0000000020000110                lastCanError
 .bss.queue1    0x0000000020000114       0xc2 build/can.o
 *fill*         0x00000000200001d6        0x2 
 .bss.queue2    0x00000000200001d8       0xc2 build/can.o
 *fill*         0x000000002000029a        0x2 
 .bss.lastNodeStatusMs.7042
                0x000000002000029c        0x4 build/canteros.o
 .bss.PRIMARY_ADDRESS
                0x00000000200002a0        0x2 build/canteros.o
 *fill*         0x00000000200002a2        0x2 
 .bss.queue     0x00000000200002a4       0xa2 build/canteros.o
 *fill*         0x0000000020000346        0x2 
 .bss.handledHeaders
                0x0000000020000348        0x4 build/canteros.o
 .bss.myAddresses
                0x000000002000034c        0x4 build/canteros.o
 .bss.ADDRESSES_SIZE
                0x0000000020000350        0x1 build/canteros.o
 .bss.HEADERS_SIZE
                0x0000000020000351        0x1 build/canteros.o
 *fill*         0x0000000020000352        0x2 
 .bss.p_bno055  0x0000000020000354        0x4 build/bno055.o
 .bss.__malloc_sbrk_start
                0x0000000020000358        0x4 /usr/lib/gcc/arm-none-eabi/4.9.3/../../../arm-none-eabi/lib/armv7-m/libc_nano.a(lib_a-nano-mallocr.o)
                0x0000000020000358                __malloc_sbrk_start
 .bss.__malloc_free_list
                0x000000002000035c        0x4 /usr/lib/gcc/arm-none-eabi/4.9.3/../../../arm-none-eabi/lib/armv7-m/libc_nano.a(lib_a-nano-mallocr.o)
                0x000000002000035c                __malloc_free_list
 .bss.heap_end.4079
                0x0000000020000360        0x4 /usr/lib/gcc/arm-none-eabi/4.9.3/../../../arm-none-eabi/lib/armv7-m/libnosys.a(sbrk.o)
 *(COMMON)
 COMMON         0x0000000020000364       0xe0 build/main.o
                0x0000000020000364                hi2c1
                0x00000000200003b8                i2c1Handle
                0x00000000200003bc                huart1
                0x00000000200003fc                uart1Handle
                0x0000000020000400                hcan1
 COMMON         0x0000000020000444        0x4 build/stm32f1xx_hal.o
                0x0000000020000444                uwTick
 COMMON         0x0000000020000448        0x8 build/canteros.o
                0x0000000020000448                sendingNodeStatus
 COMMON         0x0000000020000450        0x8 build/globals.o
                0x0000000020000450                can2Handle
                0x0000000020000454                can1Handle
 COMMON         0x0000000020000458       0x18 build/usrMain.o
                0x0000000020000458                bno055
 COMMON         0x0000000020000470        0x4 /usr/lib/gcc/arm-none-eabi/4.9.3/../../../arm-none-eabi/lib/armv7-m/libc_nano.a(lib_a-reent.o)
                0x0000000020000470                errno
                0x0000000020000474                . = ALIGN (0x4)
                0x0000000020000474                _ebss = .
                0x0000000020000474                __bss_end__ = _ebss

._user_heap_stack
                0x0000000020000474      0x604 load address 0x0000000008005798
                0x0000000020000478                . = ALIGN (0x8)
 *fill*         0x0000000020000474        0x4 
                0x0000000020000478                PROVIDE (end, .)
                [!provide]                        PROVIDE (_end, .)
                0x0000000020000678                . = (. + _Min_Heap_Size)
 *fill*         0x0000000020000478      0x200 
                0x0000000020000a78                . = (. + _Min_Stack_Size)
 *fill*         0x0000000020000678      0x400 
                0x0000000020000a78                . = ALIGN (0x8)

/DISCARD/
 libc.a(*)
 libm.a(*)
 libgcc.a(*)

.ARM.attributes
                0x0000000000000000       0x29
 *(.ARM.attributes)
 .ARM.attributes
                0x0000000000000000       0x1d /usr/lib/gcc/arm-none-eabi/4.9.3/armv7-m/crti.o
 .ARM.attributes
                0x000000000000001d       0x2d /usr/lib/gcc/arm-none-eabi/4.9.3/armv7-m/crtbegin.o
 .ARM.attributes
                0x000000000000004a       0x33 build/main.o
 .ARM.attributes
                0x000000000000007d       0x33 build/stm32f1xx_it.o
 .ARM.attributes
                0x00000000000000b0       0x33 build/stm32f1xx_hal_msp.o
 .ARM.attributes
                0x00000000000000e3       0x33 build/stm32f1xx_hal_can.o
 .ARM.attributes
                0x0000000000000116       0x33 build/stm32f1xx_hal_i2c.o
 .ARM.attributes
                0x0000000000000149       0x33 build/stm32f1xx_hal_uart.o
 .ARM.attributes
                0x000000000000017c       0x33 build/stm32f1xx_hal.o
 .ARM.attributes
                0x00000000000001af       0x33 build/stm32f1xx_hal_rcc.o
 .ARM.attributes
                0x00000000000001e2       0x33 build/stm32f1xx_hal_gpio.o
 .ARM.attributes
                0x0000000000000215       0x33 build/stm32f1xx_hal_dma.o
 .ARM.attributes
                0x0000000000000248       0x33 build/stm32f1xx_hal_cortex.o
 .ARM.attributes
                0x000000000000027b       0x33 build/system_stm32f1xx.o
 .ARM.attributes
                0x00000000000002ae       0x33 build/can.o
 .ARM.attributes
                0x00000000000002e1       0x33 build/canteros.o
 .ARM.attributes
                0x0000000000000314       0x33 build/globals.o
 .ARM.attributes
                0x0000000000000347       0x33 build/usrMain.o
 .ARM.attributes
                0x000000000000037a       0x33 build/bno055.o
 .ARM.attributes
                0x00000000000003ad       0x21 build/startup_stm32f105xc.o
 .ARM.attributes
                0x00000000000003ce       0x2d /usr/lib/gcc/arm-none-eabi/4.9.3/../../../arm-none-eabi/lib/armv7-m/libc_nano.a(lib_a-impure.o)
 .ARM.attributes
                0x00000000000003fb       0x2d /usr/lib/gcc/arm-none-eabi/4.9.3/../../../arm-none-eabi/lib/armv7-m/libc_nano.a(lib_a-memset.o)
 .ARM.attributes
                0x0000000000000428       0x2d /usr/lib/gcc/arm-none-eabi/4.9.3/../../../arm-none-eabi/lib/armv7-m/libc_nano.a(lib_a-printf.o)
 .ARM.attributes
                0x0000000000000455       0x2d /usr/lib/gcc/arm-none-eabi/4.9.3/../../../arm-none-eabi/lib/armv7-m/libc_nano.a(lib_a-puts.o)
 .ARM.attributes
                0x0000000000000482       0x2d /usr/lib/gcc/arm-none-eabi/4.9.3/../../../arm-none-eabi/lib/armv7-m/libc_nano.a(lib_a-wbuf.o)
 .ARM.attributes
                0x00000000000004af       0x2d /usr/lib/gcc/arm-none-eabi/4.9.3/../../../arm-none-eabi/lib/armv7-m/libc_nano.a(lib_a-wsetup.o)
 .ARM.attributes
                0x00000000000004dc       0x2d /usr/lib/gcc/arm-none-eabi/4.9.3/../../../arm-none-eabi/lib/armv7-m/libc_nano.a(lib_a-fflush.o)
 .ARM.attributes
                0x0000000000000509       0x2d /usr/lib/gcc/arm-none-eabi/4.9.3/../../../arm-none-eabi/lib/armv7-m/libc_nano.a(lib_a-findfp.o)
 .ARM.attributes
                0x0000000000000536       0x2d /usr/lib/gcc/arm-none-eabi/4.9.3/../../../arm-none-eabi/lib/armv7-m/libc_nano.a(lib_a-fwalk.o)
 .ARM.attributes
                0x0000000000000563       0x2d /usr/lib/gcc/arm-none-eabi/4.9.3/../../../arm-none-eabi/lib/armv7-m/libc_nano.a(lib_a-makebuf.o)
 .ARM.attributes
                0x0000000000000590       0x2d /usr/lib/gcc/arm-none-eabi/4.9.3/../../../arm-none-eabi/lib/armv7-m/libc_nano.a(lib_a-nano-freer.o)
 .ARM.attributes
                0x00000000000005bd       0x2d /usr/lib/gcc/arm-none-eabi/4.9.3/../../../arm-none-eabi/lib/armv7-m/libc_nano.a(lib_a-nano-mallocr.o)
 .ARM.attributes
                0x00000000000005ea       0x2d /usr/lib/gcc/arm-none-eabi/4.9.3/../../../arm-none-eabi/lib/armv7-m/libc_nano.a(lib_a-nano-vfprintf.o)
 .ARM.attributes
                0x0000000000000617       0x2d /usr/lib/gcc/arm-none-eabi/4.9.3/../../../arm-none-eabi/lib/armv7-m/libc_nano.a(lib_a-nano-vfprintf_i.o)
 .ARM.attributes
                0x0000000000000644       0x2d /usr/lib/gcc/arm-none-eabi/4.9.3/../../../arm-none-eabi/lib/armv7-m/libc_nano.a(lib_a-sbrkr.o)
 .ARM.attributes
                0x0000000000000671       0x2d /usr/lib/gcc/arm-none-eabi/4.9.3/../../../arm-none-eabi/lib/armv7-m/libc_nano.a(lib_a-stdio.o)
 .ARM.attributes
                0x000000000000069e       0x2d /usr/lib/gcc/arm-none-eabi/4.9.3/../../../arm-none-eabi/lib/armv7-m/libc_nano.a(lib_a-writer.o)
 .ARM.attributes
                0x00000000000006cb       0x2d /usr/lib/gcc/arm-none-eabi/4.9.3/../../../arm-none-eabi/lib/armv7-m/libc_nano.a(lib_a-closer.o)
 .ARM.attributes
                0x00000000000006f8       0x2d /usr/lib/gcc/arm-none-eabi/4.9.3/../../../arm-none-eabi/lib/armv7-m/libc_nano.a(lib_a-fstatr.o)
 .ARM.attributes
                0x0000000000000725       0x2d /usr/lib/gcc/arm-none-eabi/4.9.3/../../../arm-none-eabi/lib/armv7-m/libc_nano.a(lib_a-isattyr.o)
 .ARM.attributes
                0x0000000000000752       0x2d /usr/lib/gcc/arm-none-eabi/4.9.3/../../../arm-none-eabi/lib/armv7-m/libc_nano.a(lib_a-lseekr.o)
 .ARM.attributes
                0x000000000000077f       0x2d /usr/lib/gcc/arm-none-eabi/4.9.3/../../../arm-none-eabi/lib/armv7-m/libc_nano.a(lib_a-memchr.o)
 .ARM.attributes
                0x00000000000007ac       0x2d /usr/lib/gcc/arm-none-eabi/4.9.3/../../../arm-none-eabi/lib/armv7-m/libc_nano.a(lib_a-readr.o)
 .ARM.attributes
                0x00000000000007d9       0x2d /usr/lib/gcc/arm-none-eabi/4.9.3/../../../arm-none-eabi/lib/armv7-m/libc_nano.a(lib_a-reent.o)
 .ARM.attributes
                0x0000000000000806       0x2d /usr/lib/gcc/arm-none-eabi/4.9.3/../../../arm-none-eabi/lib/armv7-m/libnosys.a(close.o)
 .ARM.attributes
                0x0000000000000833       0x2d /usr/lib/gcc/arm-none-eabi/4.9.3/../../../arm-none-eabi/lib/armv7-m/libnosys.a(fstat.o)
 .ARM.attributes
                0x0000000000000860       0x2d /usr/lib/gcc/arm-none-eabi/4.9.3/../../../arm-none-eabi/lib/armv7-m/libnosys.a(isatty.o)
 .ARM.attributes
                0x000000000000088d       0x2d /usr/lib/gcc/arm-none-eabi/4.9.3/../../../arm-none-eabi/lib/armv7-m/libnosys.a(lseek.o)
 .ARM.attributes
                0x00000000000008ba       0x2d /usr/lib/gcc/arm-none-eabi/4.9.3/../../../arm-none-eabi/lib/armv7-m/libnosys.a(read.o)
 .ARM.attributes
                0x00000000000008e7       0x2d /usr/lib/gcc/arm-none-eabi/4.9.3/../../../arm-none-eabi/lib/armv7-m/libnosys.a(sbrk.o)
 .ARM.attributes
                0x0000000000000914       0x1d /usr/lib/gcc/arm-none-eabi/4.9.3/armv7-m/libgcc.a(_arm_addsubdf3.o)
 .ARM.attributes
                0x0000000000000931       0x1d /usr/lib/gcc/arm-none-eabi/4.9.3/armv7-m/libgcc.a(_arm_muldivdf3.o)
 .ARM.attributes
                0x000000000000094e       0x1d /usr/lib/gcc/arm-none-eabi/4.9.3/armv7-m/libgcc.a(_arm_fixdfsi.o)
 .ARM.attributes
                0x000000000000096b       0x2d /usr/lib/gcc/arm-none-eabi/4.9.3/armv7-m/crtend.o
 .ARM.attributes
                0x0000000000000998       0x1d /usr/lib/gcc/arm-none-eabi/4.9.3/armv7-m/crtn.o
OUTPUT(build/ahrsBoard.elf elf32-littlearm)

.comment        0x0000000000000000       0x70
 .comment       0x0000000000000000       0x38 /usr/lib/gcc/arm-none-eabi/4.9.3/armv7-m/crtbegin.o
                                         0x39 (size before relaxing)
 .comment       0x0000000000000038       0x39 build/main.o
 .comment       0x0000000000000038       0x39 build/stm32f1xx_it.o
 .comment       0x0000000000000038       0x39 build/stm32f1xx_hal_msp.o
 .comment       0x0000000000000038       0x39 build/stm32f1xx_hal_can.o
 .comment       0x0000000000000038       0x39 build/stm32f1xx_hal_i2c.o
 .comment       0x0000000000000038       0x39 build/stm32f1xx_hal_uart.o
 .comment       0x0000000000000038       0x39 build/stm32f1xx_hal.o
 .comment       0x0000000000000038       0x39 build/stm32f1xx_hal_rcc.o
 .comment       0x0000000000000038       0x39 build/stm32f1xx_hal_gpio.o
 .comment       0x0000000000000038       0x39 build/stm32f1xx_hal_dma.o
 .comment       0x0000000000000038       0x39 build/stm32f1xx_hal_cortex.o
 .comment       0x0000000000000038       0x39 build/system_stm32f1xx.o
 .comment       0x0000000000000038       0x39 build/can.o
 .comment       0x0000000000000038       0x39 build/canteros.o
 .comment       0x0000000000000038       0x39 build/globals.o
 .comment       0x0000000000000038       0x39 build/usrMain.o
 .comment       0x0000000000000038       0x39 build/bno055.o
 .comment       0x0000000000000038       0x38 /usr/lib/gcc/arm-none-eabi/4.9.3/../../../arm-none-eabi/lib/armv7-m/libc_nano.a(lib_a-impure.o)
                                         0x39 (size before relaxing)
 .comment       0x0000000000000070       0x39 /usr/lib/gcc/arm-none-eabi/4.9.3/../../../arm-none-eabi/lib/armv7-m/libc_nano.a(lib_a-memset.o)
 .comment       0x0000000000000070       0x39 /usr/lib/gcc/arm-none-eabi/4.9.3/../../../arm-none-eabi/lib/armv7-m/libc_nano.a(lib_a-printf.o)
 .comment       0x0000000000000070       0x39 /usr/lib/gcc/arm-none-eabi/4.9.3/../../../arm-none-eabi/lib/armv7-m/libc_nano.a(lib_a-puts.o)
 .comment       0x0000000000000070       0x39 /usr/lib/gcc/arm-none-eabi/4.9.3/../../../arm-none-eabi/lib/armv7-m/libc_nano.a(lib_a-wbuf.o)
 .comment       0x0000000000000070       0x39 /usr/lib/gcc/arm-none-eabi/4.9.3/../../../arm-none-eabi/lib/armv7-m/libc_nano.a(lib_a-wsetup.o)
 .comment       0x0000000000000070       0x39 /usr/lib/gcc/arm-none-eabi/4.9.3/../../../arm-none-eabi/lib/armv7-m/libc_nano.a(lib_a-fflush.o)
 .comment       0x0000000000000070       0x39 /usr/lib/gcc/arm-none-eabi/4.9.3/../../../arm-none-eabi/lib/armv7-m/libc_nano.a(lib_a-findfp.o)
 .comment       0x0000000000000070       0x39 /usr/lib/gcc/arm-none-eabi/4.9.3/../../../arm-none-eabi/lib/armv7-m/libc_nano.a(lib_a-fwalk.o)
 .comment       0x0000000000000070       0x39 /usr/lib/gcc/arm-none-eabi/4.9.3/../../../arm-none-eabi/lib/armv7-m/libc_nano.a(lib_a-makebuf.o)
 .comment       0x0000000000000070       0x39 /usr/lib/gcc/arm-none-eabi/4.9.3/../../../arm-none-eabi/lib/armv7-m/libc_nano.a(lib_a-nano-freer.o)
 .comment       0x0000000000000070       0x39 /usr/lib/gcc/arm-none-eabi/4.9.3/../../../arm-none-eabi/lib/armv7-m/libc_nano.a(lib_a-nano-mallocr.o)
 .comment       0x0000000000000070       0x39 /usr/lib/gcc/arm-none-eabi/4.9.3/../../../arm-none-eabi/lib/armv7-m/libc_nano.a(lib_a-nano-vfprintf.o)
 .comment       0x0000000000000070       0x39 /usr/lib/gcc/arm-none-eabi/4.9.3/../../../arm-none-eabi/lib/armv7-m/libc_nano.a(lib_a-nano-vfprintf_i.o)
 .comment       0x0000000000000070       0x39 /usr/lib/gcc/arm-none-eabi/4.9.3/../../../arm-none-eabi/lib/armv7-m/libc_nano.a(lib_a-sbrkr.o)
 .comment       0x0000000000000070       0x39 /usr/lib/gcc/arm-none-eabi/4.9.3/../../../arm-none-eabi/lib/armv7-m/libc_nano.a(lib_a-stdio.o)
 .comment       0x0000000000000070       0x39 /usr/lib/gcc/arm-none-eabi/4.9.3/../../../arm-none-eabi/lib/armv7-m/libc_nano.a(lib_a-writer.o)
 .comment       0x0000000000000070       0x39 /usr/lib/gcc/arm-none-eabi/4.9.3/../../../arm-none-eabi/lib/armv7-m/libc_nano.a(lib_a-closer.o)
 .comment       0x0000000000000070       0x39 /usr/lib/gcc/arm-none-eabi/4.9.3/../../../arm-none-eabi/lib/armv7-m/libc_nano.a(lib_a-fstatr.o)
 .comment       0x0000000000000070       0x39 /usr/lib/gcc/arm-none-eabi/4.9.3/../../../arm-none-eabi/lib/armv7-m/libc_nano.a(lib_a-isattyr.o)
 .comment       0x0000000000000070       0x39 /usr/lib/gcc/arm-none-eabi/4.9.3/../../../arm-none-eabi/lib/armv7-m/libc_nano.a(lib_a-lseekr.o)
 .comment       0x0000000000000070       0x39 /usr/lib/gcc/arm-none-eabi/4.9.3/../../../arm-none-eabi/lib/armv7-m/libc_nano.a(lib_a-memchr.o)
 .comment       0x0000000000000070       0x39 /usr/lib/gcc/arm-none-eabi/4.9.3/../../../arm-none-eabi/lib/armv7-m/libc_nano.a(lib_a-readr.o)
 .comment       0x0000000000000070       0x39 /usr/lib/gcc/arm-none-eabi/4.9.3/../../../arm-none-eabi/lib/armv7-m/libc_nano.a(lib_a-reent.o)
 .comment       0x0000000000000070       0x39 /usr/lib/gcc/arm-none-eabi/4.9.3/../../../arm-none-eabi/lib/armv7-m/libnosys.a(close.o)
 .comment       0x0000000000000070       0x39 /usr/lib/gcc/arm-none-eabi/4.9.3/../../../arm-none-eabi/lib/armv7-m/libnosys.a(fstat.o)
 .comment       0x0000000000000070       0x39 /usr/lib/gcc/arm-none-eabi/4.9.3/../../../arm-none-eabi/lib/armv7-m/libnosys.a(isatty.o)
 .comment       0x0000000000000070       0x39 /usr/lib/gcc/arm-none-eabi/4.9.3/../../../arm-none-eabi/lib/armv7-m/libnosys.a(lseek.o)
 .comment       0x0000000000000070       0x39 /usr/lib/gcc/arm-none-eabi/4.9.3/../../../arm-none-eabi/lib/armv7-m/libnosys.a(read.o)
 .comment       0x0000000000000070       0x39 /usr/lib/gcc/arm-none-eabi/4.9.3/../../../arm-none-eabi/lib/armv7-m/libnosys.a(sbrk.o)
 .comment       0x0000000000000070       0x39 /usr/lib/gcc/arm-none-eabi/4.9.3/armv7-m/crtend.o

.debug_info     0x0000000000000000    0x2a81a
 .debug_info    0x0000000000000000     0x1700 build/main.o
 .debug_info    0x0000000000001700      0xd27 build/stm32f1xx_it.o
 .debug_info    0x0000000000002427     0x1664 build/stm32f1xx_hal_msp.o
 .debug_info    0x0000000000003a8b      0xd8f build/stm32f1xx_hal_can.o
 .debug_info    0x000000000000481a     0x328b build/stm32f1xx_hal_i2c.o
 .debug_info    0x0000000000007aa5     0x1827 build/stm32f1xx_hal_uart.o
 .debug_info    0x00000000000092cc      0x7a5 build/stm32f1xx_hal.o
 .debug_info    0x0000000000009a71      0xb15 build/stm32f1xx_hal_rcc.o
 .debug_info    0x000000000000a586      0x687 build/stm32f1xx_hal_gpio.o
 .debug_info    0x000000000000ac0d      0x7fa build/stm32f1xx_hal_dma.o
 .debug_info    0x000000000000b407      0xd16 build/stm32f1xx_hal_cortex.o
 .debug_info    0x000000000000c11d      0x464 build/system_stm32f1xx.o
 .debug_info    0x000000000000c581     0x114f build/can.o
 .debug_info    0x000000000000d6d0      0xc30 build/canteros.o
 .debug_info    0x000000000000e300      0x8b6 build/globals.o
 .debug_info    0x000000000000ebb6     0x25d6 build/usrMain.o
 .debug_info    0x000000000001118c     0xc36c build/bno055.o
 .debug_info    0x000000000001d4f8       0x5b build/startup_stm32f105xc.o
 .debug_info    0x000000000001d553      0x7d3 /usr/lib/gcc/arm-none-eabi/4.9.3/../../../arm-none-eabi/lib/armv7-m/libc_nano.a(lib_a-impure.o)
 .debug_info    0x000000000001dd26       0xd3 /usr/lib/gcc/arm-none-eabi/4.9.3/../../../arm-none-eabi/lib/armv7-m/libc_nano.a(lib_a-memset.o)
 .debug_info    0x000000000001ddf9      0x895 /usr/lib/gcc/arm-none-eabi/4.9.3/../../../arm-none-eabi/lib/armv7-m/libc_nano.a(lib_a-printf.o)
 .debug_info    0x000000000001e68e      0x924 /usr/lib/gcc/arm-none-eabi/4.9.3/../../../arm-none-eabi/lib/armv7-m/libc_nano.a(lib_a-puts.o)
 .debug_info    0x000000000001efb2      0x916 /usr/lib/gcc/arm-none-eabi/4.9.3/../../../arm-none-eabi/lib/armv7-m/libc_nano.a(lib_a-wbuf.o)
 .debug_info    0x000000000001f8c8      0x881 /usr/lib/gcc/arm-none-eabi/4.9.3/../../../arm-none-eabi/lib/armv7-m/libc_nano.a(lib_a-wsetup.o)
 .debug_info    0x0000000000020149      0xa00 /usr/lib/gcc/arm-none-eabi/4.9.3/../../../arm-none-eabi/lib/armv7-m/libc_nano.a(lib_a-fflush.o)
 .debug_info    0x0000000000020b49      0xd5a /usr/lib/gcc/arm-none-eabi/4.9.3/../../../arm-none-eabi/lib/armv7-m/libc_nano.a(lib_a-findfp.o)
 .debug_info    0x00000000000218a3      0x846 /usr/lib/gcc/arm-none-eabi/4.9.3/../../../arm-none-eabi/lib/armv7-m/libc_nano.a(lib_a-fwalk.o)
 .debug_info    0x00000000000220e9      0x98c /usr/lib/gcc/arm-none-eabi/4.9.3/../../../arm-none-eabi/lib/armv7-m/libc_nano.a(lib_a-makebuf.o)
 .debug_info    0x0000000000022a75      0x81a /usr/lib/gcc/arm-none-eabi/4.9.3/../../../arm-none-eabi/lib/armv7-m/libc_nano.a(lib_a-nano-freer.o)
 .debug_info    0x000000000002328f      0x8fb /usr/lib/gcc/arm-none-eabi/4.9.3/../../../arm-none-eabi/lib/armv7-m/libc_nano.a(lib_a-nano-mallocr.o)
 .debug_info    0x0000000000023b8a      0xe05 /usr/lib/gcc/arm-none-eabi/4.9.3/../../../arm-none-eabi/lib/armv7-m/libc_nano.a(lib_a-nano-vfprintf.o)
 .debug_info    0x000000000002498f      0xb5b /usr/lib/gcc/arm-none-eabi/4.9.3/../../../arm-none-eabi/lib/armv7-m/libc_nano.a(lib_a-nano-vfprintf_i.o)
 .debug_info    0x00000000000254ea      0x7a0 /usr/lib/gcc/arm-none-eabi/4.9.3/../../../arm-none-eabi/lib/armv7-m/libc_nano.a(lib_a-sbrkr.o)
 .debug_info    0x0000000000025c8a      0xa36 /usr/lib/gcc/arm-none-eabi/4.9.3/../../../arm-none-eabi/lib/armv7-m/libc_nano.a(lib_a-stdio.o)
 .debug_info    0x00000000000266c0      0x7d5 /usr/lib/gcc/arm-none-eabi/4.9.3/../../../arm-none-eabi/lib/armv7-m/libc_nano.a(lib_a-writer.o)
 .debug_info    0x0000000000026e95      0x78c /usr/lib/gcc/arm-none-eabi/4.9.3/../../../arm-none-eabi/lib/armv7-m/libc_nano.a(lib_a-closer.o)
 .debug_info    0x0000000000027621      0x90a /usr/lib/gcc/arm-none-eabi/4.9.3/../../../arm-none-eabi/lib/armv7-m/libc_nano.a(lib_a-fstatr.o)
 .debug_info    0x0000000000027f2b      0x78c /usr/lib/gcc/arm-none-eabi/4.9.3/../../../arm-none-eabi/lib/armv7-m/libc_nano.a(lib_a-isattyr.o)
 .debug_info    0x00000000000286b7      0x7b8 /usr/lib/gcc/arm-none-eabi/4.9.3/../../../arm-none-eabi/lib/armv7-m/libc_nano.a(lib_a-lseekr.o)
 .debug_info    0x0000000000028e6f       0xf8 /usr/lib/gcc/arm-none-eabi/4.9.3/../../../arm-none-eabi/lib/armv7-m/libc_nano.a(lib_a-memchr.o)
 .debug_info    0x0000000000028f67      0x7ce /usr/lib/gcc/arm-none-eabi/4.9.3/../../../arm-none-eabi/lib/armv7-m/libc_nano.a(lib_a-readr.o)
 .debug_info    0x0000000000029735      0x8fb /usr/lib/gcc/arm-none-eabi/4.9.3/../../../arm-none-eabi/lib/armv7-m/libc_nano.a(lib_a-reent.o)
 .debug_info    0x000000000002a030       0xae /usr/lib/gcc/arm-none-eabi/4.9.3/../../../arm-none-eabi/lib/armv7-m/libnosys.a(close.o)
 .debug_info    0x000000000002a0de      0x22d /usr/lib/gcc/arm-none-eabi/4.9.3/../../../arm-none-eabi/lib/armv7-m/libnosys.a(fstat.o)
 .debug_info    0x000000000002a30b       0xae /usr/lib/gcc/arm-none-eabi/4.9.3/../../../arm-none-eabi/lib/armv7-m/libnosys.a(isatty.o)
 .debug_info    0x000000000002a3b9       0xca /usr/lib/gcc/arm-none-eabi/4.9.3/../../../arm-none-eabi/lib/armv7-m/libnosys.a(lseek.o)
 .debug_info    0x000000000002a483       0xd0 /usr/lib/gcc/arm-none-eabi/4.9.3/../../../arm-none-eabi/lib/armv7-m/libnosys.a(read.o)
 .debug_info    0x000000000002a553       0x99 /usr/lib/gcc/arm-none-eabi/4.9.3/../../../arm-none-eabi/lib/armv7-m/libnosys.a(sbrk.o)
 .debug_info    0x000000000002a5ec       0xba /usr/lib/gcc/arm-none-eabi/4.9.3/armv7-m/libgcc.a(_arm_addsubdf3.o)
 .debug_info    0x000000000002a6a6       0xba /usr/lib/gcc/arm-none-eabi/4.9.3/armv7-m/libgcc.a(_arm_muldivdf3.o)
 .debug_info    0x000000000002a760       0xba /usr/lib/gcc/arm-none-eabi/4.9.3/armv7-m/libgcc.a(_arm_fixdfsi.o)

.debug_abbrev   0x0000000000000000     0x587c
 .debug_abbrev  0x0000000000000000      0x2cc build/main.o
 .debug_abbrev  0x00000000000002cc      0x1b2 build/stm32f1xx_it.o
 .debug_abbrev  0x000000000000047e      0x1dc build/stm32f1xx_hal_msp.o
 .debug_abbrev  0x000000000000065a      0x264 build/stm32f1xx_hal_can.o
 .debug_abbrev  0x00000000000008be      0x373 build/stm32f1xx_hal_i2c.o
 .debug_abbrev  0x0000000000000c31      0x30b build/stm32f1xx_hal_uart.o
 .debug_abbrev  0x0000000000000f3c      0x225 build/stm32f1xx_hal.o
 .debug_abbrev  0x0000000000001161      0x2ee build/stm32f1xx_hal_rcc.o
 .debug_abbrev  0x000000000000144f      0x1fe build/stm32f1xx_hal_gpio.o
 .debug_abbrev  0x000000000000164d      0x236 build/stm32f1xx_hal_dma.o
 .debug_abbrev  0x0000000000001883      0x2d9 build/stm32f1xx_hal_cortex.o
 .debug_abbrev  0x0000000000001b5c      0x103 build/system_stm32f1xx.o
 .debug_abbrev  0x0000000000001c5f      0x377 build/can.o
 .debug_abbrev  0x0000000000001fd6      0x314 build/canteros.o
 .debug_abbrev  0x00000000000022ea      0x20b build/globals.o
 .debug_abbrev  0x00000000000024f5      0x3b1 build/usrMain.o
 .debug_abbrev  0x00000000000028a6      0x245 build/bno055.o
 .debug_abbrev  0x0000000000002aeb       0x12 build/startup_stm32f105xc.o
 .debug_abbrev  0x0000000000002afd      0x136 /usr/lib/gcc/arm-none-eabi/4.9.3/../../../arm-none-eabi/lib/armv7-m/libc_nano.a(lib_a-impure.o)
 .debug_abbrev  0x0000000000002c33       0x8e /usr/lib/gcc/arm-none-eabi/4.9.3/../../../arm-none-eabi/lib/armv7-m/libc_nano.a(lib_a-memset.o)
 .debug_abbrev  0x0000000000002cc1      0x1ec /usr/lib/gcc/arm-none-eabi/4.9.3/../../../arm-none-eabi/lib/armv7-m/libc_nano.a(lib_a-printf.o)
 .debug_abbrev  0x0000000000002ead      0x202 /usr/lib/gcc/arm-none-eabi/4.9.3/../../../arm-none-eabi/lib/armv7-m/libc_nano.a(lib_a-puts.o)
 .debug_abbrev  0x00000000000030af      0x1f7 /usr/lib/gcc/arm-none-eabi/4.9.3/../../../arm-none-eabi/lib/armv7-m/libc_nano.a(lib_a-wbuf.o)
 .debug_abbrev  0x00000000000032a6      0x1a5 /usr/lib/gcc/arm-none-eabi/4.9.3/../../../arm-none-eabi/lib/armv7-m/libc_nano.a(lib_a-wsetup.o)
 .debug_abbrev  0x000000000000344b      0x24e /usr/lib/gcc/arm-none-eabi/4.9.3/../../../arm-none-eabi/lib/armv7-m/libc_nano.a(lib_a-fflush.o)
 .debug_abbrev  0x0000000000003699      0x300 /usr/lib/gcc/arm-none-eabi/4.9.3/../../../arm-none-eabi/lib/armv7-m/libc_nano.a(lib_a-findfp.o)
 .debug_abbrev  0x0000000000003999      0x176 /usr/lib/gcc/arm-none-eabi/4.9.3/../../../arm-none-eabi/lib/armv7-m/libc_nano.a(lib_a-fwalk.o)
 .debug_abbrev  0x0000000000003b0f      0x1ab /usr/lib/gcc/arm-none-eabi/4.9.3/../../../arm-none-eabi/lib/armv7-m/libc_nano.a(lib_a-makebuf.o)
 .debug_abbrev  0x0000000000003cba      0x1b6 /usr/lib/gcc/arm-none-eabi/4.9.3/../../../arm-none-eabi/lib/armv7-m/libc_nano.a(lib_a-nano-freer.o)
 .debug_abbrev  0x0000000000003e70      0x250 /usr/lib/gcc/arm-none-eabi/4.9.3/../../../arm-none-eabi/lib/armv7-m/libc_nano.a(lib_a-nano-mallocr.o)
 .debug_abbrev  0x00000000000040c0      0x2a5 /usr/lib/gcc/arm-none-eabi/4.9.3/../../../arm-none-eabi/lib/armv7-m/libc_nano.a(lib_a-nano-vfprintf.o)
 .debug_abbrev  0x0000000000004365      0x1fb /usr/lib/gcc/arm-none-eabi/4.9.3/../../../arm-none-eabi/lib/armv7-m/libc_nano.a(lib_a-nano-vfprintf_i.o)
 .debug_abbrev  0x0000000000004560      0x1a2 /usr/lib/gcc/arm-none-eabi/4.9.3/../../../arm-none-eabi/lib/armv7-m/libc_nano.a(lib_a-sbrkr.o)
 .debug_abbrev  0x0000000000004702      0x1eb /usr/lib/gcc/arm-none-eabi/4.9.3/../../../arm-none-eabi/lib/armv7-m/libc_nano.a(lib_a-stdio.o)
 .debug_abbrev  0x00000000000048ed      0x199 /usr/lib/gcc/arm-none-eabi/4.9.3/../../../arm-none-eabi/lib/armv7-m/libc_nano.a(lib_a-writer.o)
 .debug_abbrev  0x0000000000004a86      0x194 /usr/lib/gcc/arm-none-eabi/4.9.3/../../../arm-none-eabi/lib/armv7-m/libc_nano.a(lib_a-closer.o)
 .debug_abbrev  0x0000000000004c1a      0x1a3 /usr/lib/gcc/arm-none-eabi/4.9.3/../../../arm-none-eabi/lib/armv7-m/libc_nano.a(lib_a-fstatr.o)
 .debug_abbrev  0x0000000000004dbd      0x194 /usr/lib/gcc/arm-none-eabi/4.9.3/../../../arm-none-eabi/lib/armv7-m/libc_nano.a(lib_a-isattyr.o)
 .debug_abbrev  0x0000000000004f51      0x1a3 /usr/lib/gcc/arm-none-eabi/4.9.3/../../../arm-none-eabi/lib/armv7-m/libc_nano.a(lib_a-lseekr.o)
 .debug_abbrev  0x00000000000050f4       0xab /usr/lib/gcc/arm-none-eabi/4.9.3/../../../arm-none-eabi/lib/armv7-m/libc_nano.a(lib_a-memchr.o)
 .debug_abbrev  0x000000000000519f      0x194 /usr/lib/gcc/arm-none-eabi/4.9.3/../../../arm-none-eabi/lib/armv7-m/libc_nano.a(lib_a-readr.o)
 .debug_abbrev  0x0000000000005333      0x1f2 /usr/lib/gcc/arm-none-eabi/4.9.3/../../../arm-none-eabi/lib/armv7-m/libc_nano.a(lib_a-reent.o)
 .debug_abbrev  0x0000000000005525       0x66 /usr/lib/gcc/arm-none-eabi/4.9.3/../../../arm-none-eabi/lib/armv7-m/libnosys.a(close.o)
 .debug_abbrev  0x000000000000558b       0xbb /usr/lib/gcc/arm-none-eabi/4.9.3/../../../arm-none-eabi/lib/armv7-m/libnosys.a(fstat.o)
 .debug_abbrev  0x0000000000005646       0x66 /usr/lib/gcc/arm-none-eabi/4.9.3/../../../arm-none-eabi/lib/armv7-m/libnosys.a(isatty.o)
 .debug_abbrev  0x00000000000056ac       0x84 /usr/lib/gcc/arm-none-eabi/4.9.3/../../../arm-none-eabi/lib/armv7-m/libnosys.a(lseek.o)
 .debug_abbrev  0x0000000000005730       0x8d /usr/lib/gcc/arm-none-eabi/4.9.3/../../../arm-none-eabi/lib/armv7-m/libnosys.a(read.o)
 .debug_abbrev  0x00000000000057bd       0x83 /usr/lib/gcc/arm-none-eabi/4.9.3/../../../arm-none-eabi/lib/armv7-m/libnosys.a(sbrk.o)
 .debug_abbrev  0x0000000000005840       0x14 /usr/lib/gcc/arm-none-eabi/4.9.3/armv7-m/libgcc.a(_arm_addsubdf3.o)
 .debug_abbrev  0x0000000000005854       0x14 /usr/lib/gcc/arm-none-eabi/4.9.3/armv7-m/libgcc.a(_arm_muldivdf3.o)
 .debug_abbrev  0x0000000000005868       0x14 /usr/lib/gcc/arm-none-eabi/4.9.3/armv7-m/libgcc.a(_arm_fixdfsi.o)

.debug_loc      0x0000000000000000    0x1e989
 .debug_loc     0x0000000000000000       0x65 build/main.o
 .debug_loc     0x0000000000000065       0x2c build/stm32f1xx_it.o
 .debug_loc     0x0000000000000091      0x1fe build/stm32f1xx_hal_msp.o
 .debug_loc     0x000000000000028f      0xfe9 build/stm32f1xx_hal_can.o
 .debug_loc     0x0000000000001278     0x34ef build/stm32f1xx_hal_i2c.o
 .debug_loc     0x0000000000004767     0x1a40 build/stm32f1xx_hal_uart.o
 .debug_loc     0x00000000000061a7      0x101 build/stm32f1xx_hal.o
 .debug_loc     0x00000000000062a8      0x77c build/stm32f1xx_hal_rcc.o
 .debug_loc     0x0000000000006a24      0x494 build/stm32f1xx_hal_gpio.o
 .debug_loc     0x0000000000006eb8      0xbe6 build/stm32f1xx_hal_dma.o
 .debug_loc     0x0000000000007a9e      0x5bf build/stm32f1xx_hal_cortex.o
 .debug_loc     0x000000000000805d      0x22a build/system_stm32f1xx.o
 .debug_loc     0x0000000000008287      0x531 build/can.o
 .debug_loc     0x00000000000087b8      0x3fd build/canteros.o
 .debug_loc     0x0000000000008bb5      0x18b build/globals.o
 .debug_loc     0x0000000000008d40      0x439 build/usrMain.o
 .debug_loc     0x0000000000009179    0x1382c build/bno055.o
 .debug_loc     0x000000000001c9a5       0x49 /usr/lib/gcc/arm-none-eabi/4.9.3/../../../arm-none-eabi/lib/armv7-m/libc_nano.a(lib_a-memset.o)
 .debug_loc     0x000000000001c9ee       0x3f /usr/lib/gcc/arm-none-eabi/4.9.3/../../../arm-none-eabi/lib/armv7-m/libc_nano.a(lib_a-printf.o)
 .debug_loc     0x000000000001ca2d      0x197 /usr/lib/gcc/arm-none-eabi/4.9.3/../../../arm-none-eabi/lib/armv7-m/libc_nano.a(lib_a-puts.o)
 .debug_loc     0x000000000001cbc4      0x113 /usr/lib/gcc/arm-none-eabi/4.9.3/../../../arm-none-eabi/lib/armv7-m/libc_nano.a(lib_a-wbuf.o)
 .debug_loc     0x000000000001ccd7       0x5d /usr/lib/gcc/arm-none-eabi/4.9.3/../../../arm-none-eabi/lib/armv7-m/libc_nano.a(lib_a-wsetup.o)
 .debug_loc     0x000000000001cd34      0x24c /usr/lib/gcc/arm-none-eabi/4.9.3/../../../arm-none-eabi/lib/armv7-m/libc_nano.a(lib_a-fflush.o)
 .debug_loc     0x000000000001cf80      0x200 /usr/lib/gcc/arm-none-eabi/4.9.3/../../../arm-none-eabi/lib/armv7-m/libc_nano.a(lib_a-findfp.o)
 .debug_loc     0x000000000001d180      0x11f /usr/lib/gcc/arm-none-eabi/4.9.3/../../../arm-none-eabi/lib/armv7-m/libc_nano.a(lib_a-fwalk.o)
 .debug_loc     0x000000000001d29f       0xe0 /usr/lib/gcc/arm-none-eabi/4.9.3/../../../arm-none-eabi/lib/armv7-m/libc_nano.a(lib_a-makebuf.o)
 .debug_loc     0x000000000001d37f      0x172 /usr/lib/gcc/arm-none-eabi/4.9.3/../../../arm-none-eabi/lib/armv7-m/libc_nano.a(lib_a-nano-freer.o)
 .debug_loc     0x000000000001d4f1      0x304 /usr/lib/gcc/arm-none-eabi/4.9.3/../../../arm-none-eabi/lib/armv7-m/libc_nano.a(lib_a-nano-mallocr.o)
 .debug_loc     0x000000000001d7f5      0x4f6 /usr/lib/gcc/arm-none-eabi/4.9.3/../../../arm-none-eabi/lib/armv7-m/libc_nano.a(lib_a-nano-vfprintf.o)
 .debug_loc     0x000000000001dceb      0x46d /usr/lib/gcc/arm-none-eabi/4.9.3/../../../arm-none-eabi/lib/armv7-m/libc_nano.a(lib_a-nano-vfprintf_i.o)
 .debug_loc     0x000000000001e158       0x4d /usr/lib/gcc/arm-none-eabi/4.9.3/../../../arm-none-eabi/lib/armv7-m/libc_nano.a(lib_a-sbrkr.o)
 .debug_loc     0x000000000001e1a5      0x236 /usr/lib/gcc/arm-none-eabi/4.9.3/../../../arm-none-eabi/lib/armv7-m/libc_nano.a(lib_a-stdio.o)
 .debug_loc     0x000000000001e3db       0xa5 /usr/lib/gcc/arm-none-eabi/4.9.3/../../../arm-none-eabi/lib/armv7-m/libc_nano.a(lib_a-writer.o)
 .debug_loc     0x000000000001e480       0x4d /usr/lib/gcc/arm-none-eabi/4.9.3/../../../arm-none-eabi/lib/armv7-m/libc_nano.a(lib_a-closer.o)
 .debug_loc     0x000000000001e4cd       0x79 /usr/lib/gcc/arm-none-eabi/4.9.3/../../../arm-none-eabi/lib/armv7-m/libc_nano.a(lib_a-fstatr.o)
 .debug_loc     0x000000000001e546       0x4d /usr/lib/gcc/arm-none-eabi/4.9.3/../../../arm-none-eabi/lib/armv7-m/libc_nano.a(lib_a-isattyr.o)
 .debug_loc     0x000000000001e593       0xa5 /usr/lib/gcc/arm-none-eabi/4.9.3/../../../arm-none-eabi/lib/armv7-m/libc_nano.a(lib_a-lseekr.o)
 .debug_loc     0x000000000001e638       0xaa /usr/lib/gcc/arm-none-eabi/4.9.3/../../../arm-none-eabi/lib/armv7-m/libc_nano.a(lib_a-memchr.o)
 .debug_loc     0x000000000001e6e2       0xa5 /usr/lib/gcc/arm-none-eabi/4.9.3/../../../arm-none-eabi/lib/armv7-m/libc_nano.a(lib_a-readr.o)
 .debug_loc     0x000000000001e787       0xfa /usr/lib/gcc/arm-none-eabi/4.9.3/../../../arm-none-eabi/lib/armv7-m/libc_nano.a(lib_a-reent.o)
 .debug_loc     0x000000000001e881       0x21 /usr/lib/gcc/arm-none-eabi/4.9.3/../../../arm-none-eabi/lib/armv7-m/libnosys.a(close.o)
 .debug_loc     0x000000000001e8a2       0x21 /usr/lib/gcc/arm-none-eabi/4.9.3/../../../arm-none-eabi/lib/armv7-m/libnosys.a(fstat.o)
 .debug_loc     0x000000000001e8c3       0x21 /usr/lib/gcc/arm-none-eabi/4.9.3/../../../arm-none-eabi/lib/armv7-m/libnosys.a(isatty.o)
 .debug_loc     0x000000000001e8e4       0x42 /usr/lib/gcc/arm-none-eabi/4.9.3/../../../arm-none-eabi/lib/armv7-m/libnosys.a(lseek.o)
 .debug_loc     0x000000000001e926       0x42 /usr/lib/gcc/arm-none-eabi/4.9.3/../../../arm-none-eabi/lib/armv7-m/libnosys.a(read.o)
 .debug_loc     0x000000000001e968       0x21 /usr/lib/gcc/arm-none-eabi/4.9.3/../../../arm-none-eabi/lib/armv7-m/libnosys.a(sbrk.o)

.debug_aranges  0x0000000000000000     0x16f0
 .debug_aranges
                0x0000000000000000       0x30 build/main.o
 .debug_aranges
                0x0000000000000030       0x88 build/stm32f1xx_it.o
 .debug_aranges
                0x00000000000000b8       0x50 build/stm32f1xx_hal_msp.o
 .debug_aranges
                0x0000000000000108       0xa8 build/stm32f1xx_hal_can.o
 .debug_aranges
                0x00000000000001b0      0x1d8 build/stm32f1xx_hal_i2c.o
 .debug_aranges
                0x0000000000000388      0x1b0 build/stm32f1xx_hal_uart.o
 .debug_aranges
                0x0000000000000538       0xb8 build/stm32f1xx_hal.o
 .debug_aranges
                0x00000000000005f0       0x88 build/stm32f1xx_hal_rcc.o
 .debug_aranges
                0x0000000000000678       0x58 build/stm32f1xx_hal_gpio.o
 .debug_aranges
                0x00000000000006d0       0x78 build/stm32f1xx_hal_dma.o
 .debug_aranges
                0x0000000000000748       0x90 build/stm32f1xx_hal_cortex.o
 .debug_aranges
                0x00000000000007d8       0x28 build/system_stm32f1xx.o
 .debug_aranges
                0x0000000000000800       0x58 build/can.o
 .debug_aranges
                0x0000000000000858       0x48 build/canteros.o
 .debug_aranges
                0x00000000000008a0       0x28 build/globals.o
 .debug_aranges
                0x00000000000008c8       0x50 build/usrMain.o
 .debug_aranges
                0x0000000000000918      0x8b0 build/bno055.o
 .debug_aranges
                0x00000000000011c8       0x28 build/startup_stm32f105xc.o
 .debug_aranges
                0x00000000000011f0       0x18 /usr/lib/gcc/arm-none-eabi/4.9.3/../../../arm-none-eabi/lib/armv7-m/libc_nano.a(lib_a-impure.o)
 .debug_aranges
                0x0000000000001208       0x20 /usr/lib/gcc/arm-none-eabi/4.9.3/../../../arm-none-eabi/lib/armv7-m/libc_nano.a(lib_a-memset.o)
 .debug_aranges
                0x0000000000001228       0x28 /usr/lib/gcc/arm-none-eabi/4.9.3/../../../arm-none-eabi/lib/armv7-m/libc_nano.a(lib_a-printf.o)
 .debug_aranges
                0x0000000000001250       0x28 /usr/lib/gcc/arm-none-eabi/4.9.3/../../../arm-none-eabi/lib/armv7-m/libc_nano.a(lib_a-puts.o)
 .debug_aranges
                0x0000000000001278       0x28 /usr/lib/gcc/arm-none-eabi/4.9.3/../../../arm-none-eabi/lib/armv7-m/libc_nano.a(lib_a-wbuf.o)
 .debug_aranges
                0x00000000000012a0       0x20 /usr/lib/gcc/arm-none-eabi/4.9.3/../../../arm-none-eabi/lib/armv7-m/libc_nano.a(lib_a-wsetup.o)
 .debug_aranges
                0x00000000000012c0       0x30 /usr/lib/gcc/arm-none-eabi/4.9.3/../../../arm-none-eabi/lib/armv7-m/libc_nano.a(lib_a-fflush.o)
 .debug_aranges
                0x00000000000012f0       0x88 /usr/lib/gcc/arm-none-eabi/4.9.3/../../../arm-none-eabi/lib/armv7-m/libc_nano.a(lib_a-findfp.o)
 .debug_aranges
                0x0000000000001378       0x28 /usr/lib/gcc/arm-none-eabi/4.9.3/../../../arm-none-eabi/lib/armv7-m/libc_nano.a(lib_a-fwalk.o)
 .debug_aranges
                0x00000000000013a0       0x20 /usr/lib/gcc/arm-none-eabi/4.9.3/../../../arm-none-eabi/lib/armv7-m/libc_nano.a(lib_a-makebuf.o)
 .debug_aranges
                0x00000000000013c0       0x20 /usr/lib/gcc/arm-none-eabi/4.9.3/../../../arm-none-eabi/lib/armv7-m/libc_nano.a(lib_a-nano-freer.o)
 .debug_aranges
                0x00000000000013e0       0x20 /usr/lib/gcc/arm-none-eabi/4.9.3/../../../arm-none-eabi/lib/armv7-m/libc_nano.a(lib_a-nano-mallocr.o)
 .debug_aranges
                0x0000000000001400       0x40 /usr/lib/gcc/arm-none-eabi/4.9.3/../../../arm-none-eabi/lib/armv7-m/libc_nano.a(lib_a-nano-vfprintf.o)
 .debug_aranges
                0x0000000000001440       0x28 /usr/lib/gcc/arm-none-eabi/4.9.3/../../../arm-none-eabi/lib/armv7-m/libc_nano.a(lib_a-nano-vfprintf_i.o)
 .debug_aranges
                0x0000000000001468       0x20 /usr/lib/gcc/arm-none-eabi/4.9.3/../../../arm-none-eabi/lib/armv7-m/libc_nano.a(lib_a-sbrkr.o)
 .debug_aranges
                0x0000000000001488       0x40 /usr/lib/gcc/arm-none-eabi/4.9.3/../../../arm-none-eabi/lib/armv7-m/libc_nano.a(lib_a-stdio.o)
 .debug_aranges
                0x00000000000014c8       0x20 /usr/lib/gcc/arm-none-eabi/4.9.3/../../../arm-none-eabi/lib/armv7-m/libc_nano.a(lib_a-writer.o)
 .debug_aranges
                0x00000000000014e8       0x20 /usr/lib/gcc/arm-none-eabi/4.9.3/../../../arm-none-eabi/lib/armv7-m/libc_nano.a(lib_a-closer.o)
 .debug_aranges
                0x0000000000001508       0x20 /usr/lib/gcc/arm-none-eabi/4.9.3/../../../arm-none-eabi/lib/armv7-m/libc_nano.a(lib_a-fstatr.o)
 .debug_aranges
                0x0000000000001528       0x20 /usr/lib/gcc/arm-none-eabi/4.9.3/../../../arm-none-eabi/lib/armv7-m/libc_nano.a(lib_a-isattyr.o)
 .debug_aranges
                0x0000000000001548       0x20 /usr/lib/gcc/arm-none-eabi/4.9.3/../../../arm-none-eabi/lib/armv7-m/libc_nano.a(lib_a-lseekr.o)
 .debug_aranges
                0x0000000000001568       0x20 /usr/lib/gcc/arm-none-eabi/4.9.3/../../../arm-none-eabi/lib/armv7-m/libc_nano.a(lib_a-memchr.o)
 .debug_aranges
                0x0000000000001588       0x20 /usr/lib/gcc/arm-none-eabi/4.9.3/../../../arm-none-eabi/lib/armv7-m/libc_nano.a(lib_a-readr.o)
 .debug_aranges
                0x00000000000015a8       0x28 /usr/lib/gcc/arm-none-eabi/4.9.3/../../../arm-none-eabi/lib/armv7-m/libc_nano.a(lib_a-reent.o)
 .debug_aranges
                0x00000000000015d0       0x20 /usr/lib/gcc/arm-none-eabi/4.9.3/../../../arm-none-eabi/lib/armv7-m/libnosys.a(close.o)
 .debug_aranges
                0x00000000000015f0       0x20 /usr/lib/gcc/arm-none-eabi/4.9.3/../../../arm-none-eabi/lib/armv7-m/libnosys.a(fstat.o)
 .debug_aranges
                0x0000000000001610       0x20 /usr/lib/gcc/arm-none-eabi/4.9.3/../../../arm-none-eabi/lib/armv7-m/libnosys.a(isatty.o)
 .debug_aranges
                0x0000000000001630       0x20 /usr/lib/gcc/arm-none-eabi/4.9.3/../../../arm-none-eabi/lib/armv7-m/libnosys.a(lseek.o)
 .debug_aranges
                0x0000000000001650       0x20 /usr/lib/gcc/arm-none-eabi/4.9.3/../../../arm-none-eabi/lib/armv7-m/libnosys.a(read.o)
 .debug_aranges
                0x0000000000001670       0x20 /usr/lib/gcc/arm-none-eabi/4.9.3/../../../arm-none-eabi/lib/armv7-m/libnosys.a(sbrk.o)
 .debug_aranges
                0x0000000000001690       0x20 /usr/lib/gcc/arm-none-eabi/4.9.3/armv7-m/libgcc.a(_arm_addsubdf3.o)
 .debug_aranges
                0x00000000000016b0       0x20 /usr/lib/gcc/arm-none-eabi/4.9.3/armv7-m/libgcc.a(_arm_muldivdf3.o)
 .debug_aranges
                0x00000000000016d0       0x20 /usr/lib/gcc/arm-none-eabi/4.9.3/armv7-m/libgcc.a(_arm_fixdfsi.o)

.debug_ranges   0x0000000000000000     0x1df0
 .debug_ranges  0x0000000000000000       0xd0 build/main.o
 .debug_ranges  0x00000000000000d0       0x78 build/stm32f1xx_it.o
 .debug_ranges  0x0000000000000148       0xe8 build/stm32f1xx_hal_msp.o
 .debug_ranges  0x0000000000000230       0xb0 build/stm32f1xx_hal_can.o
 .debug_ranges  0x00000000000002e0      0x580 build/stm32f1xx_hal_i2c.o
 .debug_ranges  0x0000000000000860      0x238 build/stm32f1xx_hal_uart.o
 .debug_ranges  0x0000000000000a98       0xa8 build/stm32f1xx_hal.o
 .debug_ranges  0x0000000000000b40       0xf0 build/stm32f1xx_hal_rcc.o
 .debug_ranges  0x0000000000000c30       0x60 build/stm32f1xx_hal_gpio.o
 .debug_ranges  0x0000000000000c90       0xc0 build/stm32f1xx_hal_dma.o
 .debug_ranges  0x0000000000000d50      0x150 build/stm32f1xx_hal_cortex.o
 .debug_ranges  0x0000000000000ea0       0x18 build/system_stm32f1xx.o
 .debug_ranges  0x0000000000000eb8      0x118 build/can.o
 .debug_ranges  0x0000000000000fd0       0xe8 build/canteros.o
 .debug_ranges  0x00000000000010b8       0x30 build/globals.o
 .debug_ranges  0x00000000000010e8       0xc0 build/usrMain.o
 .debug_ranges  0x00000000000011a8      0x8c0 build/bno055.o
 .debug_ranges  0x0000000000001a68       0x20 build/startup_stm32f105xc.o
 .debug_ranges  0x0000000000001a88       0x10 /usr/lib/gcc/arm-none-eabi/4.9.3/../../../arm-none-eabi/lib/armv7-m/libc_nano.a(lib_a-memset.o)
 .debug_ranges  0x0000000000001a98       0x18 /usr/lib/gcc/arm-none-eabi/4.9.3/../../../arm-none-eabi/lib/armv7-m/libc_nano.a(lib_a-printf.o)
 .debug_ranges  0x0000000000001ab0       0x30 /usr/lib/gcc/arm-none-eabi/4.9.3/../../../arm-none-eabi/lib/armv7-m/libc_nano.a(lib_a-puts.o)
 .debug_ranges  0x0000000000001ae0       0x18 /usr/lib/gcc/arm-none-eabi/4.9.3/../../../arm-none-eabi/lib/armv7-m/libc_nano.a(lib_a-wbuf.o)
 .debug_ranges  0x0000000000001af8       0x30 /usr/lib/gcc/arm-none-eabi/4.9.3/../../../arm-none-eabi/lib/armv7-m/libc_nano.a(lib_a-wsetup.o)
 .debug_ranges  0x0000000000001b28       0x20 /usr/lib/gcc/arm-none-eabi/4.9.3/../../../arm-none-eabi/lib/armv7-m/libc_nano.a(lib_a-fflush.o)
 .debug_ranges  0x0000000000001b48       0x78 /usr/lib/gcc/arm-none-eabi/4.9.3/../../../arm-none-eabi/lib/armv7-m/libc_nano.a(lib_a-findfp.o)
 .debug_ranges  0x0000000000001bc0       0x18 /usr/lib/gcc/arm-none-eabi/4.9.3/../../../arm-none-eabi/lib/armv7-m/libc_nano.a(lib_a-fwalk.o)
 .debug_ranges  0x0000000000001bd8       0x10 /usr/lib/gcc/arm-none-eabi/4.9.3/../../../arm-none-eabi/lib/armv7-m/libc_nano.a(lib_a-makebuf.o)
 .debug_ranges  0x0000000000001be8       0x28 /usr/lib/gcc/arm-none-eabi/4.9.3/../../../arm-none-eabi/lib/armv7-m/libc_nano.a(lib_a-nano-freer.o)
 .debug_ranges  0x0000000000001c10       0x28 /usr/lib/gcc/arm-none-eabi/4.9.3/../../../arm-none-eabi/lib/armv7-m/libc_nano.a(lib_a-nano-mallocr.o)
 .debug_ranges  0x0000000000001c38       0x30 /usr/lib/gcc/arm-none-eabi/4.9.3/../../../arm-none-eabi/lib/armv7-m/libc_nano.a(lib_a-nano-vfprintf.o)
 .debug_ranges  0x0000000000001c68       0x60 /usr/lib/gcc/arm-none-eabi/4.9.3/../../../arm-none-eabi/lib/armv7-m/libc_nano.a(lib_a-nano-vfprintf_i.o)
 .debug_ranges  0x0000000000001cc8       0x10 /usr/lib/gcc/arm-none-eabi/4.9.3/../../../arm-none-eabi/lib/armv7-m/libc_nano.a(lib_a-sbrkr.o)
 .debug_ranges  0x0000000000001cd8       0x30 /usr/lib/gcc/arm-none-eabi/4.9.3/../../../arm-none-eabi/lib/armv7-m/libc_nano.a(lib_a-stdio.o)
 .debug_ranges  0x0000000000001d08       0x10 /usr/lib/gcc/arm-none-eabi/4.9.3/../../../arm-none-eabi/lib/armv7-m/libc_nano.a(lib_a-writer.o)
 .debug_ranges  0x0000000000001d18       0x10 /usr/lib/gcc/arm-none-eabi/4.9.3/../../../arm-none-eabi/lib/armv7-m/libc_nano.a(lib_a-closer.o)
 .debug_ranges  0x0000000000001d28       0x10 /usr/lib/gcc/arm-none-eabi/4.9.3/../../../arm-none-eabi/lib/armv7-m/libc_nano.a(lib_a-fstatr.o)
 .debug_ranges  0x0000000000001d38       0x10 /usr/lib/gcc/arm-none-eabi/4.9.3/../../../arm-none-eabi/lib/armv7-m/libc_nano.a(lib_a-isattyr.o)
 .debug_ranges  0x0000000000001d48       0x10 /usr/lib/gcc/arm-none-eabi/4.9.3/../../../arm-none-eabi/lib/armv7-m/libc_nano.a(lib_a-lseekr.o)
 .debug_ranges  0x0000000000001d58       0x10 /usr/lib/gcc/arm-none-eabi/4.9.3/../../../arm-none-eabi/lib/armv7-m/libc_nano.a(lib_a-memchr.o)
 .debug_ranges  0x0000000000001d68       0x10 /usr/lib/gcc/arm-none-eabi/4.9.3/../../../arm-none-eabi/lib/armv7-m/libc_nano.a(lib_a-readr.o)
 .debug_ranges  0x0000000000001d78       0x18 /usr/lib/gcc/arm-none-eabi/4.9.3/../../../arm-none-eabi/lib/armv7-m/libc_nano.a(lib_a-reent.o)
 .debug_ranges  0x0000000000001d90       0x10 /usr/lib/gcc/arm-none-eabi/4.9.3/../../../arm-none-eabi/lib/armv7-m/libnosys.a(close.o)
 .debug_ranges  0x0000000000001da0       0x10 /usr/lib/gcc/arm-none-eabi/4.9.3/../../../arm-none-eabi/lib/armv7-m/libnosys.a(fstat.o)
 .debug_ranges  0x0000000000001db0       0x10 /usr/lib/gcc/arm-none-eabi/4.9.3/../../../arm-none-eabi/lib/armv7-m/libnosys.a(isatty.o)
 .debug_ranges  0x0000000000001dc0       0x10 /usr/lib/gcc/arm-none-eabi/4.9.3/../../../arm-none-eabi/lib/armv7-m/libnosys.a(lseek.o)
 .debug_ranges  0x0000000000001dd0       0x10 /usr/lib/gcc/arm-none-eabi/4.9.3/../../../arm-none-eabi/lib/armv7-m/libnosys.a(read.o)
 .debug_ranges  0x0000000000001de0       0x10 /usr/lib/gcc/arm-none-eabi/4.9.3/../../../arm-none-eabi/lib/armv7-m/libnosys.a(sbrk.o)

.debug_line     0x0000000000000000     0xc6a7
 .debug_line    0x0000000000000000      0x2fd build/main.o
 .debug_line    0x00000000000002fd      0x28d build/stm32f1xx_it.o
 .debug_line    0x000000000000058a      0x2cc build/stm32f1xx_hal_msp.o
 .debug_line    0x0000000000000856      0x843 build/stm32f1xx_hal_can.o
 .debug_line    0x0000000000001099     0x1769 build/stm32f1xx_hal_i2c.o
 .debug_line    0x0000000000002802      0xd7f build/stm32f1xx_hal_uart.o
 .debug_line    0x0000000000003581      0x2ed build/stm32f1xx_hal.o
 .debug_line    0x000000000000386e      0x5ae build/stm32f1xx_hal_rcc.o
 .debug_line    0x0000000000003e1c      0x39d build/stm32f1xx_hal_gpio.o
 .debug_line    0x00000000000041b9      0x773 build/stm32f1xx_hal_dma.o
 .debug_line    0x000000000000492c      0x312 build/stm32f1xx_hal_cortex.o
 .debug_line    0x0000000000004c3e      0x16f build/system_stm32f1xx.o
 .debug_line    0x0000000000004dad      0x38f build/can.o
 .debug_line    0x000000000000513c      0x2c3 build/canteros.o
 .debug_line    0x00000000000053ff      0x19f build/globals.o
 .debug_line    0x000000000000559e      0x3cf build/usrMain.o
 .debug_line    0x000000000000596d     0x3e50 build/bno055.o
 .debug_line    0x00000000000097bd       0x73 build/startup_stm32f105xc.o
 .debug_line    0x0000000000009830       0xf1 /usr/lib/gcc/arm-none-eabi/4.9.3/../../../arm-none-eabi/lib/armv7-m/libc_nano.a(lib_a-impure.o)
 .debug_line    0x0000000000009921       0xee /usr/lib/gcc/arm-none-eabi/4.9.3/../../../arm-none-eabi/lib/armv7-m/libc_nano.a(lib_a-memset.o)
 .debug_line    0x0000000000009a0f      0x1a5 /usr/lib/gcc/arm-none-eabi/4.9.3/../../../arm-none-eabi/lib/armv7-m/libc_nano.a(lib_a-printf.o)
 .debug_line    0x0000000000009bb4      0x1f8 /usr/lib/gcc/arm-none-eabi/4.9.3/../../../arm-none-eabi/lib/armv7-m/libc_nano.a(lib_a-puts.o)
 .debug_line    0x0000000000009dac      0x1cc /usr/lib/gcc/arm-none-eabi/4.9.3/../../../arm-none-eabi/lib/armv7-m/libc_nano.a(lib_a-wbuf.o)
 .debug_line    0x0000000000009f78      0x1bf /usr/lib/gcc/arm-none-eabi/4.9.3/../../../arm-none-eabi/lib/armv7-m/libc_nano.a(lib_a-wsetup.o)
 .debug_line    0x000000000000a137      0x250 /usr/lib/gcc/arm-none-eabi/4.9.3/../../../arm-none-eabi/lib/armv7-m/libc_nano.a(lib_a-fflush.o)
 .debug_line    0x000000000000a387      0x2c0 /usr/lib/gcc/arm-none-eabi/4.9.3/../../../arm-none-eabi/lib/armv7-m/libc_nano.a(lib_a-findfp.o)
 .debug_line    0x000000000000a647      0x1b7 /usr/lib/gcc/arm-none-eabi/4.9.3/../../../arm-none-eabi/lib/armv7-m/libc_nano.a(lib_a-fwalk.o)
 .debug_line    0x000000000000a7fe      0x1b7 /usr/lib/gcc/arm-none-eabi/4.9.3/../../../arm-none-eabi/lib/armv7-m/libc_nano.a(lib_a-makebuf.o)
 .debug_line    0x000000000000a9b5      0x145 /usr/lib/gcc/arm-none-eabi/4.9.3/../../../arm-none-eabi/lib/armv7-m/libc_nano.a(lib_a-nano-freer.o)
 .debug_line    0x000000000000aafa      0x199 /usr/lib/gcc/arm-none-eabi/4.9.3/../../../arm-none-eabi/lib/armv7-m/libc_nano.a(lib_a-nano-mallocr.o)
 .debug_line    0x000000000000ac93      0x2d3 /usr/lib/gcc/arm-none-eabi/4.9.3/../../../arm-none-eabi/lib/armv7-m/libc_nano.a(lib_a-nano-vfprintf.o)
 .debug_line    0x000000000000af66      0x305 /usr/lib/gcc/arm-none-eabi/4.9.3/../../../arm-none-eabi/lib/armv7-m/libc_nano.a(lib_a-nano-vfprintf_i.o)
 .debug_line    0x000000000000b26b      0x162 /usr/lib/gcc/arm-none-eabi/4.9.3/../../../arm-none-eabi/lib/armv7-m/libc_nano.a(lib_a-sbrkr.o)
 .debug_line    0x000000000000b3cd      0x1d8 /usr/lib/gcc/arm-none-eabi/4.9.3/../../../arm-none-eabi/lib/armv7-m/libc_nano.a(lib_a-stdio.o)
 .debug_line    0x000000000000b5a5      0x162 /usr/lib/gcc/arm-none-eabi/4.9.3/../../../arm-none-eabi/lib/armv7-m/libc_nano.a(lib_a-writer.o)
 .debug_line    0x000000000000b707      0x163 /usr/lib/gcc/arm-none-eabi/4.9.3/../../../arm-none-eabi/lib/armv7-m/libc_nano.a(lib_a-closer.o)
 .debug_line    0x000000000000b86a      0x178 /usr/lib/gcc/arm-none-eabi/4.9.3/../../../arm-none-eabi/lib/armv7-m/libc_nano.a(lib_a-fstatr.o)
 .debug_line    0x000000000000b9e2      0x164 /usr/lib/gcc/arm-none-eabi/4.9.3/../../../arm-none-eabi/lib/armv7-m/libc_nano.a(lib_a-isattyr.o)
 .debug_line    0x000000000000bb46      0x162 /usr/lib/gcc/arm-none-eabi/4.9.3/../../../arm-none-eabi/lib/armv7-m/libc_nano.a(lib_a-lseekr.o)
 .debug_line    0x000000000000bca8       0xf0 /usr/lib/gcc/arm-none-eabi/4.9.3/../../../arm-none-eabi/lib/armv7-m/libc_nano.a(lib_a-memchr.o)
 .debug_line    0x000000000000bd98      0x161 /usr/lib/gcc/arm-none-eabi/4.9.3/../../../arm-none-eabi/lib/armv7-m/libc_nano.a(lib_a-readr.o)
 .debug_line    0x000000000000bef9      0x19e /usr/lib/gcc/arm-none-eabi/4.9.3/../../../arm-none-eabi/lib/armv7-m/libc_nano.a(lib_a-reent.o)
 .debug_line    0x000000000000c097       0x5a /usr/lib/gcc/arm-none-eabi/4.9.3/../../../arm-none-eabi/lib/armv7-m/libnosys.a(close.o)
 .debug_line    0x000000000000c0f1       0xc9 /usr/lib/gcc/arm-none-eabi/4.9.3/../../../arm-none-eabi/lib/armv7-m/libnosys.a(fstat.o)
 .debug_line    0x000000000000c1ba       0x5b /usr/lib/gcc/arm-none-eabi/4.9.3/../../../arm-none-eabi/lib/armv7-m/libnosys.a(isatty.o)
 .debug_line    0x000000000000c215       0x5a /usr/lib/gcc/arm-none-eabi/4.9.3/../../../arm-none-eabi/lib/armv7-m/libnosys.a(lseek.o)
 .debug_line    0x000000000000c26f       0x59 /usr/lib/gcc/arm-none-eabi/4.9.3/../../../arm-none-eabi/lib/armv7-m/libnosys.a(read.o)
 .debug_line    0x000000000000c2c8       0x58 /usr/lib/gcc/arm-none-eabi/4.9.3/../../../arm-none-eabi/lib/armv7-m/libnosys.a(sbrk.o)
 .debug_line    0x000000000000c320      0x176 /usr/lib/gcc/arm-none-eabi/4.9.3/armv7-m/libgcc.a(_arm_addsubdf3.o)
 .debug_line    0x000000000000c496      0x19a /usr/lib/gcc/arm-none-eabi/4.9.3/armv7-m/libgcc.a(_arm_muldivdf3.o)
 .debug_line    0x000000000000c630       0x77 /usr/lib/gcc/arm-none-eabi/4.9.3/armv7-m/libgcc.a(_arm_fixdfsi.o)

.debug_str      0x0000000000000000     0x6f96
 .debug_str     0x0000000000000000     0x1105 build/main.o
                                       0x11c9 (size before relaxing)
 .debug_str     0x0000000000001105      0x151 build/stm32f1xx_it.o
                                        0xa02 (size before relaxing)
 .debug_str     0x0000000000001256      0x114 build/stm32f1xx_hal_msp.o
                                        0xfb3 (size before relaxing)
 .debug_str     0x000000000000136a      0x22e build/stm32f1xx_hal_can.o
                                        0x77b (size before relaxing)
 .debug_str     0x0000000000001598      0x7eb build/stm32f1xx_hal_i2c.o
                                        0xea8 (size before relaxing)
 .debug_str     0x0000000000001d83      0x51a build/stm32f1xx_hal_uart.o
                                        0xb4a (size before relaxing)
 .debug_str     0x000000000000229d      0x1e0 build/stm32f1xx_hal.o
                                        0x81b (size before relaxing)
 .debug_str     0x000000000000247d      0x1c0 build/stm32f1xx_hal_rcc.o
                                        0x66c (size before relaxing)
 .debug_str     0x000000000000263d      0x110 build/stm32f1xx_hal_gpio.o
                                        0x3fe (size before relaxing)
 .debug_str     0x000000000000274d      0x207 build/stm32f1xx_hal_dma.o
                                        0x5e7 (size before relaxing)
 .debug_str     0x0000000000002954      0x242 build/stm32f1xx_hal_cortex.o
                                        0x969 (size before relaxing)
 .debug_str     0x0000000000002b96       0x7d build/system_stm32f1xx.o
                                        0x2d2 (size before relaxing)
 .debug_str     0x0000000000002c13      0x1c4 build/can.o
                                        0xbdf (size before relaxing)
 .debug_str     0x0000000000002dd7      0x19d build/canteros.o
                                        0x72f (size before relaxing)