Archive member included to satisfy reference by file (symbol)

/usr/lib/gcc/arm-none-eabi/4.9.3/../../../arm-none-eabi/lib/armv7-m/libc_nano.a(lib_a-atexit.o)
                              /usr/lib/gcc/arm-none-eabi/4.9.3/../../../arm-none-eabi/lib/armv7-m/crt0.o (atexit)
/usr/lib/gcc/arm-none-eabi/4.9.3/../../../arm-none-eabi/lib/armv7-m/libc_nano.a(lib_a-exit.o)
                              /usr/lib/gcc/arm-none-eabi/4.9.3/../../../arm-none-eabi/lib/armv7-m/crt0.o (exit)
/usr/lib/gcc/arm-none-eabi/4.9.3/../../../arm-none-eabi/lib/armv7-m/libc_nano.a(lib_a-fini.o)
                              /usr/lib/gcc/arm-none-eabi/4.9.3/../../../arm-none-eabi/lib/armv7-m/crt0.o (__libc_fini_array)
/usr/lib/gcc/arm-none-eabi/4.9.3/../../../arm-none-eabi/lib/armv7-m/libc_nano.a(lib_a-impure.o)
                              /usr/lib/gcc/arm-none-eabi/4.9.3/../../../arm-none-eabi/lib/armv7-m/libc_nano.a(lib_a-exit.o) (_global_impure_ptr)
/usr/lib/gcc/arm-none-eabi/4.9.3/../../../arm-none-eabi/lib/armv7-m/libc_nano.a(lib_a-init.o)
                              /usr/lib/gcc/arm-none-eabi/4.9.3/../../../arm-none-eabi/lib/armv7-m/crt0.o (__libc_init_array)
/usr/lib/gcc/arm-none-eabi/4.9.3/../../../arm-none-eabi/lib/armv7-m/libc_nano.a(lib_a-memset.o)
                              /usr/lib/gcc/arm-none-eabi/4.9.3/../../../arm-none-eabi/lib/armv7-m/crt0.o (memset)
/usr/lib/gcc/arm-none-eabi/4.9.3/../../../arm-none-eabi/lib/armv7-m/libc_nano.a(lib_a-__atexit.o)
                              /usr/lib/gcc/arm-none-eabi/4.9.3/../../../arm-none-eabi/lib/armv7-m/libc_nano.a(lib_a-atexit.o) (__register_exitproc)
/usr/lib/gcc/arm-none-eabi/4.9.3/../../../arm-none-eabi/lib/armv7-m/libc_nano.a(lib_a-__call_atexit.o)
                              /usr/lib/gcc/arm-none-eabi/4.9.3/../../../arm-none-eabi/lib/armv7-m/libc_nano.a(lib_a-__atexit.o) (__call_exitprocs)
/usr/lib/gcc/arm-none-eabi/4.9.3/../../../arm-none-eabi/lib/armv7-m/libnosys.a(_exit.o)
                              /usr/lib/gcc/arm-none-eabi/4.9.3/../../../arm-none-eabi/lib/armv7-m/libc_nano.a(lib_a-exit.o) (_exit)
/usr/lib/gcc/arm-none-eabi/4.9.3/armv7-m/libgcc.a(_arm_addsubsf3.o)
                              build/pid.o (__aeabi_fsub)
/usr/lib/gcc/arm-none-eabi/4.9.3/armv7-m/libgcc.a(_arm_muldivsf3.o)
                              build/pid.o (__aeabi_fmul)
/usr/lib/gcc/arm-none-eabi/4.9.3/armv7-m/libgcc.a(_arm_cmpsf2.o)
                              build/pid.o (__aeabi_fcmplt)
/usr/lib/gcc/arm-none-eabi/4.9.3/armv7-m/libgcc.a(_arm_fixsfsi.o)
                              build/usrMain.o (__aeabi_f2iz)

Allocating common symbols
Common symbol       size              file

can2Handle          0x4               build/globals.o
vescNewValuesReady  0x1               build/vesc.o
vescLastValues      0x40              build/vesc.o
uwTick              0x4               build/stm32f1xx_hal.o
pFlash              0x20              build/stm32f1xx_hal_flash.o
hcan2               0x44              build/main.o
can1Handle          0x4               build/globals.o
huart1              0x40              build/main.o
uart1Handle         0x4               build/handles.o
huart4              0x40              build/main.o
hcan1               0x44              build/main.o
sendingNodeStatus   0x8               build/canteros.o
uart4Handle         0x4               build/handles.o

Discarded input sections

 .text          0x0000000000000000        0x0 /usr/lib/gcc/arm-none-eabi/4.9.3/armv7-m/crti.o
 .data          0x0000000000000000        0x0 /usr/lib/gcc/arm-none-eabi/4.9.3/armv7-m/crti.o
 .bss           0x0000000000000000        0x0 /usr/lib/gcc/arm-none-eabi/4.9.3/armv7-m/crti.o
 .data          0x0000000000000000        0x4 /usr/lib/gcc/arm-none-eabi/4.9.3/armv7-m/crtbegin.o
 .text          0x0000000000000000       0x68 /usr/lib/gcc/arm-none-eabi/4.9.3/../../../arm-none-eabi/lib/armv7-m/crt0.o
 .data          0x0000000000000000        0x0 /usr/lib/gcc/arm-none-eabi/4.9.3/../../../arm-none-eabi/lib/armv7-m/crt0.o
 .bss           0x0000000000000000        0x0 /usr/lib/gcc/arm-none-eabi/4.9.3/../../../arm-none-eabi/lib/armv7-m/crt0.o
 .ARM.extab     0x0000000000000000        0x0 /usr/lib/gcc/arm-none-eabi/4.9.3/../../../arm-none-eabi/lib/armv7-m/crt0.o
 .ARM.exidx     0x0000000000000000        0x8 /usr/lib/gcc/arm-none-eabi/4.9.3/../../../arm-none-eabi/lib/armv7-m/crt0.o
 .debug_line    0x0000000000000000       0x7b /usr/lib/gcc/arm-none-eabi/4.9.3/../../../arm-none-eabi/lib/armv7-m/crt0.o
 .debug_info    0x0000000000000000       0xa8 /usr/lib/gcc/arm-none-eabi/4.9.3/../../../arm-none-eabi/lib/armv7-m/crt0.o
 .debug_abbrev  0x0000000000000000       0x14 /usr/lib/gcc/arm-none-eabi/4.9.3/../../../arm-none-eabi/lib/armv7-m/crt0.o
 .debug_aranges
                0x0000000000000000       0x20 /usr/lib/gcc/arm-none-eabi/4.9.3/../../../arm-none-eabi/lib/armv7-m/crt0.o
 .ARM.attributes
[...]
Memory Configuration

Name             Origin             Length             Attributes
RAM              0x0000000020000000 0x0000000000010000 xrw
FLASH            0x0000000008000000 0x0000000000020000 xr
*default*        0x0000000000000000 0xffffffffffffffff

Linker script and memory map

LOAD /usr/lib/gcc/arm-none-eabi/4.9.3/armv7-m/crti.o
LOAD /usr/lib/gcc/arm-none-eabi/4.9.3/armv7-m/crtbegin.o
LOAD /usr/lib/gcc/arm-none-eabi/4.9.3/../../../arm-none-eabi/lib/armv7-m/crt0.o
LOAD build/main.o
LOAD build/stm32f1xx_hal_tim.o
LOAD build/stm32f1xx_hal_flash_ex.o
LOAD build/stm32f1xx_hal_gpio_ex.o
LOAD build/stm32f1xx_hal_rcc_ex.o
LOAD build/stm32f1xx_hal_gpio.o
LOAD build/stm32f1xx_hal_can.o
LOAD build/stm32f1xx_hal_tim_ex.o
LOAD build/stm32f1xx_it.o
LOAD build/stm32f1xx_hal_cortex.o
LOAD build/stm32f1xx_hal_pwr.o
LOAD build/stm32f1xx_hal_uart.o
LOAD build/stm32f1xx_hal.o
LOAD build/stm32f1xx_hal_rcc.o
LOAD build/stm32f1xx_hal_msp.o
LOAD build/stm32f1xx_hal_dma.o
LOAD build/stm32f1xx_hal_flash.o
LOAD build/handles.o
LOAD build/vesc.o
LOAD build/usrMain.o
LOAD build/can.o
LOAD build/canteros.o
LOAD build/pid.o
LOAD build/globals.o
LOAD build/system_stm32f1xx.o
LOAD build/startup_stm32f105xc.o
LOAD /usr/lib/gcc/arm-none-eabi/4.9.3/../../../arm-none-eabi/lib/armv7-m/libc_nano.a
LOAD /usr/lib/gcc/arm-none-eabi/4.9.3/../../../arm-none-eabi/lib/armv7-m/libm.a
LOAD /usr/lib/gcc/arm-none-eabi/4.9.3/../../../arm-none-eabi/lib/armv7-m/libnosys.a
START GROUP
LOAD /usr/lib/gcc/arm-none-eabi/4.9.3/armv7-m/libgcc.a
LOAD /usr/lib/gcc/arm-none-eabi/4.9.3/../../../arm-none-eabi/lib/armv7-m/libc_nano.a
END GROUP
START GROUP
LOAD /usr/lib/gcc/arm-none-eabi/4.9.3/armv7-m/libgcc.a
LOAD /usr/lib/gcc/arm-none-eabi/4.9.3/../../../arm-none-eabi/lib/armv7-m/libc_nano.a
END GROUP
LOAD /usr/lib/gcc/arm-none-eabi/4.9.3/armv7-m/crtend.o
LOAD /usr/lib/gcc/arm-none-eabi/4.9.3/armv7-m/crtn.o
                0x0000000020010000                _estack = 0x20010000
                0x0000000000000200                _Min_Heap_Size = 0x200
                0x0000000000000400                _Min_Stack_Size = 0x400

.isr_vector     0x0000000008000000      0x1e4
                0x0000000008000000                . = ALIGN (0x4)
 *(.isr_vector)
 .isr_vector    0x0000000008000000      0x1e4 build/startup_stm32f105xc.o
                0x0000000008000000                g_pfnVectors
                0x00000000080001e4                . = ALIGN (0x4)

.text           0x00000000080001e4     0x3610
                0x00000000080001e4                . = ALIGN (0x4)
 *(.text)
 .text          0x00000000080001e4       0xa4 /usr/lib/gcc/arm-none-eabi/4.9.3/armv7-m/crtbegin.o
 .text          0x0000000008000288      0x21c /usr/lib/gcc/arm-none-eabi/4.9.3/armv7-m/libgcc.a(_arm_addsubsf3.o)
                0x0000000008000288                __aeabi_frsub
                0x0000000008000290                __subsf3
                0x0000000008000290                __aeabi_fsub
                0x0000000008000294                __aeabi_fadd
                0x0000000008000294                __addsf3
                0x00000000080003f4                __aeabi_ui2f
                0x00000000080003f4                __floatunsisf
                0x00000000080003fc                __aeabi_i2f
                0x00000000080003fc                __floatsisf
                0x0000000008000418                __floatundisf
                0x0000000008000418                __aeabi_ul2f
                0x0000000008000428                __floatdisf
                0x0000000008000428                __aeabi_l2f
 .text          0x00000000080004a4      0x2a0 /usr/lib/gcc/arm-none-eabi/4.9.3/armv7-m/libgcc.a(_arm_muldivsf3.o)
                0x00000000080004a4                __mulsf3
                0x00000000080004a4                __aeabi_fmul
                0x000000000800060c                __divsf3
                0x000000000800060c                __aeabi_fdiv
 .text          0x0000000008000744       0xec /usr/lib/gcc/arm-none-eabi/4.9.3/armv7-m/libgcc.a(_arm_cmpsf2.o)
                0x0000000008000744                __gtsf2
                0x0000000008000744                __gesf2
                0x000000000800074c                __lesf2
                0x000000000800074c                __ltsf2
                0x0000000008000754                __nesf2
                0x0000000008000754                __eqsf2
                0x0000000008000754                __cmpsf2
                0x00000000080007b4                __aeabi_cfrcmple
                0x00000000080007bc                __aeabi_cfcmple
                0x00000000080007bc                __aeabi_cfcmpeq
                0x00000000080007cc                __aeabi_fcmpeq
                0x00000000080007e0                __aeabi_fcmplt
                0x00000000080007f4                __aeabi_fcmple
                0x0000000008000808                __aeabi_fcmpge
                0x000000000800081c                __aeabi_fcmpgt
 .text          0x0000000008000830       0x4c /usr/lib/gcc/arm-none-eabi/4.9.3/armv7-m/libgcc.a(_arm_fixsfsi.o)
                0x0000000008000830                __fixsfsi
                0x0000000008000830                __aeabi_f2iz
 *(.text*)
 .text.MX_GPIO_Init
                0x000000000800087c       0x80 build/main.o
 .text._Error_Handler
                0x00000000080008fc        0x4 build/main.o
                0x00000000080008fc                _Error_Handler
 .text.MX_CAN1_Init
                0x0000000008000900       0x48 build/main.o
 .text.MX_USART1_UART_Init
                0x0000000008000948       0x3c build/main.o
 .text.MX_UART4_Init
                0x0000000008000984       0x3c build/main.o
 .text.MX_CAN2_Init
                0x00000000080009c0       0x48 build/main.o
 .text.SystemClock_Config
                0x0000000008000a08       0x94 build/main.o
                0x0000000008000a08                SystemClock_Config
 .text.main     0x0000000008000a9c       0x5c build/main.o
                0x0000000008000a9c                main
 .text.HAL_GPIO_Init
                0x0000000008000af8      0x1e4 build/stm32f1xx_hal_gpio.o
                0x0000000008000af8                HAL_GPIO_Init
 .text.HAL_GPIO_WritePin
                0x0000000008000cdc        0xc build/stm32f1xx_hal_gpio.o
                0x0000000008000cdc                HAL_GPIO_WritePin
 .text.HAL_CAN_ConfigFilter
                0x0000000008000ce8      0x100 build/stm32f1xx_hal_can.o
                0x0000000008000ce8                HAL_CAN_ConfigFilter
 .text.HAL_CAN_Init
                0x0000000008000de8      0x14c build/stm32f1xx_hal_can.o
                0x0000000008000de8                HAL_CAN_Init
 .text.HAL_CAN_Transmit_IT
                0x0000000008000f34      0x160 build/stm32f1xx_hal_can.o
                0x0000000008000f34                HAL_CAN_Transmit_IT
 .text.HAL_CAN_Receive_IT
                0x0000000008001094      0x12c build/stm32f1xx_hal_can.o
                0x0000000008001094                HAL_CAN_Receive_IT
 .text.CAN_Transmit_IT
                0x00000000080011c0       0x58 build/stm32f1xx_hal_can.o
 .text.CAN_Receive_IT
                0x0000000008001218      0x174 build/stm32f1xx_hal_can.o
 .text.HAL_CAN_IRQHandler
                0x000000000800138c      0x1f8 build/stm32f1xx_hal_can.o
                0x000000000800138c                HAL_CAN_IRQHandler
 .text.NMI_Handler
                0x0000000008001584        0x4 build/stm32f1xx_it.o
                0x0000000008001584                NMI_Handler
 .text.HardFault_Handler
                0x0000000008001588        0x4 build/stm32f1xx_it.o
                0x0000000008001588                HardFault_Handler
 .text.MemManage_Handler
                0x000000000800158c        0x4 build/stm32f1xx_it.o
                0x000000000800158c                MemManage_Handler
 .text.BusFault_Handler
                0x0000000008001590        0x4 build/stm32f1xx_it.o
                0x0000000008001590                BusFault_Handler
 .text.UsageFault_Handler
                0x0000000008001594        0x4 build/stm32f1xx_it.o
                0x0000000008001594                UsageFault_Handler
 .text.SVC_Handler
                0x0000000008001598        0x4 build/stm32f1xx_it.o
                0x0000000008001598                SVC_Handler
 .text.DebugMon_Handler
                0x000000000800159c        0x4 build/stm32f1xx_it.o
                0x000000000800159c                DebugMon_Handler
 .text.PendSV_Handler
                0x00000000080015a0        0x4 build/stm32f1xx_it.o
                0x00000000080015a0                PendSV_Handler
 .text.SysTick_Handler
                0x00000000080015a4        0xc build/stm32f1xx_it.o
                0x00000000080015a4                SysTick_Handler
 .text.CAN1_TX_IRQHandler
                0x00000000080015b0       0x10 build/stm32f1xx_it.o
                0x00000000080015b0                CAN1_TX_IRQHandler
 .text.CAN1_RX0_IRQHandler
                0x00000000080015c0       0x10 build/stm32f1xx_it.o
                0x00000000080015c0                CAN1_RX0_IRQHandler
 .text.CAN1_RX1_IRQHandler
                0x00000000080015d0       0x10 build/stm32f1xx_it.o
                0x00000000080015d0                CAN1_RX1_IRQHandler
 .text.CAN1_SCE_IRQHandler
                0x00000000080015e0       0x10 build/stm32f1xx_it.o
                0x00000000080015e0                CAN1_SCE_IRQHandler
 .text.UART4_IRQHandler
                0x00000000080015f0       0x10 build/stm32f1xx_it.o
                0x00000000080015f0                UART4_IRQHandler
 .text.CAN2_TX_IRQHandler
                0x0000000008001600       0x10 build/stm32f1xx_it.o
                0x0000000008001600                CAN2_TX_IRQHandler
 .text.CAN2_RX0_IRQHandler
                0x0000000008001610       0x10 build/stm32f1xx_it.o
                0x0000000008001610                CAN2_RX0_IRQHandler
 .text.CAN2_RX1_IRQHandler
                0x0000000008001620       0x10 build/stm32f1xx_it.o
                0x0000000008001620                CAN2_RX1_IRQHandler
 .text.CAN2_SCE_IRQHandler
                0x0000000008001630       0x10 build/stm32f1xx_it.o
                0x0000000008001630                CAN2_SCE_IRQHandler
 .text.HAL_NVIC_SetPriorityGrouping
                0x0000000008001640       0x24 build/stm32f1xx_hal_cortex.o
                0x0000000008001640                HAL_NVIC_SetPriorityGrouping
 .text.HAL_NVIC_SetPriority
                0x0000000008001664       0x64 build/stm32f1xx_hal_cortex.o
                0x0000000008001664                HAL_NVIC_SetPriority
 .text.HAL_NVIC_EnableIRQ
                0x00000000080016c8       0x18 build/stm32f1xx_hal_cortex.o
                0x00000000080016c8                HAL_NVIC_EnableIRQ
 .text.HAL_NVIC_DisableIRQ
                0x00000000080016e0       0x18 build/stm32f1xx_hal_cortex.o
                0x00000000080016e0                HAL_NVIC_DisableIRQ
 .text.HAL_SYSTICK_Config
                0x00000000080016f8       0x2c build/stm32f1xx_hal_cortex.o
                0x00000000080016f8                HAL_SYSTICK_Config
 .text.HAL_SYSTICK_CLKSourceConfig
                0x0000000008001724       0x20 build/stm32f1xx_hal_cortex.o
                0x0000000008001724                HAL_SYSTICK_CLKSourceConfig
 .text.HAL_SYSTICK_Callback
                0x0000000008001744        0x4 build/stm32f1xx_hal_cortex.o
                0x0000000008001744                HAL_SYSTICK_Callback
 .text.HAL_SYSTICK_IRQHandler
                0x0000000008001748        0x8 build/stm32f1xx_hal_cortex.o
                0x0000000008001748                HAL_SYSTICK_IRQHandler
 .text.UART_EndRxTransfer
                0x0000000008001750       0x1c build/stm32f1xx_hal_uart.o
 .text.UART_Transmit_IT
                0x000000000800176c       0x68 build/stm32f1xx_hal_uart.o
 .text.UART_SetConfig
                0x00000000080017d4      0x1bc build/stm32f1xx_hal_uart.o
 .text.HAL_UART_Init
                0x0000000008001990       0x64 build/stm32f1xx_hal_uart.o
                0x0000000008001990                HAL_UART_Init
 .text.HAL_UART_Transmit_IT
                0x00000000080019f4       0x48 build/stm32f1xx_hal_uart.o
                0x00000000080019f4                HAL_UART_Transmit_IT
 .text.HAL_UART_Receive_IT
                0x0000000008001a3c       0x5c build/stm32f1xx_hal_uart.o
                0x0000000008001a3c                HAL_UART_Receive_IT
 .text.HAL_UART_TxCpltCallback
                0x0000000008001a98        0x4 build/stm32f1xx_hal_uart.o
                0x0000000008001a98                HAL_UART_TxCpltCallback
 .text.UART_EndTransmit_IT
                0x0000000008001a9c       0x1c build/stm32f1xx_hal_uart.o
 .text.UART_Receive_IT
                0x0000000008001ab8       0x9c build/stm32f1xx_hal_uart.o
 .text.HAL_UART_ErrorCallback
                0x0000000008001b54        0x4 build/stm32f1xx_hal_uart.o
                0x0000000008001b54                HAL_UART_ErrorCallback
 .text.HAL_UART_IRQHandler
                0x0000000008001b58      0x11c build/stm32f1xx_hal_uart.o
                0x0000000008001b58                HAL_UART_IRQHandler
 .text.UART_DMAAbortOnError
                0x0000000008001c74       0x10 build/stm32f1xx_hal_uart.o
 .text.HAL_InitTick
                0x0000000008001c84       0x2c build/stm32f1xx_hal.o
                0x0000000008001c84                HAL_InitTick
 .text.HAL_Init
                0x0000000008001cb0       0x24 build/stm32f1xx_hal.o
                0x0000000008001cb0                HAL_Init
 .text.HAL_IncTick
                0x0000000008001cd4       0x10 build/stm32f1xx_hal.o
                0x0000000008001cd4                HAL_IncTick
 .text.HAL_GetTick
                0x0000000008001ce4        0xc build/stm32f1xx_hal.o
                0x0000000008001ce4                HAL_GetTick
 .text.HAL_Delay
                0x0000000008001cf0       0x24 build/stm32f1xx_hal.o
                0x0000000008001cf0                HAL_Delay
 .text.RCC_Delay
                0x0000000008001d14       0x2c build/stm32f1xx_hal_rcc.o
 .text.HAL_RCC_OscConfig
                0x0000000008001d40      0x4fc build/stm32f1xx_hal_rcc.o
                0x0000000008001d40                HAL_RCC_OscConfig
 .text.HAL_RCC_GetSysClockFreq
                0x000000000800223c       0xb4 build/stm32f1xx_hal_rcc.o
                0x000000000800223c                HAL_RCC_GetSysClockFreq
 .text.HAL_RCC_ClockConfig
                0x00000000080022f0      0x184 build/stm32f1xx_hal_rcc.o
                0x00000000080022f0                HAL_RCC_ClockConfig
 .text.HAL_RCC_GetHCLKFreq
                0x0000000008002474        0xc build/stm32f1xx_hal_rcc.o
                0x0000000008002474                HAL_RCC_GetHCLKFreq
 .text.HAL_RCC_GetPCLK1Freq
                0x0000000008002480       0x20 build/stm32f1xx_hal_rcc.o
                0x0000000008002480                HAL_RCC_GetPCLK1Freq
 .text.HAL_RCC_GetPCLK2Freq
                0x00000000080024a0       0x20 build/stm32f1xx_hal_rcc.o
                0x00000000080024a0                HAL_RCC_GetPCLK2Freq
 .text.HAL_MspInit
                0x00000000080024c0       0x94 build/stm32f1xx_hal_msp.o
                0x00000000080024c0                HAL_MspInit
 .text.HAL_CAN_MspInit
                0x0000000008002554      0x15c build/stm32f1xx_hal_msp.o
                0x0000000008002554                HAL_CAN_MspInit
 .text.HAL_UART_MspInit
                0x00000000080026b0       0xbc build/stm32f1xx_hal_msp.o
                0x00000000080026b0                HAL_UART_MspInit
 .text.HAL_DMA_Abort_IT
                0x000000000800276c      0x168 build/stm32f1xx_hal_dma.o
                0x000000000800276c                HAL_DMA_Abort_IT
 .text.crc16    0x00000000080028d4       0x30 build/vesc.o
 .text.extract  0x0000000008002904       0x20 build/vesc.o
 .text.push     0x0000000008002924       0x24 build/vesc.o
 .text.processData
                0x0000000008002948       0xd8 build/vesc.o
 .text.sendPayload
                0x0000000008002a20       0x60 build/vesc.o
 .text.vescInit
                0x0000000008002a80       0x18 build/vesc.o
                0x0000000008002a80                vescInit
 .text.vescRequestValues
                0x0000000008002a98       0x20 build/vesc.o
                0x0000000008002a98                vescRequestValues
 .text.vescSetPwm
                0x0000000008002ab8       0x50 build/vesc.o
                0x0000000008002ab8                vescSetPwm
 .text.vescSetCurrent
                0x0000000008002b08       0x34 build/vesc.o
                0x0000000008002b08                vescSetCurrent
 .text.vescNextByte
                0x0000000008002b3c       0xac build/vesc.o
                0x0000000008002b3c                vescNextByte
 .text.HAL_UART_RxCpltCallback
                0x0000000008002be8       0x34 build/vesc.o
                0x0000000008002be8                HAL_UART_RxCpltCallback
 .text.usrMain  0x0000000008002c1c      0x3e0 build/usrMain.o
                0x0000000008002c1c                usrMain
 .text.setupFilters1Canteros
                0x0000000008002ffc       0x88 build/can.o
 .text.setupFilters1Accept
                0x0000000008003084       0x40 build/can.o
 .text.setupFilters2Accept
                0x00000000080030c4       0x40 build/can.o
 .text.disableRX0Int
                0x0000000008003104       0x1c build/can.o
 .text.enableRX0Int
                0x0000000008003120       0x1c build/can.o
 .text.HAL_CAN_TxCpltCallback
                0x000000000800313c        0x4 build/can.o
                0x000000000800313c                HAL_CAN_TxCpltCallback
 .text.HAL_CAN_RxCpltCallback
                0x0000000008003140       0x80 build/can.o
                0x0000000008003140                HAL_CAN_RxCpltCallback
 .text.HAL_CAN_ErrorCallback
                0x00000000080031c0       0x20 build/can.o
                0x00000000080031c0                HAL_CAN_ErrorCallback
 .text.configCanAddresses
                0x00000000080031e0       0x14 build/can.o
                0x00000000080031e0                configCanAddresses
 .text.canInit  0x00000000080031f4       0xb4 build/can.o
                0x00000000080031f4                canInit
 .text.canSendMessage
                0x00000000080032a8       0x48 build/can.o
                0x00000000080032a8                canSendMessage
 .text.canCheckInbox
                0x00000000080032f0       0x38 build/can.o
                0x00000000080032f0                canCheckInbox
 .text.canGetNew
                0x0000000008003328       0x68 build/can.o
                0x0000000008003328                canGetNew
 .text.isHandled
                0x0000000008003390       0x58 build/canteros.o
 .text.configCanteros
                0x00000000080033e8       0x38 build/canteros.o
                0x00000000080033e8                configCanteros
 .text.canterosInit
                0x0000000008003420       0x10 build/canteros.o
                0x0000000008003420                canterosInit
 .text.canterosSendMessage
                0x0000000008003430       0x5c build/canteros.o
                0x0000000008003430                canterosSendMessage
 .text.canterosProcess
                0x000000000800348c      0x114 build/canteros.o
                0x000000000800348c                canterosProcess
 .text.canterosCheckInbox
                0x00000000080035a0       0x24 build/canteros.o
                0x00000000080035a0                canterosCheckInbox
 .text.canterosGetNew
                0x00000000080035c4       0x3c build/canteros.o
                0x00000000080035c4                canterosGetNew
 .text.pidCompute
                0x0000000008003600       0xbc build/pid.o
                0x0000000008003600                pidCompute
 .text.pidStart
                0x00000000080036bc       0x30 build/pid.o
                0x00000000080036bc                pidStart
 .text.pidStop  0x00000000080036ec        0x8 build/pid.o
                0x00000000080036ec                pidStop
 .text.led      0x00000000080036f4       0x48 build/globals.o
                0x00000000080036f4                led
 .text.SystemInit
                0x000000000800373c       0x58 build/system_stm32f1xx.o
                0x000000000800373c                SystemInit
 .text.Reset_Handler
                0x0000000008003794       0x44 build/startup_stm32f105xc.o
                0x0000000008003794                Reset_Handler
 .text.Default_Handler
                0x00000000080037d8        0x2 build/startup_stm32f105xc.o
                0x00000000080037d8                RTC_Alarm_IRQHandler
                0x00000000080037d8                EXTI2_IRQHandler
                0x00000000080037d8                TIM1_CC_IRQHandler
                0x00000000080037d8                TIM6_IRQHandler
                0x00000000080037d8                PVD_IRQHandler
                0x00000000080037d8                EXTI3_IRQHandler
                0x00000000080037d8                EXTI0_IRQHandler
                0x00000000080037d8                I2C2_EV_IRQHandler
                0x00000000080037d8                ADC1_2_IRQHandler
                0x00000000080037d8                SPI1_IRQHandler
                0x00000000080037d8                TAMPER_IRQHandler
                0x00000000080037d8                DMA2_Channel2_IRQHandler
                0x00000000080037d8                DMA1_Channel4_IRQHandler
                0x00000000080037d8                USART3_IRQHandler
                0x00000000080037d8                RTC_IRQHandler
                0x00000000080037d8                DMA1_Channel7_IRQHandler
                0x00000000080037d8                UART5_IRQHandler
                0x00000000080037d8                TIM4_IRQHandler
                0x00000000080037d8                DMA2_Channel1_IRQHandler
                0x00000000080037d8                I2C1_EV_IRQHandler
                0x00000000080037d8                DMA1_Channel6_IRQHandler
                0x00000000080037d8                DMA2_Channel4_IRQHandler
                0x00000000080037d8                TIM3_IRQHandler
                0x00000000080037d8                RCC_IRQHandler
                0x00000000080037d8                TIM1_TRG_COM_IRQHandler
                0x00000000080037d8                DMA1_Channel1_IRQHandler
                0x00000000080037d8                Default_Handler
                0x00000000080037d8                EXTI15_10_IRQHandler
                0x00000000080037d8                TIM7_IRQHandler
                0x00000000080037d8                TIM5_IRQHandler
                0x00000000080037d8                EXTI9_5_IRQHandler
                0x00000000080037d8                SPI2_IRQHandler
                0x00000000080037d8                DMA2_Channel5_IRQHandler
                0x00000000080037d8                DMA1_Channel5_IRQHandler
                0x00000000080037d8                EXTI4_IRQHandler
                0x00000000080037d8                DMA1_Channel3_IRQHandler
                0x00000000080037d8                TIM1_UP_IRQHandler
                0x00000000080037d8                WWDG_IRQHandler
                0x00000000080037d8                TIM2_IRQHandler
                0x00000000080037d8                OTG_FS_WKUP_IRQHandler
                0x00000000080037d8                TIM1_BRK_IRQHandler
                0x00000000080037d8                EXTI1_IRQHandler
                0x00000000080037d8                USART2_IRQHandler
                0x00000000080037d8                I2C2_ER_IRQHandler
                0x00000000080037d8                DMA1_Channel2_IRQHandler
                0x00000000080037d8                FLASH_IRQHandler
                0x00000000080037d8                USART1_IRQHandler
                0x00000000080037d8                OTG_FS_IRQHandler
                0x00000000080037d8                SPI3_IRQHandler
                0x00000000080037d8                I2C1_ER_IRQHandler
                0x00000000080037d8                DMA2_Channel3_IRQHandler
 *(.glue_7)
 .glue_7        0x00000000080037da        0x0 linker stubs
 *(.glue_7t)
 .glue_7t       0x00000000080037da        0x0 linker stubs
 *(.eh_frame)
 *fill*         0x00000000080037da        0x2 
 .eh_frame      0x00000000080037dc        0x0 /usr/lib/gcc/arm-none-eabi/4.9.3/armv7-m/crtbegin.o
 *(.init)
 .init          0x00000000080037dc        0x4 /usr/lib/gcc/arm-none-eabi/4.9.3/armv7-m/crti.o
                0x00000000080037dc                _init
 .init          0x00000000080037e0        0x8 /usr/lib/gcc/arm-none-eabi/4.9.3/armv7-m/crtn.o
 *(.fini)
 .fini          0x00000000080037e8        0x4 /usr/lib/gcc/arm-none-eabi/4.9.3/armv7-m/crti.o
                0x00000000080037e8                _fini
 .fini          0x00000000080037ec        0x8 /usr/lib/gcc/arm-none-eabi/4.9.3/armv7-m/crtn.o
                0x00000000080037f4                . = ALIGN (0x4)
                0x00000000080037f4                _etext = .

.vfp11_veneer   0x00000000080037f4        0x0
 .vfp11_veneer  0x00000000080037f4        0x0 linker stubs

.v4_bx          0x00000000080037f4        0x0
 .v4_bx         0x00000000080037f4        0x0 linker stubs

.iplt           0x00000000080037f4        0x0
 .iplt          0x00000000080037f4        0x0 /usr/lib/gcc/arm-none-eabi/4.9.3/armv7-m/crtbegin.o

.rodata         0x00000000080037f4      0x27c
                0x00000000080037f4                . = ALIGN (0x4)
 *(.rodata)
 .rodata        0x00000000080037f4       0x20 build/stm32f1xx_hal_rcc.o
 *(.rodata*)
 .rodata.str1.4
                0x0000000008003814        0xb build/main.o
 *fill*         0x000000000800381f        0x1 
 .rodata.str1.4
                0x0000000008003820        0xb build/vesc.o
 *fill*         0x000000000800382b        0x1 
 .rodata.crc16Tab
                0x000000000800382c      0x200 build/vesc.o
 .rodata.myAddresses
                0x0000000008003a2c        0x2 build/usrMain.o
 *fill*         0x0000000008003a2e        0x2 
 .rodata.handledHeaders
                0x0000000008003a30        0x8 build/usrMain.o
 .rodata.str1.4
                0x0000000008003a38       0x20 build/can.o
 .rodata.AHBPrescTable
                0x0000000008003a58       0x10 build/system_stm32f1xx.o
                0x0000000008003a58                AHBPrescTable
 .rodata.APBPrescTable
                0x0000000008003a68        0x8 build/system_stm32f1xx.o
                0x0000000008003a68                APBPrescTable
                0x0000000008003a70                . = ALIGN (0x4)

.rel.dyn        0x0000000008003a70        0x0
 .rel.iplt      0x0000000008003a70        0x0 /usr/lib/gcc/arm-none-eabi/4.9.3/armv7-m/crtbegin.o

.ARM.extab
 *(.ARM.extab* .gnu.linkonce.armextab.*)

.ARM            0x0000000008003a70        0x0
                0x0000000008003a70                __exidx_start = .
 *(.ARM.exidx*)
                0x0000000008003a70                __exidx_end = .

.preinit_array  0x0000000008003a70        0x0
                0x0000000008003a70                PROVIDE (__preinit_array_start, .)
 *(.preinit_array*)
                0x0000000008003a70                PROVIDE (__preinit_array_end, .)

.init_array     0x0000000008003a70        0x4
                0x0000000008003a70                PROVIDE (__init_array_start, .)
 *(SORT(.init_array.*))
 *(.init_array*)
 .init_array    0x0000000008003a70        0x4 /usr/lib/gcc/arm-none-eabi/4.9.3/armv7-m/crtbegin.o
                0x0000000008003a74                PROVIDE (__init_array_end, .)

.fini_array     0x0000000008003a74        0x4
                0x0000000008003a74                PROVIDE (__fini_array_start, .)
 *(SORT(.fini_array.*))
 *(.fini_array*)
 .fini_array    0x0000000008003a74        0x4 /usr/lib/gcc/arm-none-eabi/4.9.3/armv7-m/crtbegin.o
                0x0000000008003a78                PROVIDE (__fini_array_end, .)
                0x0000000008003a78                _sidata = LOADADDR (.data)

.data           0x0000000020000000        0x8 load address 0x0000000008003a78
                0x0000000020000000                . = ALIGN (0x4)
                0x0000000020000000                _sdata = .
 *(.data)
 *(.data*)
 .data.indexPulsePosition
                0x0000000020000000        0x2 build/usrMain.o
 *fill*         0x0000000020000002        0x2 
 .data.SystemCoreClock
                0x0000000020000004        0x4 build/system_stm32f1xx.o
                0x0000000020000004                SystemCoreClock
                0x0000000020000008                . = ALIGN (0x4)
                0x0000000020000008                _edata = .

.jcr            0x0000000020000008        0x0 load address 0x0000000008003a80
 .jcr           0x0000000020000008        0x0 /usr/lib/gcc/arm-none-eabi/4.9.3/armv7-m/crtbegin.o

.tm_clone_table
                0x0000000020000008        0x0 load address 0x0000000008003a80
 .tm_clone_table
                0x0000000020000008        0x0 /usr/lib/gcc/arm-none-eabi/4.9.3/armv7-m/crtbegin.o
 .tm_clone_table
                0x0000000020000008        0x0 /usr/lib/gcc/arm-none-eabi/4.9.3/armv7-m/crtend.o

.igot.plt       0x0000000020000008        0x0 load address 0x0000000008003a80
 .igot.plt      0x0000000020000008        0x0 /usr/lib/gcc/arm-none-eabi/4.9.3/armv7-m/crtbegin.o
                0x0000000020000008                . = ALIGN (0x4)

.bss            0x0000000020000008      0x584 load address 0x0000000008003a80
                0x0000000020000008                _sbss = .
                0x0000000020000008                __bss_start__ = _sbss
 *(.bss)
 .bss           0x0000000020000008       0x1c /usr/lib/gcc/arm-none-eabi/4.9.3/armv7-m/crtbegin.o
 *(.bss*)
 .bss.HAL_RCC_CAN1_CLK_ENABLED
                0x0000000020000024        0x4 build/stm32f1xx_hal_msp.o
 .bss.incSize.6833
                0x0000000020000028        0x1 build/vesc.o
 *fill*         0x0000000020000029        0x3 
 .bss.incData   0x000000002000002c       0x80 build/vesc.o
 .bss.crc.6836  0x00000000200000ac        0x2 build/vesc.o
 .bss.uartBuffer
                0x00000000200000ae        0x1 build/vesc.o
 .bss.state.6834
                0x00000000200000af        0x1 build/vesc.o
 .bss.idx.6835  0x00000000200000b0        0x1 build/vesc.o
 *fill*         0x00000000200000b1        0x3 
 .bss.sendBuf   0x00000000200000b4       0x40 build/vesc.o
 .bss.payload   0x00000000200000f4       0x20 build/vesc.o
 .bss.modeNow   0x0000000020000114        0x1 build/usrMain.o
 *fill*         0x0000000020000115        0x3 
 .bss.positionPid
                0x0000000020000118       0x34 build/usrMain.o
 .bss.positionInfoPeriodMs
                0x000000002000014c        0x2 build/usrMain.o
 .bss.ENC_CNT   0x000000002000014e        0x2 build/usrMain.o
 .bss.driverInfoPeriodMs
                0x0000000020000150        0x2 build/usrMain.o
                0x0000000020000150                driverInfoPeriodMs
 *fill*         0x0000000020000152        0x2 
 .bss.rxMessage1.6809
                0x0000000020000154       0x24 build/can.o
 .bss.rxMessage2.6810
                0x0000000020000178       0x24 build/can.o
 .bss.myAddresses
                0x000000002000019c        0x4 build/can.o
 .bss.ADDRESSES_SIZE
                0x00000000200001a0        0x1 build/can.o
 *fill*         0x00000000200001a1        0x3 
 .bss.txMessage2.6808
                0x00000000200001a4       0x1c build/can.o
 .bss.lastCanError
                0x00000000200001c0        0x4 build/can.o
                0x00000000200001c0                lastCanError
 .bss.queue1    0x00000000200001c4       0xc2 build/can.o
 *fill*         0x0000000020000286        0x2 
 .bss.queue2    0x0000000020000288       0xc2 build/can.o
 *fill*         0x000000002000034a        0x2 
 .bss.txMessage1.6807
                0x000000002000034c       0x1c build/can.o
 .bss.PRIMARY_ADDRESS
                0x0000000020000368        0x2 build/canteros.o
 *fill*         0x000000002000036a        0x2 
 .bss.queue     0x000000002000036c       0xa2 build/canteros.o
 *fill*         0x000000002000040e        0x2 
 .bss.handledHeaders
                0x0000000020000410        0x4 build/canteros.o
 .bss.myAddresses
                0x0000000020000414        0x4 build/canteros.o
 .bss.ADDRESSES_SIZE
                0x0000000020000418        0x1 build/canteros.o
 *fill*         0x0000000020000419        0x3 
 .bss.lastNodeStatusMs.6818
                0x000000002000041c        0x4 build/canteros.o
 .bss.HEADERS_SIZE
                0x0000000020000420        0x1 build/canteros.o
 *(COMMON)
 *fill*         0x0000000020000421        0x3 
 COMMON         0x0000000020000424      0x108 build/main.o
                0x0000000020000424                hcan2
                0x0000000020000468                huart1
                0x00000000200004a8                huart4
                0x00000000200004e8                hcan1
 COMMON         0x000000002000052c        0x4 build/stm32f1xx_hal.o
                0x000000002000052c                uwTick
 COMMON         0x0000000020000530        0x8 build/handles.o
                0x0000000020000530                uart1Handle
                0x0000000020000534                uart4Handle
 COMMON         0x0000000020000538       0x44 build/vesc.o
                0x0000000020000538                vescNewValuesReady
                0x000000002000053c                vescLastValues
 COMMON         0x000000002000057c        0x8 build/canteros.o
                0x000000002000057c                sendingNodeStatus
 COMMON         0x0000000020000584        0x8 build/globals.o
                0x0000000020000584                can2Handle
                0x0000000020000588                can1Handle
                0x000000002000058c                . = ALIGN (0x4)
                0x000000002000058c                _ebss = .
                0x000000002000058c                __bss_end__ = _ebss

._user_heap_stack
                0x000000002000058c      0x604 load address 0x0000000008003a80
                0x0000000020000590                . = ALIGN (0x8)
 *fill*         0x000000002000058c        0x4 
                [!provide]                        PROVIDE (end, .)
                [!provide]                        PROVIDE (_end, .)
                0x0000000020000790                . = (. + _Min_Heap_Size)
 *fill*         0x0000000020000590      0x200 
                0x0000000020000b90                . = (. + _Min_Stack_Size)
 *fill*         0x0000000020000790      0x400 
                0x0000000020000b90                . = ALIGN (0x8)

/DISCARD/
 libc.a(*)
 libm.a(*)
 libgcc.a(*)

.ARM.attributes
                0x0000000000000000       0x29
 *(.ARM.attributes)
 .ARM.attributes
                0x0000000000000000       0x1d /usr/lib/gcc/arm-none-eabi/4.9.3/armv7-m/crti.o
 .ARM.attributes
                0x000000000000001d       0x2d /usr/lib/gcc/arm-none-eabi/4.9.3/armv7-m/crtbegin.o
 .ARM.attributes
                0x000000000000004a       0x33 build/main.o
 .ARM.attributes
                0x000000000000007d       0x33 build/stm32f1xx_hal_gpio.o
 .ARM.attributes
                0x00000000000000b0       0x33 build/stm32f1xx_hal_can.o
 .ARM.attributes
                0x00000000000000e3       0x33 build/stm32f1xx_it.o
 .ARM.attributes
                0x0000000000000116       0x33 build/stm32f1xx_hal_cortex.o
 .ARM.attributes
                0x0000000000000149       0x33 build/stm32f1xx_hal_uart.o
 .ARM.attributes
                0x000000000000017c       0x33 build/stm32f1xx_hal.o
 .ARM.attributes
                0x00000000000001af       0x33 build/stm32f1xx_hal_rcc.o
 .ARM.attributes
                0x00000000000001e2       0x33 build/stm32f1xx_hal_msp.o
 .ARM.attributes
                0x0000000000000215       0x33 build/stm32f1xx_hal_dma.o
 .ARM.attributes
                0x0000000000000248       0x33 build/handles.o
 .ARM.attributes
                0x000000000000027b       0x33 build/vesc.o
 .ARM.attributes
                0x00000000000002ae       0x33 build/usrMain.o
 .ARM.attributes
                0x00000000000002e1       0x33 build/can.o
 .ARM.attributes
                0x0000000000000314       0x33 build/canteros.o
 .ARM.attributes
                0x0000000000000347       0x33 build/pid.o
 .ARM.attributes
                0x000000000000037a       0x33 build/globals.o
 .ARM.attributes
                0x00000000000003ad       0x33 build/system_stm32f1xx.o
 .ARM.attributes
                0x00000000000003e0       0x21 build/startup_stm32f105xc.o
 .ARM.attributes
                0x0000000000000401       0x1d /usr/lib/gcc/arm-none-eabi/4.9.3/armv7-m/libgcc.a(_arm_addsubsf3.o)
 .ARM.attributes
                0x000000000000041e       0x1d /usr/lib/gcc/arm-none-eabi/4.9.3/armv7-m/libgcc.a(_arm_muldivsf3.o)
 .ARM.attributes
                0x000000000000043b       0x1d /usr/lib/gcc/arm-none-eabi/4.9.3/armv7-m/libgcc.a(_arm_cmpsf2.o)
 .ARM.attributes
                0x0000000000000458       0x1d /usr/lib/gcc/arm-none-eabi/4.9.3/armv7-m/libgcc.a(_arm_fixsfsi.o)
 .ARM.attributes
                0x0000000000000475       0x2d /usr/lib/gcc/arm-none-eabi/4.9.3/armv7-m/crtend.o
 .ARM.attributes
                0x00000000000004a2       0x1d /usr/lib/gcc/arm-none-eabi/4.9.3/armv7-m/crtn.o
OUTPUT(build/vescDriver.elf elf32-littlearm)

.comment        0x0000000000000000       0x38
 .comment       0x0000000000000000       0x38 /usr/lib/gcc/arm-none-eabi/4.9.3/armv7-m/crtbegin.o
                                         0x39 (size before relaxing)
 .comment       0x0000000000000038       0x39 build/main.o
 .comment       0x0000000000000038       0x39 build/stm32f1xx_hal_gpio.o
 .comment       0x0000000000000038       0x39 build/stm32f1xx_hal_can.o
 .comment       0x0000000000000038       0x39 build/stm32f1xx_it.o
 .comment       0x0000000000000038       0x39 build/stm32f1xx_hal_cortex.o
 .comment       0x0000000000000038       0x39 build/stm32f1xx_hal_uart.o
 .comment       0x0000000000000038       0x39 build/stm32f1xx_hal.o
 .comment       0x0000000000000038       0x39 build/stm32f1xx_hal_rcc.o
 .comment       0x0000000000000038       0x39 build/stm32f1xx_hal_msp.o
 .comment       0x0000000000000038       0x39 build/stm32f1xx_hal_dma.o
 .comment       0x0000000000000038       0x39 build/handles.o
 .comment       0x0000000000000038       0x39 build/vesc.o
 .comment       0x0000000000000038       0x39 build/usrMain.o
 .comment       0x0000000000000038       0x39 build/can.o
 .comment       0x0000000000000038       0x39 build/canteros.o
 .comment       0x0000000000000038       0x39 build/pid.o
 .comment       0x0000000000000038       0x39 build/globals.o
 .comment       0x0000000000000038       0x39 build/system_stm32f1xx.o
 .comment       0x0000000000000038       0x39 /usr/lib/gcc/arm-none-eabi/4.9.3/armv7-m/crtend.o

.debug_info     0x0000000000000000     0xe10d
 .debug_info    0x0000000000000000     0x14f9 build/main.o
 .debug_info    0x00000000000014f9      0x680 build/stm32f1xx_hal_gpio.o
 .debug_info    0x0000000000001b79      0xd23 build/stm32f1xx_hal_can.o
 .debug_info    0x000000000000289c      0xd2c build/stm32f1xx_it.o
 .debug_info    0x00000000000035c8      0xd1f build/stm32f1xx_hal_cortex.o
 .debug_info    0x00000000000042e7     0x1795 build/stm32f1xx_hal_uart.o
 .debug_info    0x0000000000005a7c      0x7a5 build/stm32f1xx_hal.o
 .debug_info    0x0000000000006221      0xafb build/stm32f1xx_hal_rcc.o
 .debug_info    0x0000000000006d1c     0x1529 build/stm32f1xx_hal_msp.o
 .debug_info    0x0000000000008245      0x81d build/stm32f1xx_hal_dma.o
 .debug_info    0x0000000000008a62      0x56e build/handles.o
 .debug_info    0x0000000000008fd0     0x1029 build/vesc.o
 .debug_info    0x0000000000009ff9     0x119f build/usrMain.o
 .debug_info    0x000000000000b198     0x10d7 build/can.o
 .debug_info    0x000000000000c26f      0xc03 build/canteros.o
 .debug_info    0x000000000000ce72      0x253 build/pid.o
 .debug_info    0x000000000000d0c5      0x88a build/globals.o
 .debug_info    0x000000000000d94f      0x463 build/system_stm32f1xx.o
 .debug_info    0x000000000000ddb2       0x73 build/startup_stm32f105xc.o
 .debug_info    0x000000000000de25       0xba /usr/lib/gcc/arm-none-eabi/4.9.3/armv7-m/libgcc.a(_arm_addsubsf3.o)
 .debug_info    0x000000000000dedf       0xba /usr/lib/gcc/arm-none-eabi/4.9.3/armv7-m/libgcc.a(_arm_muldivsf3.o)
 .debug_info    0x000000000000df99       0xba /usr/lib/gcc/arm-none-eabi/4.9.3/armv7-m/libgcc.a(_arm_cmpsf2.o)
 .debug_info    0x000000000000e053       0xba /usr/lib/gcc/arm-none-eabi/4.9.3/armv7-m/libgcc.a(_arm_fixsfsi.o)

.debug_abbrev   0x0000000000000000     0x270a
 .debug_abbrev  0x0000000000000000      0x285 build/main.o
 .debug_abbrev  0x0000000000000285      0x200 build/stm32f1xx_hal_gpio.o
 .debug_abbrev  0x0000000000000485      0x22a build/stm32f1xx_hal_can.o
 .debug_abbrev  0x00000000000006af      0x1a4 build/stm32f1xx_it.o
 .debug_abbrev  0x0000000000000853      0x2bf build/stm32f1xx_hal_cortex.o
 .debug_abbrev  0x0000000000000b12      0x2a8 build/stm32f1xx_hal_uart.o
 .debug_abbrev  0x0000000000000dba      0x225 build/stm32f1xx_hal.o
 .debug_abbrev  0x0000000000000fdf      0x295 build/stm32f1xx_hal_rcc.o
 .debug_abbrev  0x0000000000001274      0x1ee build/stm32f1xx_hal_msp.o
 .debug_abbrev  0x0000000000001462      0x238 build/stm32f1xx_hal_dma.o
 .debug_abbrev  0x000000000000169a       0xf5 build/handles.o
 .debug_abbrev  0x000000000000178f      0x2ee build/vesc.o
 .debug_abbrev  0x0000000000001a7d      0x2a0 build/usrMain.o
 .debug_abbrev  0x0000000000001d1d      0x2fa build/can.o
 .debug_abbrev  0x0000000000002017      0x2a3 build/canteros.o
 .debug_abbrev  0x00000000000022ba      0x12f build/pid.o
 .debug_abbrev  0x00000000000023e9      0x1bc build/globals.o
 .debug_abbrev  0x00000000000025a5      0x103 build/system_stm32f1xx.o
 .debug_abbrev  0x00000000000026a8       0x12 build/startup_stm32f105xc.o
 .debug_abbrev  0x00000000000026ba       0x14 /usr/lib/gcc/arm-none-eabi/4.9.3/armv7-m/libgcc.a(_arm_addsubsf3.o)
 .debug_abbrev  0x00000000000026ce       0x14 /usr/lib/gcc/arm-none-eabi/4.9.3/armv7-m/libgcc.a(_arm_muldivsf3.o)
 .debug_abbrev  0x00000000000026e2       0x14 /usr/lib/gcc/arm-none-eabi/4.9.3/armv7-m/libgcc.a(_arm_cmpsf2.o)
 .debug_abbrev  0x00000000000026f6       0x14 /usr/lib/gcc/arm-none-eabi/4.9.3/armv7-m/libgcc.a(_arm_fixsfsi.o)

.debug_loc      0x0000000000000000     0x55bd
 .debug_loc     0x0000000000000000      0x111 build/main.o
 .debug_loc     0x0000000000000111      0x401 build/stm32f1xx_hal_gpio.o
 .debug_loc     0x0000000000000512      0xd1b build/stm32f1xx_hal_can.o
 .debug_loc     0x000000000000122d      0x140 build/stm32f1xx_it.o
 .debug_loc     0x000000000000136d      0x545 build/stm32f1xx_hal_cortex.o
 .debug_loc     0x00000000000018b2     0x1763 build/stm32f1xx_hal_uart.o
 .debug_loc     0x0000000000003015      0x101 build/stm32f1xx_hal.o
 .debug_loc     0x0000000000003116      0x710 build/stm32f1xx_hal_rcc.o
 .debug_loc     0x0000000000003826      0x1d0 build/stm32f1xx_hal_msp.o
 .debug_loc     0x00000000000039f6      0x7b9 build/stm32f1xx_hal_dma.o
 .debug_loc     0x00000000000041af      0x57e build/vesc.o
 .debug_loc     0x000000000000472d      0x23d build/usrMain.o
 .debug_loc     0x000000000000496a      0x47e build/can.o
 .debug_loc     0x0000000000004de8      0x3ed build/canteros.o
 .debug_loc     0x00000000000051d5       0xd2 build/pid.o
 .debug_loc     0x00000000000052a7      0x144 build/globals.o
 .debug_loc     0x00000000000053eb      0x1d2 build/system_stm32f1xx.o

.debug_aranges  0x0000000000000000      0x918
 .debug_aranges
                0x0000000000000000       0x58 build/main.o
 .debug_aranges
                0x0000000000000058       0x58 build/stm32f1xx_hal_gpio.o
 .debug_aranges
                0x00000000000000b0       0xb0 build/stm32f1xx_hal_can.o
 .debug_aranges
                0x0000000000000160       0xa8 build/stm32f1xx_it.o
 .debug_aranges
                0x0000000000000208       0x90 build/stm32f1xx_hal_cortex.o
 .debug_aranges
                0x0000000000000298      0x1d0 build/stm32f1xx_hal_uart.o
 .debug_aranges
                0x0000000000000468       0xb8 build/stm32f1xx_hal.o
 .debug_aranges
                0x0000000000000520       0x90 build/stm32f1xx_hal_rcc.o
 .debug_aranges
                0x00000000000005b0       0x40 build/stm32f1xx_hal_msp.o
 .debug_aranges
                0x00000000000005f0       0x80 build/stm32f1xx_hal_dma.o
 .debug_aranges
                0x0000000000000670       0x18 build/handles.o
 .debug_aranges
                0x0000000000000688       0x78 build/vesc.o
 .debug_aranges
                0x0000000000000700       0x20 build/usrMain.o
 .debug_aranges
                0x0000000000000720       0x80 build/can.o
 .debug_aranges
                0x00000000000007a0       0x50 build/canteros.o
 .debug_aranges
                0x00000000000007f0       0x30 build/pid.o
 .debug_aranges
                0x0000000000000820       0x28 build/globals.o
 .debug_aranges
                0x0000000000000848       0x28 build/system_stm32f1xx.o
 .debug_aranges
                0x0000000000000870       0x28 build/startup_stm32f105xc.o
 .debug_aranges
                0x0000000000000898       0x20 /usr/lib/gcc/arm-none-eabi/4.9.3/armv7-m/libgcc.a(_arm_addsubsf3.o)
 .debug_aranges
                0x00000000000008b8       0x20 /usr/lib/gcc/arm-none-eabi/4.9.3/armv7-m/libgcc.a(_arm_muldivsf3.o)
 .debug_aranges
                0x00000000000008d8       0x20 /usr/lib/gcc/arm-none-eabi/4.9.3/armv7-m/libgcc.a(_arm_cmpsf2.o)
 .debug_aranges
                0x00000000000008f8       0x20 /usr/lib/gcc/arm-none-eabi/4.9.3/armv7-m/libgcc.a(_arm_fixsfsi.o)

.debug_ranges   0x0000000000000000      0x7f8
 .debug_ranges  0x0000000000000000       0x48 build/main.o
 .debug_ranges  0x0000000000000048       0x48 build/stm32f1xx_hal_gpio.o
 .debug_ranges  0x0000000000000090       0xa0 build/stm32f1xx_hal_can.o
 .debug_ranges  0x0000000000000130       0x98 build/stm32f1xx_it.o
 .debug_ranges  0x00000000000001c8       0x80 build/stm32f1xx_hal_cortex.o
 .debug_ranges  0x0000000000000248      0x1c0 build/stm32f1xx_hal_uart.o
 .debug_ranges  0x0000000000000408       0xa8 build/stm32f1xx_hal.o
 .debug_ranges  0x00000000000004b0       0x98 build/stm32f1xx_hal_rcc.o
 .debug_ranges  0x0000000000000548       0x30 build/stm32f1xx_hal_msp.o
 .debug_ranges  0x0000000000000578       0x70 build/stm32f1xx_hal_dma.o
 .debug_ranges  0x00000000000005e8       0x98 build/vesc.o
 .debug_ranges  0x0000000000000680       0x10 build/usrMain.o
 .debug_ranges  0x0000000000000690       0x70 build/can.o
 .debug_ranges  0x0000000000000700       0x88 build/canteros.o
 .debug_ranges  0x0000000000000788       0x20 build/pid.o
 .debug_ranges  0x00000000000007a8       0x18 build/globals.o
 .debug_ranges  0x00000000000007c0       0x18 build/system_stm32f1xx.o
 .debug_ranges  0x00000000000007d8       0x20 build/startup_stm32f105xc.o

.debug_line     0x0000000000000000     0x4816
 .debug_line    0x0000000000000000      0x351 build/main.o
 .debug_line    0x0000000000000351      0x346 build/stm32f1xx_hal_gpio.o
 .debug_line    0x0000000000000697      0x6fd build/stm32f1xx_hal_can.o
 .debug_line    0x0000000000000d94      0x313 build/stm32f1xx_it.o
 .debug_line    0x00000000000010a7      0x2f7 build/stm32f1xx_hal_cortex.o
 .debug_line    0x000000000000139e      0xa84 build/stm32f1xx_hal_uart.o
 .debug_line    0x0000000000001e22      0x335 build/stm32f1xx_hal.o
 .debug_line    0x0000000000002157      0x51e build/stm32f1xx_hal_rcc.o
 .debug_line    0x0000000000002675      0x291 build/stm32f1xx_hal_msp.o
 .debug_line    0x0000000000002906      0x788 build/stm32f1xx_hal_dma.o
 .debug_line    0x000000000000308e      0x18b build/handles.o
 .debug_line    0x0000000000003219      0x344 build/vesc.o
 .debug_line    0x000000000000355d      0x2b8 build/usrMain.o
 .debug_line    0x0000000000003815      0x3e4 build/can.o
 .debug_line    0x0000000000003bf9      0x2f3 build/canteros.o
 .debug_line    0x0000000000003eec      0x1c1 build/pid.o
 .debug_line    0x00000000000040ad      0x1f8 build/globals.o
 .debug_line    0x00000000000042a5      0x175 build/system_stm32f1xx.o
 .debug_line    0x000000000000441a       0x89 build/startup_stm32f105xc.o
 .debug_line    0x00000000000044a3      0x117 /usr/lib/gcc/arm-none-eabi/4.9.3/armv7-m/libgcc.a(_arm_addsubsf3.o)
 .debug_line    0x00000000000045ba      0x13a /usr/lib/gcc/arm-none-eabi/4.9.3/armv7-m/libgcc.a(_arm_muldivsf3.o)
 .debug_line    0x00000000000046f4       0xab /usr/lib/gcc/arm-none-eabi/4.9.3/armv7-m/libgcc.a(_arm_cmpsf2.o)
 .debug_line    0x000000000000479f       0x77 /usr/lib/gcc/arm-none-eabi/4.9.3/armv7-m/libgcc.a(_arm_fixsfsi.o)

.debug_str      0x0000000000000000     0x2af5
 .debug_str     0x0000000000000000      0xede build/main.o
                                        0xf6e (size before relaxing)
 .debug_str     0x0000000000000ede      0x15a build/stm32f1xx_hal_gpio.o
                                        0x416 (size before relaxing)
 .debug_str     0x0000000000001038      0x27e build/stm32f1xx_hal_can.o
                                        0x793 (size before relaxing)
 .debug_str     0x00000000000012b6      0x189 build/stm32f1xx_it.o
                                        0x972 (size before relaxing)
 .debug_str     0x000000000000143f      0x2bf build/stm32f1xx_hal_cortex.o
                                        0x981 (size before relaxing)
 .debug_str     0x00000000000016fe      0x5a2 build/stm32f1xx_hal_uart.o
                                        0xb62 (size before relaxing)
 .debug_str     0x0000000000001ca0      0x1f5 build/stm32f1xx_hal.o
                                        0x833 (size before relaxing)
 .debug_str     0x0000000000001e95      0x1d0 build/stm32f1xx_hal_rcc.o
                                        0x684 (size before relaxing)
 .debug_str     0x0000000000002065       0x31 build/stm32f1xx_hal_msp.o
                                        0xd36 (size before relaxing)
 .debug_str     0x0000000000002096      0x21d build/stm32f1xx_hal_dma.o
                                        0x5ff (size before relaxing)
 .debug_str     0x00000000000022b3        0xe build/handles.o
                                        0x52c (size before relaxing)
 .debug_str     0x00000000000022c1      0x24c build/vesc.o
                                        0xbd4 (size before relaxing)
 .debug_str     0x000000000000250d      0x30b build/usrMain.o
                                        0x9b3 (size before relaxing)
 .debug_str     0x0000000000002818      0x14c build/can.o
                                        0xbf7 (size before relaxing)
 .debug_str     0x0000000000002964       0xae build/canteros.o
                                        0x747 (size before relaxing)
 .debug_str     0x0000000000002a12       0x26 build/pid.o
                                        0x225 (size before relaxing)
 .debug_str     0x0000000000002a38       0x2a build/globals.o
                                        0x544 (size before relaxing)
 .debug_str     0x0000000000002a62       0x93 build/system_stm32f1xx.o
                                        0x2ea (size before relaxing)

.debug_frame    0x0000000000000000     0x1694
 .debug_frame   0x0000000000000000       0xe8 build/main.o
 .debug_frame   0x00000000000000e8       0xd4 build/stm32f1xx_hal_gpio.o
 .debug_frame   0x00000000000001bc      0x250 build/stm32f1xx_hal_can.o
 .debug_frame   0x000000000000040c      0x1a8 build/stm32f1xx_it.o
 .debug_frame   0x00000000000005b4      0x138 build/stm32f1xx_hal_cortex.o
 .debug_frame   0x00000000000006ec      0x578 build/stm32f1xx_hal_uart.o
 .debug_frame   0x0000000000000c64      0x188 build/stm32f1xx_hal.o
 .debug_frame   0x0000000000000dec      0x17c build/stm32f1xx_hal_rcc.o
 .debug_frame   0x0000000000000f68       0xb0 build/stm32f1xx_hal_msp.o
 .debug_frame   0x0000000000001018      0x164 build/stm32f1xx_hal_dma.o
 .debug_frame   0x000000000000117c      0x1a8 build/vesc.o
 .debug_frame   0x0000000000001324       0x38 build/usrMain.o
 .debug_frame   0x000000000000135c      0x168 build/can.o
 .debug_frame   0x00000000000014c4       0xdc build/canteros.o
 .debug_frame   0x00000000000015a0       0x6c build/pid.o
 .debug_frame   0x000000000000160c       0x4c build/globals.o
 .debug_frame   0x0000000000001658       0x3c build/system_stm32f1xx.o

Cross Reference Table

Symbol                                            File
ADC1_2_IRQHandler                                 build/startup_stm32f105xc.o
AHBPrescTable                                     build/system_stm32f1xx.o
                                                  build/stm32f1xx_hal_rcc.o
APBPrescTable                                     build/system_stm32f1xx.o
                                                  build/stm32f1xx_hal_rcc.o
BusFault_Handler                                  build/stm32f1xx_it.o
CAN1_RX0_IRQHandler                               build/stm32f1xx_it.o
CAN1_RX1_IRQHandler                               build/stm32f1xx_it.o
CAN1_SCE_IRQHandler                               build/stm32f1xx_it.o
CAN1_TX_IRQHandler                                build/stm32f1xx_it.o
CAN2_RX0_IRQHandler                               build/stm32f1xx_it.o
CAN2_RX1_IRQHandler                               build/stm32f1xx_it.o
CAN2_SCE_IRQHandler                               build/stm32f1xx_it.o
CAN2_TX_IRQHandler                                build/stm32f1xx_it.o
DMA1_Channel1_IRQHandler                          build/startup_stm32f105xc.o
DMA1_Channel2_IRQHandler                          build/startup_stm32f105xc.o
DMA1_Channel3_IRQHandler                          build/startup_stm32f105xc.o
DMA1_Channel4_IRQHandler                          build/startup_stm32f105xc.o
DMA1_Channel5_IRQHandler                          build/startup_stm32f105xc.o
DMA1_Channel6_IRQHandler                          build/startup_stm32f105xc.o
DMA1_Channel7_IRQHandler                          build/startup_stm32f105xc.o
DMA2_Channel1_IRQHandler                          build/startup_stm32f105xc.o
DMA2_Channel2_IRQHandler                          build/startup_stm32f105xc.o
DMA2_Channel3_IRQHandler                          build/startup_stm32f105xc.o
DMA2_Channel4_IRQHandler                          build/startup_stm32f105xc.o
DMA2_Channel5_IRQHandler                          build/startup_stm32f105xc.o
DebugMon_Handler                                  build/stm32f1xx_it.o
Default_Handler                                   build/startup_stm32f105xc.o
EXTI0_IRQHandler                                  build/startup_stm32f105xc.o
EXTI15_10_IRQHandler                              build/startup_stm32f105xc.o
EXTI1_IRQHandler                                  build/startup_stm32f105xc.o
EXTI2_IRQHandler                                  build/startup_stm32f105xc.o
EXTI3_IRQHandler                                  build/startup_stm32f105xc.o
EXTI4_IRQHandler                                  build/startup_stm32f105xc.o
EXTI9_5_IRQHandler                                build/startup_stm32f105xc.o
FLASH_IRQHandler                                  build/startup_stm32f105xc.o
FLASH_PageErase                                   build/stm32f1xx_hal_flash_ex.o
                                                  build/stm32f1xx_hal_flash.o
FLASH_WaitForLastOperation                        build/stm32f1xx_hal_flash.o
                                                  build/stm32f1xx_hal_flash_ex.o
HAL_CAN_ConfigFilter                              build/stm32f1xx_hal_can.o
                                                  build/can.o
HAL_CAN_DeInit                                    build/stm32f1xx_hal_can.o
HAL_CAN_ErrorCallback                             build/can.o
                                                  build/stm32f1xx_hal_can.o
HAL_CAN_GetError                                  build/stm32f1xx_hal_can.o
HAL_CAN_GetState                                  build/stm32f1xx_hal_can.o
HAL_CAN_IRQHandler                                build/stm32f1xx_hal_can.o
                                                  build/stm32f1xx_it.o
HAL_CAN_Init                                      build/stm32f1xx_hal_can.o
                                                  build/main.o
HAL_CAN_MspDeInit                                 build/stm32f1xx_hal_msp.o
                                                  build/stm32f1xx_hal_can.o
HAL_CAN_MspInit                                   build/stm32f1xx_hal_msp.o
                                                  build/stm32f1xx_hal_can.o
HAL_CAN_Receive                                   build/stm32f1xx_hal_can.o
HAL_CAN_Receive_IT                                build/stm32f1xx_hal_can.o
                                                  build/can.o
HAL_CAN_RxCpltCallback                            build/can.o
                                                  build/stm32f1xx_hal_can.o
HAL_CAN_Sleep                                     build/stm32f1xx_hal_can.o
HAL_CAN_Transmit                                  build/stm32f1xx_hal_can.o
HAL_CAN_Transmit_IT                               build/stm32f1xx_hal_can.o
                                                  build/can.o
HAL_CAN_TxCpltCallback                            build/can.o
                                                  build/stm32f1xx_hal_can.o
HAL_CAN_WakeUp                                    build/stm32f1xx_hal_can.o
HAL_DBGMCU_DisableDBGSleepMode                    build/stm32f1xx_hal.o
HAL_DBGMCU_DisableDBGStandbyMode                  build/stm32f1xx_hal.o
HAL_DBGMCU_DisableDBGStopMode                     build/stm32f1xx_hal.o
HAL_DBGMCU_EnableDBGSleepMode                     build/stm32f1xx_hal.o
HAL_DBGMCU_EnableDBGStandbyMode                   build/stm32f1xx_hal.o
HAL_DBGMCU_EnableDBGStopMode                      build/stm32f1xx_hal.o
HAL_DMA_Abort                                     build/stm32f1xx_hal_dma.o
                                                  build/stm32f1xx_hal_uart.o
HAL_DMA_Abort_IT                                  build/stm32f1xx_hal_dma.o
                                                  build/stm32f1xx_hal_uart.o
HAL_DMA_DeInit                                    build/stm32f1xx_hal_dma.o
HAL_DMA_GetError                                  build/stm32f1xx_hal_dma.o
HAL_DMA_GetState                                  build/stm32f1xx_hal_dma.o
HAL_DMA_IRQHandler                                build/stm32f1xx_hal_dma.o
HAL_DMA_Init                                      build/stm32f1xx_hal_dma.o
HAL_DMA_PollForTransfer                           build/stm32f1xx_hal_dma.o
HAL_DMA_RegisterCallback                          build/stm32f1xx_hal_dma.o
HAL_DMA_Start                                     build/stm32f1xx_hal_dma.o
HAL_DMA_Start_IT                                  build/stm32f1xx_hal_dma.o
                                                  build/stm32f1xx_hal_uart.o
HAL_DMA_UnRegisterCallback                        build/stm32f1xx_hal_dma.o
HAL_DeInit                                        build/stm32f1xx_hal.o
HAL_Delay                                         build/stm32f1xx_hal.o
                                                  build/globals.o
                                                  build/usrMain.o
HAL_FLASHEx_Erase                                 build/stm32f1xx_hal_flash_ex.o
HAL_FLASHEx_Erase_IT                              build/stm32f1xx_hal_flash_ex.o
HAL_FLASHEx_OBErase                               build/stm32f1xx_hal_flash_ex.o
HAL_FLASHEx_OBGetConfig                           build/stm32f1xx_hal_flash_ex.o
HAL_FLASHEx_OBGetUserData                         build/stm32f1xx_hal_flash_ex.o
HAL_FLASHEx_OBProgram                             build/stm32f1xx_hal_flash_ex.o
HAL_FLASH_EndOfOperationCallback                  build/stm32f1xx_hal_flash.o
HAL_FLASH_GetError                                build/stm32f1xx_hal_flash.o
HAL_FLASH_IRQHandler                              build/stm32f1xx_hal_flash.o
HAL_FLASH_Lock                                    build/stm32f1xx_hal_flash.o
HAL_FLASH_OB_Launch                               build/stm32f1xx_hal_flash.o
HAL_FLASH_OB_Lock                                 build/stm32f1xx_hal_flash.o
HAL_FLASH_OB_Unlock                               build/stm32f1xx_hal_flash.o
HAL_FLASH_OperationErrorCallback                  build/stm32f1xx_hal_flash.o
HAL_FLASH_Program                                 build/stm32f1xx_hal_flash.o
HAL_FLASH_Program_IT                              build/stm32f1xx_hal_flash.o
HAL_FLASH_Unlock                                  build/stm32f1xx_hal_flash.o
HAL_GPIOEx_ConfigEventout                         build/stm32f1xx_hal_gpio_ex.o
HAL_GPIOEx_DisableEventout                        build/stm32f1xx_hal_gpio_ex.o
HAL_GPIOEx_EnableEventout                         build/stm32f1xx_hal_gpio_ex.o
HAL_GPIO_DeInit                                   build/stm32f1xx_hal_gpio.o
                                                  build/stm32f1xx_hal_msp.o
HAL_GPIO_EXTI_Callback                            build/stm32f1xx_hal_gpio.o
HAL_GPIO_EXTI_IRQHandler                          build/stm32f1xx_hal_gpio.o
HAL_GPIO_Init                                     build/stm32f1xx_hal_gpio.o
                                                  build/stm32f1xx_hal_msp.o
                                                  build/stm32f1xx_hal_rcc.o
                                                  build/main.o
HAL_GPIO_LockPin                                  build/stm32f1xx_hal_gpio.o
HAL_GPIO_ReadPin                                  build/stm32f1xx_hal_gpio.o
HAL_GPIO_TogglePin                                build/stm32f1xx_hal_gpio.o
HAL_GPIO_WritePin                                 build/stm32f1xx_hal_gpio.o
                                                  build/globals.o
                                                  build/main.o
HAL_GetDEVID                                      build/stm32f1xx_hal.o
HAL_GetHalVersion                                 build/stm32f1xx_hal.o
HAL_GetREVID                                      build/stm32f1xx_hal.o
HAL_GetTick                                       build/stm32f1xx_hal.o
                                                  build/pid.o
                                                  build/canteros.o
                                                  build/usrMain.o
                                                  build/stm32f1xx_hal_flash.o
                                                  build/stm32f1xx_hal_dma.o
                                                  build/stm32f1xx_hal_rcc.o
                                                  build/stm32f1xx_hal_uart.o
                                                  build/stm32f1xx_hal_can.o
                                                  build/stm32f1xx_hal_rcc_ex.o
HAL_GetUID                                        build/stm32f1xx_hal.o
HAL_HalfDuplex_EnableReceiver                     build/stm32f1xx_hal_uart.o
HAL_HalfDuplex_EnableTransmitter                  build/stm32f1xx_hal_uart.o
HAL_HalfDuplex_Init                               build/stm32f1xx_hal_uart.o
HAL_IncTick                                       build/stm32f1xx_hal.o
                                                  build/stm32f1xx_it.o
HAL_Init                                          build/stm32f1xx_hal.o
                                                  build/main.o
HAL_InitTick                                      build/stm32f1xx_hal.o
                                                  build/stm32f1xx_hal_rcc.o
HAL_LIN_Init                                      build/stm32f1xx_hal_uart.o
HAL_LIN_SendBreak                                 build/stm32f1xx_hal_uart.o
HAL_MspDeInit                                     build/stm32f1xx_hal.o
HAL_MspInit                                       build/stm32f1xx_hal_msp.o
                                                  build/stm32f1xx_hal.o
HAL_MultiProcessor_EnterMuteMode                  build/stm32f1xx_hal_uart.o
HAL_MultiProcessor_ExitMuteMode                   build/stm32f1xx_hal_uart.o
HAL_MultiProcessor_Init                           build/stm32f1xx_hal_uart.o
HAL_NVIC_ClearPendingIRQ                          build/stm32f1xx_hal_cortex.o
HAL_NVIC_DisableIRQ                               build/stm32f1xx_hal_cortex.o
                                                  build/can.o
                                                  build/vesc.o
                                                  build/stm32f1xx_hal_msp.o
HAL_NVIC_EnableIRQ                                build/stm32f1xx_hal_cortex.o
                                                  build/can.o
                                                  build/vesc.o
                                                  build/stm32f1xx_hal_msp.o
HAL_NVIC_GetActive                                build/stm32f1xx_hal_cortex.o
HAL_NVIC_GetPendingIRQ                            build/stm32f1xx_hal_cortex.o
HAL_NVIC_GetPriority                              build/stm32f1xx_hal_cortex.o
HAL_NVIC_GetPriorityGrouping                      build/stm32f1xx_hal_cortex.o
HAL_NVIC_SetPendingIRQ                            build/stm32f1xx_hal_cortex.o
HAL_NVIC_SetPriority                              build/stm32f1xx_hal_cortex.o
                                                  build/stm32f1xx_hal_msp.o
                                                  build/stm32f1xx_hal.o
                                                  build/main.o
HAL_NVIC_SetPriorityGrouping                      build/stm32f1xx_hal_cortex.o
                                                  build/stm32f1xx_hal_msp.o
                                                  build/stm32f1xx_hal.o
HAL_NVIC_SystemReset                              build/stm32f1xx_hal_cortex.o
                                                  build/stm32f1xx_hal_flash.o
HAL_PWR_ConfigPVD                                 build/stm32f1xx_hal_pwr.o
HAL_PWR_DeInit                                    build/stm32f1xx_hal_pwr.o
HAL_PWR_DisableBkUpAccess                         build/stm32f1xx_hal_pwr.o
HAL_PWR_DisablePVD                                build/stm32f1xx_hal_pwr.o
HAL_PWR_DisableSEVOnPend                          build/stm32f1xx_hal_pwr.o
HAL_PWR_DisableSleepOnExit                        build/stm32f1xx_hal_pwr.o
HAL_PWR_DisableWakeUpPin                          build/stm32f1xx_hal_pwr.o
HAL_PWR_EnableBkUpAccess                          build/stm32f1xx_hal_pwr.o
HAL_PWR_EnablePVD                                 build/stm32f1xx_hal_pwr.o
HAL_PWR_EnableSEVOnPend                           build/stm32f1xx_hal_pwr.o
HAL_PWR_EnableSleepOnExit                         build/stm32f1xx_hal_pwr.o
HAL_PWR_EnableWakeUpPin                           build/stm32f1xx_hal_pwr.o
HAL_PWR_EnterSLEEPMode                            build/stm32f1xx_hal_pwr.o
HAL_PWR_EnterSTANDBYMode                          build/stm32f1xx_hal_pwr.o
HAL_PWR_EnterSTOPMode                             build/stm32f1xx_hal_pwr.o
HAL_PWR_PVDCallback                               build/stm32f1xx_hal_pwr.o
HAL_PWR_PVD_IRQHandler                            build/stm32f1xx_hal_pwr.o
HAL_RCCEx_DisablePLL2                             build/stm32f1xx_hal_rcc_ex.o
HAL_RCCEx_DisablePLLI2S                           build/stm32f1xx_hal_rcc_ex.o
HAL_RCCEx_EnablePLL2                              build/stm32f1xx_hal_rcc_ex.o
HAL_RCCEx_EnablePLLI2S                            build/stm32f1xx_hal_rcc_ex.o
HAL_RCCEx_GetPeriphCLKConfig                      build/stm32f1xx_hal_rcc_ex.o
HAL_RCCEx_GetPeriphCLKFreq                        build/stm32f1xx_hal_rcc_ex.o
HAL_RCCEx_PeriphCLKConfig                         build/stm32f1xx_hal_rcc_ex.o
HAL_RCC_CSSCallback                               build/stm32f1xx_hal_rcc.o
HAL_RCC_ClockConfig                               build/stm32f1xx_hal_rcc.o
                                                  build/main.o
HAL_RCC_DeInit                                    build/stm32f1xx_hal_rcc.o
HAL_RCC_DisableCSS                                build/stm32f1xx_hal_rcc.o
HAL_RCC_EnableCSS                                 build/stm32f1xx_hal_rcc.o
HAL_RCC_GetClockConfig                            build/stm32f1xx_hal_rcc.o
HAL_RCC_GetHCLKFreq                               build/stm32f1xx_hal_rcc.o
                                                  build/main.o
HAL_RCC_GetOscConfig                              build/stm32f1xx_hal_rcc.o
HAL_RCC_GetPCLK1Freq                              build/stm32f1xx_hal_rcc.o
                                                  build/stm32f1xx_hal_uart.o
HAL_RCC_GetPCLK2Freq                              build/stm32f1xx_hal_rcc.o
                                                  build/stm32f1xx_hal_uart.o
                                                  build/stm32f1xx_hal_rcc_ex.o
HAL_RCC_GetSysClockFreq                           build/stm32f1xx_hal_rcc.o
                                                  build/stm32f1xx_hal_rcc_ex.o
HAL_RCC_MCOConfig                                 build/stm32f1xx_hal_rcc.o
HAL_RCC_NMI_IRQHandler                            build/stm32f1xx_hal_rcc.o
HAL_RCC_OscConfig                                 build/stm32f1xx_hal_rcc.o
                                                  build/main.o
HAL_ResumeTick                                    build/stm32f1xx_hal.o
HAL_SYSTICK_CLKSourceConfig                       build/stm32f1xx_hal_cortex.o
                                                  build/main.o
HAL_SYSTICK_Callback                              build/stm32f1xx_hal_cortex.o
HAL_SYSTICK_Config                                build/stm32f1xx_hal_cortex.o
                                                  build/stm32f1xx_hal.o
                                                  build/main.o
HAL_SYSTICK_IRQHandler                            build/stm32f1xx_hal_cortex.o
                                                  build/stm32f1xx_it.o
HAL_SuspendTick                                   build/stm32f1xx_hal.o
HAL_UART_Abort                                    build/stm32f1xx_hal_uart.o
HAL_UART_AbortCpltCallback                        build/stm32f1xx_hal_uart.o
HAL_UART_AbortReceive                             build/stm32f1xx_hal_uart.o
HAL_UART_AbortReceiveCpltCallback                 build/stm32f1xx_hal_uart.o
HAL_UART_AbortReceive_IT                          build/stm32f1xx_hal_uart.o
HAL_UART_AbortTransmit                            build/stm32f1xx_hal_uart.o
HAL_UART_AbortTransmitCpltCallback                build/stm32f1xx_hal_uart.o
HAL_UART_AbortTransmit_IT                         build/stm32f1xx_hal_uart.o
HAL_UART_Abort_IT                                 build/stm32f1xx_hal_uart.o
HAL_UART_DMAPause                                 build/stm32f1xx_hal_uart.o
HAL_UART_DMAResume                                build/stm32f1xx_hal_uart.o
HAL_UART_DMAStop                                  build/stm32f1xx_hal_uart.o
HAL_UART_DeInit                                   build/stm32f1xx_hal_uart.o
HAL_UART_ErrorCallback                            build/stm32f1xx_hal_uart.o
HAL_UART_GetError                                 build/stm32f1xx_hal_uart.o
HAL_UART_GetState                                 build/stm32f1xx_hal_uart.o
HAL_UART_IRQHandler                               build/stm32f1xx_hal_uart.o
                                                  build/stm32f1xx_it.o
HAL_UART_Init                                     build/stm32f1xx_hal_uart.o
                                                  build/main.o
HAL_UART_MspDeInit                                build/stm32f1xx_hal_msp.o
                                                  build/stm32f1xx_hal_uart.o
HAL_UART_MspInit                                  build/stm32f1xx_hal_msp.o
                                                  build/stm32f1xx_hal_uart.o
HAL_UART_Receive                                  build/stm32f1xx_hal_uart.o
HAL_UART_Receive_DMA                              build/stm32f1xx_hal_uart.o
HAL_UART_Receive_IT                               build/stm32f1xx_hal_uart.o
                                                  build/vesc.o
HAL_UART_RxCpltCallback                           build/vesc.o
                                                  build/stm32f1xx_hal_uart.o
HAL_UART_RxHalfCpltCallback                       build/stm32f1xx_hal_uart.o
HAL_UART_Transmit                                 build/stm32f1xx_hal_uart.o
HAL_UART_Transmit_DMA                             build/stm32f1xx_hal_uart.o
HAL_UART_Transmit_IT                              build/stm32f1xx_hal_uart.o
                                                  build/vesc.o
HAL_UART_TxCpltCallback                           build/stm32f1xx_hal_uart.o
HAL_UART_TxHalfCpltCallback                       build/stm32f1xx_hal_uart.o
HardFault_Handler                                 build/stm32f1xx_it.o
I2C1_ER_IRQHandler                                build/startup_stm32f105xc.o
I2C1_EV_IRQHandler                                build/startup_stm32f105xc.o
I2C2_ER_IRQHandler                                build/startup_stm32f105xc.o
I2C2_EV_IRQHandler                                build/startup_stm32f105xc.o
MOTOR_TIMEOUT_MS                                  build/usrMain.o
MemManage_Handler                                 build/stm32f1xx_it.o
NMI_Handler                                       build/stm32f1xx_it.o
OTG_FS_IRQHandler                                 build/startup_stm32f105xc.o
OTG_FS_WKUP_IRQHandler                            build/startup_stm32f105xc.o
PVD_IRQHandler                                    build/startup_stm32f105xc.o
PendSV_Handler                                    build/stm32f1xx_it.o
RCC_IRQHandler                                    build/startup_stm32f105xc.o
RESET_TIMEOUT_MS                                  build/usrMain.o
RTC_Alarm_IRQHandler                              build/startup_stm32f105xc.o
RTC_IRQHandler                                    build/startup_stm32f105xc.o
Reset_Handler                                     build/startup_stm32f105xc.o
SPI1_IRQHandler                                   build/startup_stm32f105xc.o
SPI2_IRQHandler                                   build/startup_stm32f105xc.o
SPI3_IRQHandler                                   build/startup_stm32f105xc.o
SVC_Handler                                       build/stm32f1xx_it.o
SysTick_Handler                                   build/stm32f1xx_it.o
SystemClock_Config                                build/main.o
SystemCoreClock                                   build/system_stm32f1xx.o
                                                  build/stm32f1xx_hal_rcc.o
                                                  build/stm32f1xx_hal.o
SystemCoreClockUpdate                             build/system_stm32f1xx.o
SystemInit                                        build/system_stm32f1xx.o
                                                  build/startup_stm32f105xc.o
TAMPER_IRQHandler                                 build/startup_stm32f105xc.o
TIM1_BRK_IRQHandler                               build/startup_stm32f105xc.o
TIM1_CC_IRQHandler                                build/startup_stm32f105xc.o
TIM1_TRG_COM_IRQHandler                           build/startup_stm32f105xc.o
TIM1_UP_IRQHandler                                build/startup_stm32f105xc.o
TIM2_IRQHandler                                   build/startup_stm32f105xc.o
TIM3_IRQHandler                                   build/startup_stm32f105xc.o
TIM4_IRQHandler                                   build/startup_stm32f105xc.o
TIM5_IRQHandler                                   build/startup_stm32f105xc.o
TIM6_IRQHandler                                   build/startup_stm32f105xc.o
TIM7_IRQHandler                                   build/startup_stm32f105xc.o
UART4_IRQHandler                                  build/stm32f1xx_it.o
UART5_IRQHandler                                  build/startup_stm32f105xc.o
USART1_IRQHandler                                 build/startup_stm32f105xc.o
USART2_IRQHandler                                 build/startup_stm32f105xc.o
USART3_IRQHandler                                 build/startup_stm32f105xc.o
UsageFault_Handler                                build/stm32f1xx_it.o
WWDG_IRQHandler                                   build/startup_stm32f105xc.o
_Error_Handler                                    build/main.o
                                                  build/can.o
                                                  build/vesc.o
_ITM_deregisterTMCloneTable                       /usr/lib/gcc/arm-none-eabi/4.9.3/armv7-m/crtbegin.o
_ITM_registerTMCloneTable                         /usr/lib/gcc/arm-none-eabi/4.9.3/armv7-m/crtbegin.o
_Jv_RegisterClasses                               /usr/lib/gcc/arm-none-eabi/4.9.3/armv7-m/crtbegin.o
__TMC_END__                                       /usr/lib/gcc/arm-none-eabi/4.9.3/armv7-m/crtend.o
                                                  /usr/lib/gcc/arm-none-eabi/4.9.3/armv7-m/crtbegin.o
__addsf3                                          /usr/lib/gcc/arm-none-eabi/4.9.3/armv7-m/libgcc.a(_arm_addsubsf3.o)
__aeabi_cfcmpeq                                   /usr/lib/gcc/arm-none-eabi/4.9.3/armv7-m/libgcc.a(_arm_cmpsf2.o)
__aeabi_cfcmple                                   /usr/lib/gcc/arm-none-eabi/4.9.3/armv7-m/libgcc.a(_arm_cmpsf2.o)
__aeabi_cfrcmple                                  /usr/lib/gcc/arm-none-eabi/4.9.3/armv7-m/libgcc.a(_arm_cmpsf2.o)
__aeabi_f2iz                                      /usr/lib/gcc/arm-none-eabi/4.9.3/armv7-m/libgcc.a(_arm_fixsfsi.o)
                                                  build/usrMain.o
__aeabi_fadd                                      /usr/lib/gcc/arm-none-eabi/4.9.3/armv7-m/libgcc.a(_arm_addsubsf3.o)
                                                  build/pid.o
__aeabi_fcmpeq                                    /usr/lib/gcc/arm-none-eabi/4.9.3/armv7-m/libgcc.a(_arm_cmpsf2.o)
__aeabi_fcmpge                                    /usr/lib/gcc/arm-none-eabi/4.9.3/armv7-m/libgcc.a(_arm_cmpsf2.o)
__aeabi_fcmpgt                                    /usr/lib/gcc/arm-none-eabi/4.9.3/armv7-m/libgcc.a(_arm_cmpsf2.o)
                                                  build/pid.o
__aeabi_fcmple                                    /usr/lib/gcc/arm-none-eabi/4.9.3/armv7-m/libgcc.a(_arm_cmpsf2.o)
__aeabi_fcmplt                                    /usr/lib/gcc/arm-none-eabi/4.9.3/armv7-m/libgcc.a(_arm_cmpsf2.o)
                                                  build/pid.o
__aeabi_fdiv                                      /usr/lib/gcc/arm-none-eabi/4.9.3/armv7-m/libgcc.a(_arm_muldivsf3.o)
__aeabi_fmul                                      /usr/lib/gcc/arm-none-eabi/4.9.3/armv7-m/libgcc.a(_arm_muldivsf3.o)
                                                  build/pid.o
__aeabi_frsub                                     /usr/lib/gcc/arm-none-eabi/4.9.3/armv7-m/libgcc.a(_arm_addsubsf3.o)
__aeabi_fsub                                      /usr/lib/gcc/arm-none-eabi/4.9.3/armv7-m/libgcc.a(_arm_addsubsf3.o)
                                                  build/pid.o
__aeabi_i2f                                       /usr/lib/gcc/arm-none-eabi/4.9.3/armv7-m/libgcc.a(_arm_addsubsf3.o)
                                                  build/usrMain.o
__aeabi_l2f                                       /usr/lib/gcc/arm-none-eabi/4.9.3/armv7-m/libgcc.a(_arm_addsubsf3.o)
__aeabi_ui2f                                      /usr/lib/gcc/arm-none-eabi/4.9.3/armv7-m/libgcc.a(_arm_addsubsf3.o)
                                                  build/usrMain.o
__aeabi_ul2f                                      /usr/lib/gcc/arm-none-eabi/4.9.3/armv7-m/libgcc.a(_arm_addsubsf3.o)
__atexit_dummy                                    /usr/lib/gcc/arm-none-eabi/4.9.3/../../../arm-none-eabi/lib/armv7-m/libc_nano.a(lib_a-__atexit.o)
__bss_end__                                       /usr/lib/gcc/arm-none-eabi/4.9.3/../../../arm-none-eabi/lib/armv7-m/crt0.o
__bss_start__                                     /usr/lib/gcc/arm-none-eabi/4.9.3/../../../arm-none-eabi/lib/armv7-m/crt0.o
__call_exitprocs                                  /usr/lib/gcc/arm-none-eabi/4.9.3/../../../arm-none-eabi/lib/armv7-m/libc_nano.a(lib_a-__call_atexit.o)
                                                  /usr/lib/gcc/arm-none-eabi/4.9.3/../../../arm-none-eabi/lib/armv7-m/libc_nano.a(lib_a-__atexit.o)
                                                  /usr/lib/gcc/arm-none-eabi/4.9.3/../../../arm-none-eabi/lib/armv7-m/libc_nano.a(lib_a-exit.o)
__cmpsf2                                          /usr/lib/gcc/arm-none-eabi/4.9.3/armv7-m/libgcc.a(_arm_cmpsf2.o)
__deregister_frame_info                           /usr/lib/gcc/arm-none-eabi/4.9.3/armv7-m/crtbegin.o
__divsf3                                          /usr/lib/gcc/arm-none-eabi/4.9.3/armv7-m/libgcc.a(_arm_muldivsf3.o)
__dso_handle                                      /usr/lib/gcc/arm-none-eabi/4.9.3/armv7-m/crtbegin.o
__eqsf2                                           /usr/lib/gcc/arm-none-eabi/4.9.3/armv7-m/libgcc.a(_arm_cmpsf2.o)
__fini_array_end                                  /usr/lib/gcc/arm-none-eabi/4.9.3/../../../arm-none-eabi/lib/armv7-m/libc_nano.a(lib_a-fini.o)
__fini_array_start                                /usr/lib/gcc/arm-none-eabi/4.9.3/../../../arm-none-eabi/lib/armv7-m/libc_nano.a(lib_a-fini.o)
__fixsfsi                                         /usr/lib/gcc/arm-none-eabi/4.9.3/armv7-m/libgcc.a(_arm_fixsfsi.o)
__floatdisf                                       /usr/lib/gcc/arm-none-eabi/4.9.3/armv7-m/libgcc.a(_arm_addsubsf3.o)
__floatsisf                                       /usr/lib/gcc/arm-none-eabi/4.9.3/armv7-m/libgcc.a(_arm_addsubsf3.o)
__floatundisf                                     /usr/lib/gcc/arm-none-eabi/4.9.3/armv7-m/libgcc.a(_arm_addsubsf3.o)
__floatunsisf                                     /usr/lib/gcc/arm-none-eabi/4.9.3/armv7-m/libgcc.a(_arm_addsubsf3.o)
__gesf2                                           /usr/lib/gcc/arm-none-eabi/4.9.3/armv7-m/libgcc.a(_arm_cmpsf2.o)
__gtsf2                                           /usr/lib/gcc/arm-none-eabi/4.9.3/armv7-m/libgcc.a(_arm_cmpsf2.o)
__init_array_end                                  /usr/lib/gcc/arm-none-eabi/4.9.3/../../../arm-none-eabi/lib/armv7-m/libc_nano.a(lib_a-init.o)
__init_array_start                                /usr/lib/gcc/arm-none-eabi/4.9.3/../../../arm-none-eabi/lib/armv7-m/libc_nano.a(lib_a-init.o)
__lesf2                                           /usr/lib/gcc/arm-none-eabi/4.9.3/armv7-m/libgcc.a(_arm_cmpsf2.o)
__libc_fini_array                                 /usr/lib/gcc/arm-none-eabi/4.9.3/../../../arm-none-eabi/lib/armv7-m/libc_nano.a(lib_a-fini.o)
                                                  /usr/lib/gcc/arm-none-eabi/4.9.3/../../../arm-none-eabi/lib/armv7-m/crt0.o
__libc_init_array                                 /usr/lib/gcc/arm-none-eabi/4.9.3/../../../arm-none-eabi/lib/armv7-m/libc_nano.a(lib_a-init.o)
                                                  /usr/lib/gcc/arm-none-eabi/4.9.3/../../../arm-none-eabi/lib/armv7-m/crt0.o
__ltsf2                                           /usr/lib/gcc/arm-none-eabi/4.9.3/armv7-m/libgcc.a(_arm_cmpsf2.o)
__mulsf3                                          /usr/lib/gcc/arm-none-eabi/4.9.3/armv7-m/libgcc.a(_arm_muldivsf3.o)
__nesf2                                           /usr/lib/gcc/arm-none-eabi/4.9.3/armv7-m/libgcc.a(_arm_cmpsf2.o)
__preinit_array_end                               /usr/lib/gcc/arm-none-eabi/4.9.3/../../../arm-none-eabi/lib/armv7-m/libc_nano.a(lib_a-init.o)
__preinit_array_start                             /usr/lib/gcc/arm-none-eabi/4.9.3/../../../arm-none-eabi/lib/armv7-m/libc_nano.a(lib_a-init.o)
__register_exitproc                               /usr/lib/gcc/arm-none-eabi/4.9.3/../../../arm-none-eabi/lib/armv7-m/libc_nano.a(lib_a-__atexit.o)
                                                  /usr/lib/gcc/arm-none-eabi/4.9.3/../../../arm-none-eabi/lib/armv7-m/libc_nano.a(lib_a-atexit.o)
__register_frame_info                             /usr/lib/gcc/arm-none-eabi/4.9.3/armv7-m/crtbegin.o
__sf_fake_stderr                                  /usr/lib/gcc/arm-none-eabi/4.9.3/../../../arm-none-eabi/lib/armv7-m/libc_nano.a(lib_a-impure.o)
__sf_fake_stdin                                   /usr/lib/gcc/arm-none-eabi/4.9.3/../../../arm-none-eabi/lib/armv7-m/libc_nano.a(lib_a-impure.o)
__sf_fake_stdout                                  /usr/lib/gcc/arm-none-eabi/4.9.3/../../../arm-none-eabi/lib/armv7-m/libc_nano.a(lib_a-impure.o)
__stack                                           /usr/lib/gcc/arm-none-eabi/4.9.3/../../../arm-none-eabi/lib/armv7-m/crt0.o
__subsf3                                          /usr/lib/gcc/arm-none-eabi/4.9.3/armv7-m/libgcc.a(_arm_addsubsf3.o)
_ebss                                             build/startup_stm32f105xc.o
_edata                                            build/startup_stm32f105xc.o
_estack                                           build/startup_stm32f105xc.o
_exit                                             /usr/lib/gcc/arm-none-eabi/4.9.3/../../../arm-none-eabi/lib/armv7-m/libnosys.a(_exit.o)
                                                  /usr/lib/gcc/arm-none-eabi/4.9.3/../../../arm-none-eabi/lib/armv7-m/libc_nano.a(lib_a-exit.o)
_fini                                             /usr/lib/gcc/arm-none-eabi/4.9.3/armv7-m/crti.o
                                                  /usr/lib/gcc/arm-none-eabi/4.9.3/../../../arm-none-eabi/lib/armv7-m/libc_nano.a(lib_a-fini.o)
_global_atexit                                    /usr/lib/gcc/arm-none-eabi/4.9.3/../../../arm-none-eabi/lib/armv7-m/libc_nano.a(lib_a-__call_atexit.o)
                                                  /usr/lib/gcc/arm-none-eabi/4.9.3/../../../arm-none-eabi/lib/armv7-m/libc_nano.a(lib_a-__atexit.o)
_global_impure_ptr                                /usr/lib/gcc/arm-none-eabi/4.9.3/../../../arm-none-eabi/lib/armv7-m/libc_nano.a(lib_a-impure.o)
                                                  /usr/lib/gcc/arm-none-eabi/4.9.3/../../../arm-none-eabi/lib/armv7-m/libc_nano.a(lib_a-exit.o)
_impure_ptr                                       /usr/lib/gcc/arm-none-eabi/4.9.3/../../../arm-none-eabi/lib/armv7-m/libc_nano.a(lib_a-impure.o)
_init                                             /usr/lib/gcc/arm-none-eabi/4.9.3/armv7-m/crti.o
                                                  /usr/lib/gcc/arm-none-eabi/4.9.3/../../../arm-none-eabi/lib/armv7-m/libc_nano.a(lib_a-init.o)
_mainCRTStartup                                   /usr/lib/gcc/arm-none-eabi/4.9.3/../../../arm-none-eabi/lib/armv7-m/crt0.o
_sbss                                             build/startup_stm32f105xc.o
_sdata                                            build/startup_stm32f105xc.o
_sidata                                           build/startup_stm32f105xc.o
_start                                            /usr/lib/gcc/arm-none-eabi/4.9.3/../../../arm-none-eabi/lib/armv7-m/crt0.o
atexit                                            /usr/lib/gcc/arm-none-eabi/4.9.3/../../../arm-none-eabi/lib/armv7-m/libc_nano.a(lib_a-atexit.o)
                                                  /usr/lib/gcc/arm-none-eabi/4.9.3/../../../arm-none-eabi/lib/armv7-m/crt0.o
blink                                             build/globals.o
can1Handle                                        build/globals.o
                                                  build/canteros.o
                                                  build/can.o
                                                  build/main.o
can2Handle                                        build/globals.o
                                                  build/can.o
                                                  build/usrMain.o
                                                  build/main.o
canCheckInbox                                     build/can.o
                                                  build/canteros.o
                                                  build/usrMain.o
canGetNew                                         build/can.o
                                                  build/canteros.o
                                                  build/usrMain.o
canInit                                           build/can.o
                                                  build/usrMain.o
canSendMessage                                    build/can.o
                                                  build/canteros.o
                                                  build/usrMain.o
canterosCheckInbox                                build/canteros.o
                                                  build/usrMain.o
canterosGetNew                                    build/canteros.o
                                                  build/usrMain.o
canterosInit                                      build/canteros.o
                                                  build/usrMain.o
canterosProcess                                   build/canteros.o
                                                  build/usrMain.o
canterosSendMessage                               build/canteros.o
                                                  build/usrMain.o
configCanAddresses                                build/can.o
                                                  build/canteros.o
configCanteros                                    build/canteros.o
                                                  build/usrMain.o
driverInfoPeriodMs                                build/usrMain.o
exit                                              /usr/lib/gcc/arm-none-eabi/4.9.3/../../../arm-none-eabi/lib/armv7-m/libc_nano.a(lib_a-exit.o)
                                                  /usr/lib/gcc/arm-none-eabi/4.9.3/../../../arm-none-eabi/lib/armv7-m/crt0.o
free                                              /usr/lib/gcc/arm-none-eabi/4.9.3/../../../arm-none-eabi/lib/armv7-m/libc_nano.a(lib_a-__call_atexit.o)
g_pfnVectors                                      build/startup_stm32f105xc.o
hardware_init_hook                                /usr/lib/gcc/arm-none-eabi/4.9.3/../../../arm-none-eabi/lib/armv7-m/crt0.o
hcan1                                             build/main.o
                                                  build/stm32f1xx_it.o
hcan2                                             build/main.o
                                                  build/stm32f1xx_it.o
huart1                                            build/main.o
huart4                                            build/main.o
                                                  build/stm32f1xx_it.o
lastCanError                                      build/can.o
led                                               build/globals.o
                                                  build/canteros.o
                                                  build/can.o
                                                  build/usrMain.o
main                                              build/main.o
                                                  build/startup_stm32f105xc.o
                                                  /usr/lib/gcc/arm-none-eabi/4.9.3/../../../arm-none-eabi/lib/armv7-m/crt0.o
malloc                                            /usr/lib/gcc/arm-none-eabi/4.9.3/../../../arm-none-eabi/lib/armv7-m/libc_nano.a(lib_a-__atexit.o)
memset                                            /usr/lib/gcc/arm-none-eabi/4.9.3/../../../arm-none-eabi/lib/armv7-m/libc_nano.a(lib_a-memset.o)
                                                  /usr/lib/gcc/arm-none-eabi/4.9.3/../../../arm-none-eabi/lib/armv7-m/crt0.o
pFlash                                            build/stm32f1xx_hal_flash.o
                                                  build/stm32f1xx_hal_flash_ex.o
pidCompute                                        build/pid.o
                                                  build/usrMain.o
pidStart                                          build/pid.o
                                                  build/usrMain.o
pidStop                                           build/pid.o
                                                  build/usrMain.o
sendingNodeStatus                                 build/canteros.o
                                                  build/usrMain.o
software_init_hook                                /usr/lib/gcc/arm-none-eabi/4.9.3/../../../arm-none-eabi/lib/armv7-m/crt0.o
uart1Handle                                       build/handles.o
                                                  build/main.o
uart4Handle                                       build/handles.o
                                                  build/vesc.o
                                                  build/main.o
usrMain                                           build/usrMain.o
                                                  build/main.o
uwTick                                            build/stm32f1xx_hal.o
vescInit                                          build/vesc.o
                                                  build/usrMain.o
vescLastValues                                    build/vesc.o
                                                  build/usrMain.o
vescNewValuesReady                                build/vesc.o
vescNextByte                                      build/vesc.o
vescRequestValues                                 build/vesc.o
                                                  build/usrMain.o
vescSetCurrent                                    build/vesc.o
                                                  build/usrMain.o
vescSetERPM                                       build/vesc.o
vescSetPwm                                        build/vesc.o
                                                  build/usrMain.o