Archive member included to satisfy reference by file (symbol)

/usr/lib/gcc/arm-none-eabi/4.9.3/../../../arm-none-eabi/lib/armv7-m/libc_nano.a(lib_a-atexit.o)
                              /usr/lib/gcc/arm-none-eabi/4.9.3/../../../arm-none-eabi/lib/armv7-m/crt0.o (atexit)
/usr/lib/gcc/arm-none-eabi/4.9.3/../../../arm-none-eabi/lib/armv7-m/libc_nano.a(lib_a-exit.o)
                              /usr/lib/gcc/arm-none-eabi/4.9.3/../../../arm-none-eabi/lib/armv7-m/crt0.o (exit)
/usr/lib/gcc/arm-none-eabi/4.9.3/../../../arm-none-eabi/lib/armv7-m/libc_nano.a(lib_a-fini.o)
                              /usr/lib/gcc/arm-none-eabi/4.9.3/../../../arm-none-eabi/lib/armv7-m/crt0.o (__libc_fini_array)
/usr/lib/gcc/arm-none-eabi/4.9.3/../../../arm-none-eabi/lib/armv7-m/libc_nano.a(lib_a-impure.o)
                              /usr/lib/gcc/arm-none-eabi/4.9.3/../../../arm-none-eabi/lib/armv7-m/libc_nano.a(lib_a-exit.o) (_global_impure_ptr)
/usr/lib/gcc/arm-none-eabi/4.9.3/../../../arm-none-eabi/lib/armv7-m/libc_nano.a(lib_a-init.o)
                              /usr/lib/gcc/arm-none-eabi/4.9.3/../../../arm-none-eabi/lib/armv7-m/crt0.o (__libc_init_array)
/usr/lib/gcc/arm-none-eabi/4.9.3/../../../arm-none-eabi/lib/armv7-m/libc_nano.a(lib_a-memset.o)
                              /usr/lib/gcc/arm-none-eabi/4.9.3/../../../arm-none-eabi/lib/armv7-m/crt0.o (memset)
/usr/lib/gcc/arm-none-eabi/4.9.3/../../../arm-none-eabi/lib/armv7-m/libc_nano.a(lib_a-__atexit.o)
                              /usr/lib/gcc/arm-none-eabi/4.9.3/../../../arm-none-eabi/lib/armv7-m/libc_nano.a(lib_a-atexit.o) (__register_exitproc)
/usr/lib/gcc/arm-none-eabi/4.9.3/../../../arm-none-eabi/lib/armv7-m/libc_nano.a(lib_a-__call_atexit.o)
                              /usr/lib/gcc/arm-none-eabi/4.9.3/../../../arm-none-eabi/lib/armv7-m/libc_nano.a(lib_a-__atexit.o) (__call_exitprocs)
/usr/lib/gcc/arm-none-eabi/4.9.3/../../../arm-none-eabi/lib/armv7-m/libnosys.a(_exit.o)
                              /usr/lib/gcc/arm-none-eabi/4.9.3/../../../arm-none-eabi/lib/armv7-m/libc_nano.a(lib_a-exit.o) (_exit)
/usr/lib/gcc/arm-none-eabi/4.9.3/armv7-m/libgcc.a(_arm_addsubsf3.o)
                              build/pid.o (__aeabi_fsub)
/usr/lib/gcc/arm-none-eabi/4.9.3/armv7-m/libgcc.a(_arm_muldivsf3.o)
                              build/pid.o (__aeabi_fmul)
/usr/lib/gcc/arm-none-eabi/4.9.3/armv7-m/libgcc.a(_arm_cmpsf2.o)
                              build/pid.o (__aeabi_fcmplt)
/usr/lib/gcc/arm-none-eabi/4.9.3/armv7-m/libgcc.a(_arm_fixsfsi.o)
                              build/usrMain.o (__aeabi_f2iz)

Allocating common symbols
Common symbol       size              file

can2Handle          0x4               build/globals.o
hadc2               0x30              build/main.o
uwTick              0x4               build/stm32f1xx_hal.o
pFlash              0x20              build/stm32f1xx_hal_flash.o
htim3               0x40              build/main.o
hadc1               0x30              build/main.o
hcan2               0x44              build/main.o
adc1Handle          0x4               build/handles.o
adc2Handle          0x4               build/handles.o
can1Handle          0x4               build/globals.o
huart1              0x40              build/main.o
tim3Handle          0x4               build/handles.o
huart4              0x40              build/main.o
hcan1               0x44              build/main.o
sendingNodeStatus   0x8               build/canteros.o

Discarded input sections

 .text          0x0000000000000000        0x0 /usr/lib/gcc/arm-none-eabi/4.9.3/armv7-m/crti.o
 .data          0x0000000000000000        0x0 /usr/lib/gcc/arm-none-eabi/4.9.3/armv7-m/crti.o
 .bss           0x0000000000000000        0x0 /usr/lib/gcc/arm-none-eabi/4.9.3/armv7-m/crti.o
 .data          0x0000000000000000        0x4 /usr/lib/gcc/arm-none-eabi/4.9.3/armv7-m/crtbegin.o
 .text          0x0000000000000000       0x68 /usr/lib/gcc/arm-none-eabi/4.9.3/../../../arm-none-eabi/lib/armv7-m/crt0.o
 .data          0x0000000000000000        0x0 /usr/lib/gcc/arm-none-eabi/4.9.3/../../../arm-none-eabi/lib/armv7-m/crt0.o
 .bss           0x0000000000000000        0x0 /usr/lib/gcc/arm-none-eabi/4.9.3/../../../arm-none-eabi/lib/armv7-m/crt0.o
 .ARM.extab     0x0000000000000000        0x0 /usr/lib/gcc/arm-none-eabi/4.9.3/../../../arm-none-eabi/lib/armv7-m/crt0.o
 .ARM.exidx     0x0000000000000000        0x8 /usr/lib/gcc/arm-none-eabi/4.9.3/../../../arm-none-eabi/lib/armv7-m/crt0.o
 .debug_line    0x0000000000000000       0x7b /usr/lib/gcc/arm-none-eabi/4.9.3/../../../arm-none-eabi/lib/armv7-m/crt0.o
 .debug_info    0x0000000000000000       0xa8 /usr/lib/gcc/arm-none-eabi/4.9.3/../../../arm-none-eabi/lib/armv7-m/crt0.o
 .debug_abbrev  0x0000000000000000       0x14 /usr/lib/gcc/arm-none-eabi/4.9.3/../../../arm-none-eabi/lib/armv7-m/crt0.o
 .debug_aranges
                0x0000000000000000       0x20 /usr/lib/gcc/arm-none-eabi/4.9.3/../../../arm-none-eabi/lib/armv7-m/crt0.o
 .ARM.attributes
[...]
Memory Configuration

Name             Origin             Length             Attributes
RAM              0x0000000020000000 0x0000000000010000 xrw
FLASH            0x0000000008000000 0x0000000000020000 xr
*default*        0x0000000000000000 0xffffffffffffffff

Linker script and memory map

LOAD /usr/lib/gcc/arm-none-eabi/4.9.3/armv7-m/crti.o
LOAD /usr/lib/gcc/arm-none-eabi/4.9.3/armv7-m/crtbegin.o
LOAD /usr/lib/gcc/arm-none-eabi/4.9.3/../../../arm-none-eabi/lib/armv7-m/crt0.o
LOAD build/stm32f1xx_hal_can.o
LOAD build/stm32f1xx_hal_cortex.o
LOAD build/stm32f1xx_hal_gpio.o
LOAD build/stm32f1xx_hal_msp.o
LOAD build/main.o
LOAD build/stm32f1xx_hal_flash_ex.o
LOAD build/stm32f1xx_hal_flash.o
LOAD build/stm32f1xx_hal_gpio_ex.o
LOAD build/stm32f1xx_hal_tim_ex.o
LOAD build/stm32f1xx_hal.o
LOAD build/stm32f1xx_hal_pwr.o
LOAD build/stm32f1xx_hal_rcc.o
LOAD build/stm32f1xx_hal_rcc_ex.o
LOAD build/stm32f1xx_it.o
LOAD build/stm32f1xx_hal_tim.o
LOAD build/stm32f1xx_hal_dma.o
LOAD build/stm32f1xx_hal_uart.o
LOAD build/stm32f1xx_hal_adc_ex.o
LOAD build/stm32f1xx_hal_adc.o
LOAD build/adc.o
LOAD build/handles.o
LOAD build/motor.o
LOAD build/usrMain.o
LOAD build/can.o
LOAD build/canteros.o
LOAD build/pid.o
LOAD build/globals.o
LOAD build/system_stm32f1xx.o
LOAD build/startup_stm32f105xc.o
LOAD /usr/lib/gcc/arm-none-eabi/4.9.3/../../../arm-none-eabi/lib/armv7-m/libc_nano.a
LOAD /usr/lib/gcc/arm-none-eabi/4.9.3/../../../arm-none-eabi/lib/armv7-m/libm.a
LOAD /usr/lib/gcc/arm-none-eabi/4.9.3/../../../arm-none-eabi/lib/armv7-m/libnosys.a
START GROUP
LOAD /usr/lib/gcc/arm-none-eabi/4.9.3/armv7-m/libgcc.a
LOAD /usr/lib/gcc/arm-none-eabi/4.9.3/../../../arm-none-eabi/lib/armv7-m/libc_nano.a
END GROUP
START GROUP
LOAD /usr/lib/gcc/arm-none-eabi/4.9.3/armv7-m/libgcc.a
LOAD /usr/lib/gcc/arm-none-eabi/4.9.3/../../../arm-none-eabi/lib/armv7-m/libc_nano.a
END GROUP
LOAD /usr/lib/gcc/arm-none-eabi/4.9.3/armv7-m/crtend.o
LOAD /usr/lib/gcc/arm-none-eabi/4.9.3/armv7-m/crtn.o
                0x0000000020010000                _estack = 0x20010000
                0x0000000000000200                _Min_Heap_Size = 0x200
                0x0000000000000400                _Min_Stack_Size = 0x400

.isr_vector     0x0000000008000000      0x1e4
                0x0000000008000000                . = ALIGN (0x4)
 *(.isr_vector)
 .isr_vector    0x0000000008000000      0x1e4 build/startup_stm32f105xc.o
                0x0000000008000000                g_pfnVectors
                0x00000000080001e4                . = ALIGN (0x4)

.text           0x00000000080001e4     0x3c0c
                0x00000000080001e4                . = ALIGN (0x4)
 *(.text)
 .text          0x00000000080001e4       0xa4 /usr/lib/gcc/arm-none-eabi/4.9.3/armv7-m/crtbegin.o
 .text          0x0000000008000288      0x21c /usr/lib/gcc/arm-none-eabi/4.9.3/armv7-m/libgcc.a(_arm_addsubsf3.o)
                0x0000000008000288                __aeabi_frsub
                0x0000000008000290                __subsf3
                0x0000000008000290                __aeabi_fsub
                0x0000000008000294                __aeabi_fadd
                0x0000000008000294                __addsf3
                0x00000000080003f4                __aeabi_ui2f
                0x00000000080003f4                __floatunsisf
                0x00000000080003fc                __aeabi_i2f
                0x00000000080003fc                __floatsisf
                0x0000000008000418                __floatundisf
                0x0000000008000418                __aeabi_ul2f
                0x0000000008000428                __floatdisf
                0x0000000008000428                __aeabi_l2f
 .text          0x00000000080004a4      0x2a0 /usr/lib/gcc/arm-none-eabi/4.9.3/armv7-m/libgcc.a(_arm_muldivsf3.o)
                0x00000000080004a4                __mulsf3
                0x00000000080004a4                __aeabi_fmul
                0x000000000800060c                __divsf3
                0x000000000800060c                __aeabi_fdiv
 .text          0x0000000008000744       0xec /usr/lib/gcc/arm-none-eabi/4.9.3/armv7-m/libgcc.a(_arm_cmpsf2.o)
                0x0000000008000744                __gtsf2
                0x0000000008000744                __gesf2
                0x000000000800074c                __lesf2
                0x000000000800074c                __ltsf2
                0x0000000008000754                __nesf2
                0x0000000008000754                __eqsf2
                0x0000000008000754                __cmpsf2
                0x00000000080007b4                __aeabi_cfrcmple
                0x00000000080007bc                __aeabi_cfcmple
                0x00000000080007bc                __aeabi_cfcmpeq
                0x00000000080007cc                __aeabi_fcmpeq
                0x00000000080007e0                __aeabi_fcmplt
                0x00000000080007f4                __aeabi_fcmple
                0x0000000008000808                __aeabi_fcmpge
                0x000000000800081c                __aeabi_fcmpgt
 .text          0x0000000008000830       0x4c /usr/lib/gcc/arm-none-eabi/4.9.3/armv7-m/libgcc.a(_arm_fixsfsi.o)
                0x0000000008000830                __fixsfsi
                0x0000000008000830                __aeabi_f2iz
 *(.text*)
 .text.HAL_CAN_ConfigFilter
                0x000000000800087c      0x100 build/stm32f1xx_hal_can.o
                0x000000000800087c                HAL_CAN_ConfigFilter
 .text.HAL_CAN_Init
                0x000000000800097c      0x14c build/stm32f1xx_hal_can.o
                0x000000000800097c                HAL_CAN_Init
 .text.HAL_CAN_Transmit_IT
                0x0000000008000ac8      0x160 build/stm32f1xx_hal_can.o
                0x0000000008000ac8                HAL_CAN_Transmit_IT
 .text.HAL_CAN_Receive_IT
                0x0000000008000c28      0x12c build/stm32f1xx_hal_can.o
                0x0000000008000c28                HAL_CAN_Receive_IT
 .text.CAN_Transmit_IT
                0x0000000008000d54       0x58 build/stm32f1xx_hal_can.o
 .text.CAN_Receive_IT
                0x0000000008000dac      0x174 build/stm32f1xx_hal_can.o
 .text.HAL_CAN_IRQHandler
                0x0000000008000f20      0x1f8 build/stm32f1xx_hal_can.o
                0x0000000008000f20                HAL_CAN_IRQHandler
 .text.HAL_NVIC_SetPriorityGrouping
                0x0000000008001118       0x24 build/stm32f1xx_hal_cortex.o
                0x0000000008001118                HAL_NVIC_SetPriorityGrouping
 .text.HAL_NVIC_SetPriority
                0x000000000800113c       0x64 build/stm32f1xx_hal_cortex.o
                0x000000000800113c                HAL_NVIC_SetPriority
 .text.HAL_NVIC_EnableIRQ
                0x00000000080011a0       0x18 build/stm32f1xx_hal_cortex.o
                0x00000000080011a0                HAL_NVIC_EnableIRQ
 .text.HAL_NVIC_DisableIRQ
                0x00000000080011b8       0x18 build/stm32f1xx_hal_cortex.o
                0x00000000080011b8                HAL_NVIC_DisableIRQ
 .text.HAL_SYSTICK_Config
                0x00000000080011d0       0x2c build/stm32f1xx_hal_cortex.o
                0x00000000080011d0                HAL_SYSTICK_Config
 .text.HAL_SYSTICK_CLKSourceConfig
                0x00000000080011fc       0x20 build/stm32f1xx_hal_cortex.o
                0x00000000080011fc                HAL_SYSTICK_CLKSourceConfig
 .text.HAL_SYSTICK_Callback
                0x000000000800121c        0x4 build/stm32f1xx_hal_cortex.o
                0x000000000800121c                HAL_SYSTICK_Callback
 .text.HAL_SYSTICK_IRQHandler
                0x0000000008001220        0x8 build/stm32f1xx_hal_cortex.o
                0x0000000008001220                HAL_SYSTICK_IRQHandler
 .text.HAL_GPIO_Init
                0x0000000008001228      0x1e4 build/stm32f1xx_hal_gpio.o
                0x0000000008001228                HAL_GPIO_Init
 .text.HAL_GPIO_WritePin
                0x000000000800140c        0xc build/stm32f1xx_hal_gpio.o
                0x000000000800140c                HAL_GPIO_WritePin
 .text.HAL_MspInit
                0x0000000008001418       0x94 build/stm32f1xx_hal_msp.o
                0x0000000008001418                HAL_MspInit
 .text.HAL_ADC_MspInit
                0x00000000080014ac       0x94 build/stm32f1xx_hal_msp.o
                0x00000000080014ac                HAL_ADC_MspInit
 .text.HAL_CAN_MspInit
                0x0000000008001540      0x15c build/stm32f1xx_hal_msp.o
                0x0000000008001540                HAL_CAN_MspInit
 .text.HAL_TIM_PWM_MspInit
                0x000000000800169c       0x28 build/stm32f1xx_hal_msp.o
                0x000000000800169c                HAL_TIM_PWM_MspInit
 .text.HAL_TIM_MspPostInit
                0x00000000080016c4       0x44 build/stm32f1xx_hal_msp.o
                0x00000000080016c4                HAL_TIM_MspPostInit
 .text.HAL_UART_MspInit
                0x0000000008001708       0xac build/stm32f1xx_hal_msp.o
                0x0000000008001708                HAL_UART_MspInit
 .text.MX_GPIO_Init
                0x00000000080017b4       0xb0 build/main.o
 .text._Error_Handler
                0x0000000008001864        0x4 build/main.o
                0x0000000008001864                _Error_Handler
 .text.MX_CAN1_Init
                0x0000000008001868       0x48 build/main.o
 .text.MX_CAN2_Init
                0x00000000080018b0       0x48 build/main.o
 .text.MX_USART1_UART_Init
                0x00000000080018f8       0x3c build/main.o
 .text.MX_UART4_Init
                0x0000000008001934       0x3c build/main.o
 .text.MX_TIM3_Init
                0x0000000008001970       0x7c build/main.o
 .text.MX_ADC1_Init
                0x00000000080019ec       0x5c build/main.o
 .text.MX_ADC2_Init
                0x0000000008001a48       0x60 build/main.o
 .text.SystemClock_Config
                0x0000000008001aa8       0xac build/main.o
                0x0000000008001aa8                SystemClock_Config
 .text.main     0x0000000008001b54       0x78 build/main.o
                0x0000000008001b54                main
 .text.HAL_TIMEx_MasterConfigSynchronization
                0x0000000008001bcc       0x54 build/stm32f1xx_hal_tim_ex.o
                0x0000000008001bcc                HAL_TIMEx_MasterConfigSynchronization
 .text.HAL_InitTick
                0x0000000008001c20       0x2c build/stm32f1xx_hal.o
                0x0000000008001c20                HAL_InitTick
 .text.HAL_Init
                0x0000000008001c4c       0x24 build/stm32f1xx_hal.o
                0x0000000008001c4c                HAL_Init
 .text.HAL_IncTick
                0x0000000008001c70       0x10 build/stm32f1xx_hal.o
                0x0000000008001c70                HAL_IncTick
 .text.HAL_GetTick
                0x0000000008001c80        0xc build/stm32f1xx_hal.o
                0x0000000008001c80                HAL_GetTick
 .text.HAL_Delay
                0x0000000008001c8c       0x24 build/stm32f1xx_hal.o
                0x0000000008001c8c                HAL_Delay
 .text.RCC_Delay
                0x0000000008001cb0       0x2c build/stm32f1xx_hal_rcc.o
 .text.HAL_RCC_OscConfig
                0x0000000008001cdc      0x4fc build/stm32f1xx_hal_rcc.o
                0x0000000008001cdc                HAL_RCC_OscConfig
 .text.HAL_RCC_GetSysClockFreq
                0x00000000080021d8       0xb4 build/stm32f1xx_hal_rcc.o
                0x00000000080021d8                HAL_RCC_GetSysClockFreq
 .text.HAL_RCC_ClockConfig
                0x000000000800228c      0x184 build/stm32f1xx_hal_rcc.o
                0x000000000800228c                HAL_RCC_ClockConfig
 .text.HAL_RCC_GetHCLKFreq
                0x0000000008002410        0xc build/stm32f1xx_hal_rcc.o
                0x0000000008002410                HAL_RCC_GetHCLKFreq
 .text.HAL_RCC_GetPCLK1Freq
                0x000000000800241c       0x20 build/stm32f1xx_hal_rcc.o
                0x000000000800241c                HAL_RCC_GetPCLK1Freq
 .text.HAL_RCC_GetPCLK2Freq
                0x000000000800243c       0x20 build/stm32f1xx_hal_rcc.o
                0x000000000800243c                HAL_RCC_GetPCLK2Freq
 .text.HAL_RCCEx_PeriphCLKConfig
                0x000000000800245c      0x1e4 build/stm32f1xx_hal_rcc_ex.o
                0x000000000800245c                HAL_RCCEx_PeriphCLKConfig
 .text.NMI_Handler
                0x0000000008002640        0x4 build/stm32f1xx_it.o
                0x0000000008002640                NMI_Handler
 .text.HardFault_Handler
                0x0000000008002644        0x4 build/stm32f1xx_it.o
                0x0000000008002644                HardFault_Handler
 .text.MemManage_Handler
                0x0000000008002648        0x4 build/stm32f1xx_it.o
                0x0000000008002648                MemManage_Handler
 .text.BusFault_Handler
                0x000000000800264c        0x4 build/stm32f1xx_it.o
                0x000000000800264c                BusFault_Handler
 .text.UsageFault_Handler
                0x0000000008002650        0x4 build/stm32f1xx_it.o
                0x0000000008002650                UsageFault_Handler
 .text.SVC_Handler
                0x0000000008002654        0x4 build/stm32f1xx_it.o
                0x0000000008002654                SVC_Handler
 .text.DebugMon_Handler
                0x0000000008002658        0x4 build/stm32f1xx_it.o
                0x0000000008002658                DebugMon_Handler
 .text.PendSV_Handler
                0x000000000800265c        0x4 build/stm32f1xx_it.o
                0x000000000800265c                PendSV_Handler
 .text.SysTick_Handler
                0x0000000008002660        0xc build/stm32f1xx_it.o
                0x0000000008002660                SysTick_Handler
 .text.ADC1_2_IRQHandler
                0x000000000800266c       0x18 build/stm32f1xx_it.o
                0x000000000800266c                ADC1_2_IRQHandler
 .text.CAN1_TX_IRQHandler
                0x0000000008002684       0x10 build/stm32f1xx_it.o
                0x0000000008002684                CAN1_TX_IRQHandler
 .text.CAN1_RX0_IRQHandler
                0x0000000008002694       0x10 build/stm32f1xx_it.o
                0x0000000008002694                CAN1_RX0_IRQHandler
 .text.CAN1_RX1_IRQHandler
                0x00000000080026a4       0x10 build/stm32f1xx_it.o
                0x00000000080026a4                CAN1_RX1_IRQHandler
 .text.CAN1_SCE_IRQHandler
                0x00000000080026b4       0x10 build/stm32f1xx_it.o
                0x00000000080026b4                CAN1_SCE_IRQHandler
 .text.CAN2_TX_IRQHandler
                0x00000000080026c4       0x10 build/stm32f1xx_it.o
                0x00000000080026c4                CAN2_TX_IRQHandler
 .text.CAN2_RX0_IRQHandler
                0x00000000080026d4       0x10 build/stm32f1xx_it.o
                0x00000000080026d4                CAN2_RX0_IRQHandler
 .text.CAN2_RX1_IRQHandler
                0x00000000080026e4       0x10 build/stm32f1xx_it.o
                0x00000000080026e4                CAN2_RX1_IRQHandler
 .text.CAN2_SCE_IRQHandler
                0x00000000080026f4       0x10 build/stm32f1xx_it.o
                0x00000000080026f4                CAN2_SCE_IRQHandler
 .text.TIM_OC1_SetConfig
                0x0000000008002704       0x58 build/stm32f1xx_hal_tim.o
 .text.TIM_OC3_SetConfig
                0x000000000800275c       0x60 build/stm32f1xx_hal_tim.o
 .text.TIM_OC4_SetConfig
                0x00000000080027bc       0x48 build/stm32f1xx_hal_tim.o
 .text.TIM_Base_SetConfig
                0x0000000008002804       0x80 build/stm32f1xx_hal_tim.o
                0x0000000008002804                TIM_Base_SetConfig
 .text.HAL_TIM_PWM_Init
                0x0000000008002884       0x38 build/stm32f1xx_hal_tim.o
                0x0000000008002884                HAL_TIM_PWM_Init
 .text.TIM_OC2_SetConfig
                0x00000000080028bc       0x60 build/stm32f1xx_hal_tim.o
                0x00000000080028bc                TIM_OC2_SetConfig
 .text.HAL_TIM_PWM_ConfigChannel
                0x000000000800291c       0xdc build/stm32f1xx_hal_tim.o
                0x000000000800291c                HAL_TIM_PWM_ConfigChannel
 .text.TIM_CCxChannelCmd
                0x00000000080029f8       0x1c build/stm32f1xx_hal_tim.o
                0x00000000080029f8                TIM_CCxChannelCmd
 .text.HAL_TIM_PWM_Start
                0x0000000008002a14       0x30 build/stm32f1xx_hal_tim.o
                0x0000000008002a14                HAL_TIM_PWM_Start
 .text.UART_SetConfig
                0x0000000008002a44      0x1bc build/stm32f1xx_hal_uart.o
 .text.HAL_UART_Init
                0x0000000008002c00       0x64 build/stm32f1xx_hal_uart.o
                0x0000000008002c00                HAL_UART_Init
 .text.HAL_ADCEx_InjectedConvCpltCallback
                0x0000000008002c64        0x4 build/stm32f1xx_hal_adc_ex.o
                0x0000000008002c64                HAL_ADCEx_InjectedConvCpltCallback
 .text.HAL_ADC_GetValue
                0x0000000008002c68        0x8 build/stm32f1xx_hal_adc.o
                0x0000000008002c68                HAL_ADC_GetValue
 .text.HAL_ADC_LevelOutOfWindowCallback
                0x0000000008002c70        0x4 build/stm32f1xx_hal_adc.o
                0x0000000008002c70                HAL_ADC_LevelOutOfWindowCallback
 .text.HAL_ADC_IRQHandler
                0x0000000008002c74      0x104 build/stm32f1xx_hal_adc.o
                0x0000000008002c74                HAL_ADC_IRQHandler
 .text.HAL_ADC_ConfigChannel
                0x0000000008002d78      0x12c build/stm32f1xx_hal_adc.o
                0x0000000008002d78                HAL_ADC_ConfigChannel
 .text.ADC_Enable
                0x0000000008002ea4       0x80 build/stm32f1xx_hal_adc.o
                0x0000000008002ea4                ADC_Enable
 .text.HAL_ADC_Start_IT
                0x0000000008002f24      0x100 build/stm32f1xx_hal_adc.o
                0x0000000008002f24                HAL_ADC_Start_IT
 .text.ADC_ConversionStop_Disable
                0x0000000008003024       0x50 build/stm32f1xx_hal_adc.o
                0x0000000008003024                ADC_ConversionStop_Disable
 .text.HAL_ADC_Init
                0x0000000008003074      0x10c build/stm32f1xx_hal_adc.o
                0x0000000008003074                HAL_ADC_Init
 .text.HAL_ADC_ConvCpltCallback
                0x0000000008003180       0x30 build/adc.o
                0x0000000008003180                HAL_ADC_ConvCpltCallback
 .text.adcInit  0x00000000080031b0       0x1c build/adc.o
                0x00000000080031b0                adcInit
 .text.adcUpdate
                0x00000000080031cc       0x6c build/adc.o
                0x00000000080031cc                adcUpdate
 .text.adcGet1  0x0000000008003238        0xc build/adc.o
                0x0000000008003238                adcGet1
 .text.adcGet2  0x0000000008003244        0xc build/adc.o
                0x0000000008003244                adcGet2
 .text.setPermille
                0x0000000008003250       0x10 build/motor.o
 .text.motorInit
                0x0000000008003260       0x28 build/motor.o
                0x0000000008003260                motorInit
 .text.motorSetPower
                0x0000000008003288       0x40 build/motor.o
                0x0000000008003288                motorSetPower
 .text.usrMain  0x00000000080032c8      0x330 build/usrMain.o
                0x00000000080032c8                usrMain
 .text.setupFilters1Canteros
                0x00000000080035f8       0x88 build/can.o
 .text.setupFilters1Accept
                0x0000000008003680       0x40 build/can.o
 .text.setupFilters2Accept
                0x00000000080036c0       0x40 build/can.o
 .text.disableRX0Int
                0x0000000008003700       0x1c build/can.o
 .text.enableRX0Int
                0x000000000800371c       0x1c build/can.o
 .text.HAL_CAN_TxCpltCallback
                0x0000000008003738        0x4 build/can.o
                0x0000000008003738                HAL_CAN_TxCpltCallback
 .text.HAL_CAN_RxCpltCallback
                0x000000000800373c       0x80 build/can.o
                0x000000000800373c                HAL_CAN_RxCpltCallback
 .text.HAL_CAN_ErrorCallback
                0x00000000080037bc       0x20 build/can.o
                0x00000000080037bc                HAL_CAN_ErrorCallback
 .text.configCanAddresses
                0x00000000080037dc       0x14 build/can.o
                0x00000000080037dc                configCanAddresses
 .text.canInit  0x00000000080037f0       0xb4 build/can.o
                0x00000000080037f0                canInit
 .text.canSendMessage
                0x00000000080038a4       0x48 build/can.o
                0x00000000080038a4                canSendMessage
 .text.canCheckInbox
                0x00000000080038ec       0x38 build/can.o
                0x00000000080038ec                canCheckInbox
 .text.canGetNew
                0x0000000008003924       0x68 build/can.o
                0x0000000008003924                canGetNew
 .text.isHandled
                0x000000000800398c       0x58 build/canteros.o
 .text.configCanteros
                0x00000000080039e4       0x38 build/canteros.o
                0x00000000080039e4                configCanteros
 .text.canterosInit
                0x0000000008003a1c       0x10 build/canteros.o
                0x0000000008003a1c                canterosInit
 .text.canterosSendMessage
                0x0000000008003a2c       0x5c build/canteros.o
                0x0000000008003a2c                canterosSendMessage
 .text.canterosProcess
                0x0000000008003a88      0x114 build/canteros.o
                0x0000000008003a88                canterosProcess
 .text.canterosCheckInbox
                0x0000000008003b9c       0x24 build/canteros.o
                0x0000000008003b9c                canterosCheckInbox
 .text.canterosGetNew
                0x0000000008003bc0       0x3c build/canteros.o
                0x0000000008003bc0                canterosGetNew
 .text.pidCompute
                0x0000000008003bfc       0xbc build/pid.o
                0x0000000008003bfc                pidCompute
 .text.pidStart
                0x0000000008003cb8       0x30 build/pid.o
                0x0000000008003cb8                pidStart
 .text.pidStop  0x0000000008003ce8        0x8 build/pid.o
                0x0000000008003ce8                pidStop
 .text.led      0x0000000008003cf0       0x48 build/globals.o
                0x0000000008003cf0                led
 .text.SystemInit
                0x0000000008003d38       0x58 build/system_stm32f1xx.o
                0x0000000008003d38                SystemInit
 .text.Reset_Handler
                0x0000000008003d90       0x44 build/startup_stm32f105xc.o
                0x0000000008003d90                Reset_Handler
 .text.Default_Handler
                0x0000000008003dd4        0x2 build/startup_stm32f105xc.o
                0x0000000008003dd4                RTC_Alarm_IRQHandler
                0x0000000008003dd4                EXTI2_IRQHandler
                0x0000000008003dd4                TIM1_CC_IRQHandler
                0x0000000008003dd4                TIM6_IRQHandler
                0x0000000008003dd4                PVD_IRQHandler
                0x0000000008003dd4                EXTI3_IRQHandler
                0x0000000008003dd4                EXTI0_IRQHandler
                0x0000000008003dd4                I2C2_EV_IRQHandler
                0x0000000008003dd4                SPI1_IRQHandler
                0x0000000008003dd4                TAMPER_IRQHandler
                0x0000000008003dd4                DMA2_Channel2_IRQHandler
                0x0000000008003dd4                DMA1_Channel4_IRQHandler
                0x0000000008003dd4                USART3_IRQHandler
                0x0000000008003dd4                RTC_IRQHandler
                0x0000000008003dd4                DMA1_Channel7_IRQHandler
                0x0000000008003dd4                UART5_IRQHandler
                0x0000000008003dd4                TIM4_IRQHandler
                0x0000000008003dd4                DMA2_Channel1_IRQHandler
                0x0000000008003dd4                I2C1_EV_IRQHandler
                0x0000000008003dd4                DMA1_Channel6_IRQHandler
                0x0000000008003dd4                UART4_IRQHandler
                0x0000000008003dd4                DMA2_Channel4_IRQHandler
                0x0000000008003dd4                TIM3_IRQHandler
                0x0000000008003dd4                RCC_IRQHandler
                0x0000000008003dd4                TIM1_TRG_COM_IRQHandler
                0x0000000008003dd4                DMA1_Channel1_IRQHandler
                0x0000000008003dd4                Default_Handler
                0x0000000008003dd4                EXTI15_10_IRQHandler
                0x0000000008003dd4                TIM7_IRQHandler
                0x0000000008003dd4                TIM5_IRQHandler
                0x0000000008003dd4                EXTI9_5_IRQHandler
                0x0000000008003dd4                SPI2_IRQHandler
                0x0000000008003dd4                DMA2_Channel5_IRQHandler
                0x0000000008003dd4                DMA1_Channel5_IRQHandler
                0x0000000008003dd4                EXTI4_IRQHandler
                0x0000000008003dd4                DMA1_Channel3_IRQHandler
                0x0000000008003dd4                TIM1_UP_IRQHandler
                0x0000000008003dd4                WWDG_IRQHandler
                0x0000000008003dd4                TIM2_IRQHandler
                0x0000000008003dd4                OTG_FS_WKUP_IRQHandler
                0x0000000008003dd4                TIM1_BRK_IRQHandler
                0x0000000008003dd4                EXTI1_IRQHandler
                0x0000000008003dd4                USART2_IRQHandler
                0x0000000008003dd4                I2C2_ER_IRQHandler
                0x0000000008003dd4                DMA1_Channel2_IRQHandler
                0x0000000008003dd4                FLASH_IRQHandler
                0x0000000008003dd4                USART1_IRQHandler
                0x0000000008003dd4                OTG_FS_IRQHandler
                0x0000000008003dd4                SPI3_IRQHandler
                0x0000000008003dd4                I2C1_ER_IRQHandler
                0x0000000008003dd4                DMA2_Channel3_IRQHandler
 *(.glue_7)
 .glue_7        0x0000000008003dd6        0x0 linker stubs
 *(.glue_7t)
 .glue_7t       0x0000000008003dd6        0x0 linker stubs
 *(.eh_frame)
 *fill*         0x0000000008003dd6        0x2 
 .eh_frame      0x0000000008003dd8        0x0 /usr/lib/gcc/arm-none-eabi/4.9.3/armv7-m/crtbegin.o
 *(.init)
 .init          0x0000000008003dd8        0x4 /usr/lib/gcc/arm-none-eabi/4.9.3/armv7-m/crti.o
                0x0000000008003dd8                _init
 .init          0x0000000008003ddc        0x8 /usr/lib/gcc/arm-none-eabi/4.9.3/armv7-m/crtn.o
 *(.fini)
 .fini          0x0000000008003de4        0x4 /usr/lib/gcc/arm-none-eabi/4.9.3/armv7-m/crti.o
                0x0000000008003de4                _fini
 .fini          0x0000000008003de8        0x8 /usr/lib/gcc/arm-none-eabi/4.9.3/armv7-m/crtn.o
                0x0000000008003df0                . = ALIGN (0x4)
                0x0000000008003df0                _etext = .

.vfp11_veneer   0x0000000008003df0        0x0
 .vfp11_veneer  0x0000000008003df0        0x0 linker stubs

.v4_bx          0x0000000008003df0        0x0
 .v4_bx         0x0000000008003df0        0x0 linker stubs

.iplt           0x0000000008003df0        0x0
 .iplt          0x0000000008003df0        0x0 /usr/lib/gcc/arm-none-eabi/4.9.3/armv7-m/crtbegin.o

.rodata         0x0000000008003df0       0x70
                0x0000000008003df0                . = ALIGN (0x4)
 *(.rodata)
 .rodata        0x0000000008003df0       0x20 build/stm32f1xx_hal_rcc.o
 *(.rodata*)
 .rodata.str1.4
                0x0000000008003e10        0xb build/main.o
 *fill*         0x0000000008003e1b        0x1 
 .rodata.myAddresses
                0x0000000008003e1c        0x4 build/usrMain.o
 .rodata.handledHeaders
                0x0000000008003e20        0x8 build/usrMain.o
 .rodata.str1.4
                0x0000000008003e28       0x20 build/can.o
 .rodata.AHBPrescTable
                0x0000000008003e48       0x10 build/system_stm32f1xx.o
                0x0000000008003e48                AHBPrescTable
 .rodata.APBPrescTable
                0x0000000008003e58        0x8 build/system_stm32f1xx.o
                0x0000000008003e58                APBPrescTable
                0x0000000008003e60                . = ALIGN (0x4)

.rel.dyn        0x0000000008003e60        0x0
 .rel.iplt      0x0000000008003e60        0x0 /usr/lib/gcc/arm-none-eabi/4.9.3/armv7-m/crtbegin.o

.ARM.extab
 *(.ARM.extab* .gnu.linkonce.armextab.*)

.ARM            0x0000000008003e60        0x0
                0x0000000008003e60                __exidx_start = .
 *(.ARM.exidx*)
                0x0000000008003e60                __exidx_end = .

.preinit_array  0x0000000008003e60        0x0
                0x0000000008003e60                PROVIDE (__preinit_array_start, .)
 *(.preinit_array*)
                0x0000000008003e60                PROVIDE (__preinit_array_end, .)

.init_array     0x0000000008003e60        0x4
                0x0000000008003e60                PROVIDE (__init_array_start, .)
 *(SORT(.init_array.*))
 *(.init_array*)
 .init_array    0x0000000008003e60        0x4 /usr/lib/gcc/arm-none-eabi/4.9.3/armv7-m/crtbegin.o
                0x0000000008003e64                PROVIDE (__init_array_end, .)

.fini_array     0x0000000008003e64        0x4
                0x0000000008003e64                PROVIDE (__fini_array_start, .)
 *(SORT(.fini_array.*))
 *(.fini_array*)
 .fini_array    0x0000000008003e64        0x4 /usr/lib/gcc/arm-none-eabi/4.9.3/armv7-m/crtbegin.o
                0x0000000008003e68                PROVIDE (__fini_array_end, .)
                0x0000000008003e68                _sidata = LOADADDR (.data)

.data           0x0000000020000000        0x8 load address 0x0000000008003e68
                0x0000000020000000                . = ALIGN (0x4)
                0x0000000020000000                _sdata = .
 *(.data)
 *(.data*)
 .data.indexPulsePosition
                0x0000000020000000        0x2 build/usrMain.o
 *fill*         0x0000000020000002        0x2 
 .data.SystemCoreClock
                0x0000000020000004        0x4 build/system_stm32f1xx.o
                0x0000000020000004                SystemCoreClock
                0x0000000020000008                . = ALIGN (0x4)
                0x0000000020000008                _edata = .

.jcr            0x0000000020000008        0x0 load address 0x0000000008003e70
 .jcr           0x0000000020000008        0x0 /usr/lib/gcc/arm-none-eabi/4.9.3/armv7-m/crtbegin.o

.tm_clone_table
                0x0000000020000008        0x0 load address 0x0000000008003e70
 .tm_clone_table
                0x0000000020000008        0x0 /usr/lib/gcc/arm-none-eabi/4.9.3/armv7-m/crtbegin.o
 .tm_clone_table
                0x0000000020000008        0x0 /usr/lib/gcc/arm-none-eabi/4.9.3/armv7-m/crtend.o

.igot.plt       0x0000000020000008        0x0 load address 0x0000000008003e70
 .igot.plt      0x0000000020000008        0x0 /usr/lib/gcc/arm-none-eabi/4.9.3/armv7-m/crtbegin.o
                0x0000000020000008                . = ALIGN (0x4)

.bss            0x0000000020000008      0x4f4 load address 0x0000000008003e70
                0x0000000020000008                _sbss = .
                0x0000000020000008                __bss_start__ = _sbss
 *(.bss)
 .bss           0x0000000020000008       0x1c /usr/lib/gcc/arm-none-eabi/4.9.3/armv7-m/crtbegin.o
 *(.bss*)
 .bss.HAL_RCC_CAN1_CLK_ENABLED
                0x0000000020000024        0x4 build/stm32f1xx_hal_msp.o
 .bss.measured1
                0x0000000020000028        0x2 build/adc.o
 .bss.measured2
                0x000000002000002a        0x2 build/adc.o
 .bss.complete1
                0x000000002000002c        0x1 build/adc.o
 .bss.complete2
                0x000000002000002d        0x1 build/adc.o
 .bss.modeNow   0x000000002000002e        0x1 build/usrMain.o
 *fill*         0x000000002000002f        0x1 
 .bss.positionPid
                0x0000000020000030       0x34 build/usrMain.o
 .bss.positionInfoPeriodMs
                0x0000000020000064        0x2 build/usrMain.o
 .bss.ENC_CNT   0x0000000020000066        0x2 build/usrMain.o
 .bss.rxMessage2.7417
                0x0000000020000068       0x24 build/can.o
 .bss.myAddresses
                0x000000002000008c        0x4 build/can.o
 .bss.ADDRESSES_SIZE
                0x0000000020000090        0x1 build/can.o
 *fill*         0x0000000020000091        0x3 
 .bss.rxMessage1.7416
                0x0000000020000094       0x24 build/can.o
 .bss.lastCanError
                0x00000000200000b8        0x4 build/can.o
                0x00000000200000b8                lastCanError
 .bss.queue1    0x00000000200000bc       0xc2 build/can.o
 *fill*         0x000000002000017e        0x2 
 .bss.queue2    0x0000000020000180       0xc2 build/can.o
 *fill*         0x0000000020000242        0x2 
 .bss.txMessage1.7414
                0x0000000020000244       0x1c build/can.o
 .bss.txMessage2.7415
                0x0000000020000260       0x1c build/can.o
 .bss.lastNodeStatusMs.7425
                0x000000002000027c        0x4 build/canteros.o
 .bss.PRIMARY_ADDRESS
                0x0000000020000280        0x2 build/canteros.o
 *fill*         0x0000000020000282        0x2 
 .bss.queue     0x0000000020000284       0xa2 build/canteros.o
 *fill*         0x0000000020000326        0x2 
 .bss.handledHeaders
                0x0000000020000328        0x4 build/canteros.o
 .bss.myAddresses
                0x000000002000032c        0x4 build/canteros.o
 .bss.ADDRESSES_SIZE
                0x0000000020000330        0x1 build/canteros.o
 .bss.HEADERS_SIZE
                0x0000000020000331        0x1 build/canteros.o
 *(COMMON)
 *fill*         0x0000000020000332        0x2 
 COMMON         0x0000000020000334      0x1a8 build/main.o
                0x0000000020000334                hadc2
                0x0000000020000364                htim3
                0x00000000200003a4                hadc1
                0x00000000200003d4                hcan2
                0x0000000020000418                huart1
                0x0000000020000458                huart4
                0x0000000020000498                hcan1
 COMMON         0x00000000200004dc        0x4 build/stm32f1xx_hal.o
                0x00000000200004dc                uwTick
 COMMON         0x00000000200004e0        0xc build/handles.o
                0x00000000200004e0                adc1Handle
                0x00000000200004e4                adc2Handle
                0x00000000200004e8                tim3Handle
 COMMON         0x00000000200004ec        0x8 build/canteros.o
                0x00000000200004ec                sendingNodeStatus
 COMMON         0x00000000200004f4        0x8 build/globals.o
                0x00000000200004f4                can2Handle
                0x00000000200004f8                can1Handle
                0x00000000200004fc                . = ALIGN (0x4)
                0x00000000200004fc                _ebss = .
                0x00000000200004fc                __bss_end__ = _ebss

._user_heap_stack
                0x00000000200004fc      0x604 load address 0x0000000008003e70
                0x0000000020000500                . = ALIGN (0x8)
 *fill*         0x00000000200004fc        0x4 
                [!provide]                        PROVIDE (end, .)
                [!provide]                        PROVIDE (_end, .)
                0x0000000020000700                . = (. + _Min_Heap_Size)
 *fill*         0x0000000020000500      0x200 
                0x0000000020000b00                . = (. + _Min_Stack_Size)
 *fill*         0x0000000020000700      0x400 
                0x0000000020000b00                . = ALIGN (0x8)

/DISCARD/
 libc.a(*)
 libm.a(*)
 libgcc.a(*)

.ARM.attributes
                0x0000000000000000       0x29
 *(.ARM.attributes)
 .ARM.attributes
                0x0000000000000000       0x1d /usr/lib/gcc/arm-none-eabi/4.9.3/armv7-m/crti.o
 .ARM.attributes
                0x000000000000001d       0x2d /usr/lib/gcc/arm-none-eabi/4.9.3/armv7-m/crtbegin.o
 .ARM.attributes
                0x000000000000004a       0x33 build/stm32f1xx_hal_can.o
 .ARM.attributes
                0x000000000000007d       0x33 build/stm32f1xx_hal_cortex.o
 .ARM.attributes
                0x00000000000000b0       0x33 build/stm32f1xx_hal_gpio.o
 .ARM.attributes
                0x00000000000000e3       0x33 build/stm32f1xx_hal_msp.o
 .ARM.attributes
                0x0000000000000116       0x33 build/main.o
 .ARM.attributes
                0x0000000000000149       0x33 build/stm32f1xx_hal_tim_ex.o
 .ARM.attributes
                0x000000000000017c       0x33 build/stm32f1xx_hal.o
 .ARM.attributes
                0x00000000000001af       0x33 build/stm32f1xx_hal_rcc.o
 .ARM.attributes
                0x00000000000001e2       0x33 build/stm32f1xx_hal_rcc_ex.o
 .ARM.attributes
                0x0000000000000215       0x33 build/stm32f1xx_it.o
 .ARM.attributes
                0x0000000000000248       0x33 build/stm32f1xx_hal_tim.o
 .ARM.attributes
                0x000000000000027b       0x33 build/stm32f1xx_hal_uart.o
 .ARM.attributes
                0x00000000000002ae       0x33 build/stm32f1xx_hal_adc_ex.o
 .ARM.attributes
                0x00000000000002e1       0x33 build/stm32f1xx_hal_adc.o
 .ARM.attributes
                0x0000000000000314       0x33 build/adc.o
 .ARM.attributes
                0x0000000000000347       0x33 build/handles.o
 .ARM.attributes
                0x000000000000037a       0x33 build/motor.o
 .ARM.attributes
                0x00000000000003ad       0x33 build/usrMain.o
 .ARM.attributes
                0x00000000000003e0       0x33 build/can.o
 .ARM.attributes
                0x0000000000000413       0x33 build/canteros.o
 .ARM.attributes
                0x0000000000000446       0x33 build/pid.o
 .ARM.attributes
                0x0000000000000479       0x33 build/globals.o
 .ARM.attributes
                0x00000000000004ac       0x33 build/system_stm32f1xx.o
 .ARM.attributes
                0x00000000000004df       0x21 build/startup_stm32f105xc.o
 .ARM.attributes
                0x0000000000000500       0x1d /usr/lib/gcc/arm-none-eabi/4.9.3/armv7-m/libgcc.a(_arm_addsubsf3.o)
 .ARM.attributes
                0x000000000000051d       0x1d /usr/lib/gcc/arm-none-eabi/4.9.3/armv7-m/libgcc.a(_arm_muldivsf3.o)
 .ARM.attributes
                0x000000000000053a       0x1d /usr/lib/gcc/arm-none-eabi/4.9.3/armv7-m/libgcc.a(_arm_cmpsf2.o)
 .ARM.attributes
                0x0000000000000557       0x1d /usr/lib/gcc/arm-none-eabi/4.9.3/armv7-m/libgcc.a(_arm_fixsfsi.o)
 .ARM.attributes
                0x0000000000000574       0x2d /usr/lib/gcc/arm-none-eabi/4.9.3/armv7-m/crtend.o
 .ARM.attributes
                0x00000000000005a1       0x1d /usr/lib/gcc/arm-none-eabi/4.9.3/armv7-m/crtn.o
OUTPUT(build/motorDriver.elf elf32-littlearm)

.comment        0x0000000000000000       0x38
 .comment       0x0000000000000000       0x38 /usr/lib/gcc/arm-none-eabi/4.9.3/armv7-m/crtbegin.o
                                         0x39 (size before relaxing)
 .comment       0x0000000000000038       0x39 build/stm32f1xx_hal_can.o
 .comment       0x0000000000000038       0x39 build/stm32f1xx_hal_cortex.o
 .comment       0x0000000000000038       0x39 build/stm32f1xx_hal_gpio.o
 .comment       0x0000000000000038       0x39 build/stm32f1xx_hal_msp.o
 .comment       0x0000000000000038       0x39 build/main.o
 .comment       0x0000000000000038       0x39 build/stm32f1xx_hal_tim_ex.o
 .comment       0x0000000000000038       0x39 build/stm32f1xx_hal.o
 .comment       0x0000000000000038       0x39 build/stm32f1xx_hal_rcc.o
 .comment       0x0000000000000038       0x39 build/stm32f1xx_hal_rcc_ex.o
 .comment       0x0000000000000038       0x39 build/stm32f1xx_it.o
 .comment       0x0000000000000038       0x39 build/stm32f1xx_hal_tim.o
 .comment       0x0000000000000038       0x39 build/stm32f1xx_hal_uart.o
 .comment       0x0000000000000038       0x39 build/stm32f1xx_hal_adc_ex.o
 .comment       0x0000000000000038       0x39 build/stm32f1xx_hal_adc.o
 .comment       0x0000000000000038       0x39 build/adc.o
 .comment       0x0000000000000038       0x39 build/handles.o
 .comment       0x0000000000000038       0x39 build/motor.o
 .comment       0x0000000000000038       0x39 build/usrMain.o
 .comment       0x0000000000000038       0x39 build/can.o
 .comment       0x0000000000000038       0x39 build/canteros.o
 .comment       0x0000000000000038       0x39 build/pid.o
 .comment       0x0000000000000038       0x39 build/globals.o
 .comment       0x0000000000000038       0x39 build/system_stm32f1xx.o
 .comment       0x0000000000000038       0x39 /usr/lib/gcc/arm-none-eabi/4.9.3/armv7-m/crtend.o

.debug_info     0x0000000000000000    0x14ff6
 .debug_info    0x0000000000000000      0xd23 build/stm32f1xx_hal_can.o
 .debug_info    0x0000000000000d23      0xd1f build/stm32f1xx_hal_cortex.o
 .debug_info    0x0000000000001a42      0x680 build/stm32f1xx_hal_gpio.o
 .debug_info    0x00000000000020c2     0x1bcf build/stm32f1xx_hal_msp.o
 .debug_info    0x0000000000003c91     0x1f45 build/main.o
 .debug_info    0x0000000000005bd6     0x1429 build/stm32f1xx_hal_tim_ex.o
 .debug_info    0x0000000000006fff      0x7a5 build/stm32f1xx_hal.o
 .debug_info    0x00000000000077a4      0xafb build/stm32f1xx_hal_rcc.o
 .debug_info    0x000000000000829f      0x6ca build/stm32f1xx_hal_rcc_ex.o
 .debug_info    0x0000000000008969      0xd13 build/stm32f1xx_it.o
 .debug_info    0x000000000000967c     0x3104 build/stm32f1xx_hal_tim.o
 .debug_info    0x000000000000c780     0x1795 build/stm32f1xx_hal_uart.o
 .debug_info    0x000000000000df15      0xbf2 build/stm32f1xx_hal_adc_ex.o
 .debug_info    0x000000000000eb07      0xeee build/stm32f1xx_hal_adc.o
 .debug_info    0x000000000000f9f5      0x6bf build/adc.o
 .debug_info    0x00000000000100b4      0x7eb build/handles.o
 .debug_info    0x000000000001089f      0x838 build/motor.o
 .debug_info    0x00000000000110d7      0xfa9 build/usrMain.o
 .debug_info    0x0000000000012080     0x10d7 build/can.o
 .debug_info    0x0000000000013157      0xc03 build/canteros.o
 .debug_info    0x0000000000013d5a      0x253 build/pid.o
 .debug_info    0x0000000000013fad      0x88a build/globals.o
 .debug_info    0x0000000000014837      0x463 build/system_stm32f1xx.o
 .debug_info    0x0000000000014c9a       0x74 build/startup_stm32f105xc.o
 .debug_info    0x0000000000014d0e       0xba /usr/lib/gcc/arm-none-eabi/4.9.3/armv7-m/libgcc.a(_arm_addsubsf3.o)
 .debug_info    0x0000000000014dc8       0xba /usr/lib/gcc/arm-none-eabi/4.9.3/armv7-m/libgcc.a(_arm_muldivsf3.o)
 .debug_info    0x0000000000014e82       0xba /usr/lib/gcc/arm-none-eabi/4.9.3/armv7-m/libgcc.a(_arm_cmpsf2.o)
 .debug_info    0x0000000000014f3c       0xba /usr/lib/gcc/arm-none-eabi/4.9.3/armv7-m/libgcc.a(_arm_fixsfsi.o)

.debug_abbrev   0x0000000000000000     0x31cb
 .debug_abbrev  0x0000000000000000      0x22a build/stm32f1xx_hal_can.o
 .debug_abbrev  0x000000000000022a      0x2bf build/stm32f1xx_hal_cortex.o
 .debug_abbrev  0x00000000000004e9      0x200 build/stm32f1xx_hal_gpio.o
 .debug_abbrev  0x00000000000006e9      0x22d build/stm32f1xx_hal_msp.o
 .debug_abbrev  0x0000000000000916      0x292 build/main.o
 .debug_abbrev  0x0000000000000ba8      0x261 build/stm32f1xx_hal_tim_ex.o
 .debug_abbrev  0x0000000000000e09      0x225 build/stm32f1xx_hal.o
 .debug_abbrev  0x000000000000102e      0x295 build/stm32f1xx_hal_rcc.o
 .debug_abbrev  0x00000000000012c3      0x1d3 build/stm32f1xx_hal_rcc_ex.o
 .debug_abbrev  0x0000000000001496      0x1a4 build/stm32f1xx_it.o
 .debug_abbrev  0x000000000000163a      0x29b build/stm32f1xx_hal_tim.o
 .debug_abbrev  0x00000000000018d5      0x2a8 build/stm32f1xx_hal_uart.o
 .debug_abbrev  0x0000000000001b7d      0x261 build/stm32f1xx_hal_adc_ex.o
 .debug_abbrev  0x0000000000001dde      0x252 build/stm32f1xx_hal_adc.o
 .debug_abbrev  0x0000000000002030      0x1ce build/adc.o
 .debug_abbrev  0x00000000000021fe      0x123 build/handles.o
 .debug_abbrev  0x0000000000002321      0x1fd build/motor.o
 .debug_abbrev  0x000000000000251e      0x2c0 build/usrMain.o
 .debug_abbrev  0x00000000000027de      0x2fa build/can.o
 .debug_abbrev  0x0000000000002ad8      0x2a3 build/canteros.o
 .debug_abbrev  0x0000000000002d7b      0x12f build/pid.o
 .debug_abbrev  0x0000000000002eaa      0x1bc build/globals.o
 .debug_abbrev  0x0000000000003066      0x103 build/system_stm32f1xx.o
 .debug_abbrev  0x0000000000003169       0x12 build/startup_stm32f105xc.o
 .debug_abbrev  0x000000000000317b       0x14 /usr/lib/gcc/arm-none-eabi/4.9.3/armv7-m/libgcc.a(_arm_addsubsf3.o)
 .debug_abbrev  0x000000000000318f       0x14 /usr/lib/gcc/arm-none-eabi/4.9.3/armv7-m/libgcc.a(_arm_muldivsf3.o)
 .debug_abbrev  0x00000000000031a3       0x14 /usr/lib/gcc/arm-none-eabi/4.9.3/armv7-m/libgcc.a(_arm_cmpsf2.o)
 .debug_abbrev  0x00000000000031b7       0x14 /usr/lib/gcc/arm-none-eabi/4.9.3/armv7-m/libgcc.a(_arm_fixsfsi.o)

.debug_loc      0x0000000000000000     0xb88c
 .debug_loc     0x0000000000000000      0xd1b build/stm32f1xx_hal_can.o
 .debug_loc     0x0000000000000d1b      0x545 build/stm32f1xx_hal_cortex.o
 .debug_loc     0x0000000000001260      0x401 build/stm32f1xx_hal_gpio.o
 .debug_loc     0x0000000000001661      0x338 build/stm32f1xx_hal_msp.o
 .debug_loc     0x0000000000001999      0x1b9 build/main.o
 .debug_loc     0x0000000000001b52     0x1236 build/stm32f1xx_hal_tim_ex.o
 .debug_loc     0x0000000000002d88      0x101 build/stm32f1xx_hal.o
 .debug_loc     0x0000000000002e89      0x710 build/stm32f1xx_hal_rcc.o
 .debug_loc     0x0000000000003599      0x79a build/stm32f1xx_hal_rcc_ex.o
 .debug_loc     0x0000000000003d33      0x140 build/stm32f1xx_it.o
 .debug_loc     0x0000000000003e73     0x3d94 build/stm32f1xx_hal_tim.o
 .debug_loc     0x0000000000007c07     0x1763 build/stm32f1xx_hal_uart.o
 .debug_loc     0x000000000000936a      0x9ce build/stm32f1xx_hal_adc_ex.o
 .debug_loc     0x0000000000009d38      0xbd1 build/stm32f1xx_hal_adc.o
 .debug_loc     0x000000000000a909       0x82 build/adc.o
 .debug_loc     0x000000000000a98b       0xb8 build/motor.o
 .debug_loc     0x000000000000aa43      0x1f6 build/usrMain.o
 .debug_loc     0x000000000000ac39      0x47e build/can.o
 .debug_loc     0x000000000000b0b7      0x3ed build/canteros.o
 .debug_loc     0x000000000000b4a4       0xd2 build/pid.o
 .debug_loc     0x000000000000b576      0x144 build/globals.o
 .debug_loc     0x000000000000b6ba      0x1d2 build/system_stm32f1xx.o

.debug_aranges  0x0000000000000000      0xf38
 .debug_aranges
                0x0000000000000000       0xb0 build/stm32f1xx_hal_can.o
 .debug_aranges
                0x00000000000000b0       0x90 build/stm32f1xx_hal_cortex.o
 .debug_aranges
                0x0000000000000140       0x58 build/stm32f1xx_hal_gpio.o
 .debug_aranges
                0x0000000000000198       0x68 build/stm32f1xx_hal_msp.o
 .debug_aranges
                0x0000000000000200       0x70 build/main.o
 .debug_aranges
                0x0000000000000270      0x138 build/stm32f1xx_hal_tim_ex.o
 .debug_aranges
                0x00000000000003a8       0xb8 build/stm32f1xx_hal.o
 .debug_aranges
                0x0000000000000460       0x90 build/stm32f1xx_hal_rcc.o
 .debug_aranges
                0x00000000000004f0       0x50 build/stm32f1xx_hal_rcc_ex.o
 .debug_aranges
                0x0000000000000540       0xa8 build/stm32f1xx_it.o
 .debug_aranges
                0x00000000000005e8      0x368 build/stm32f1xx_hal_tim.o
 .debug_aranges
                0x0000000000000950      0x1d0 build/stm32f1xx_hal_uart.o
 .debug_aranges
                0x0000000000000b20       0x80 build/stm32f1xx_hal_adc_ex.o
 .debug_aranges
                0x0000000000000ba0       0xf0 build/stm32f1xx_hal_adc.o
 .debug_aranges
                0x0000000000000c90       0x40 build/adc.o
 .debug_aranges
                0x0000000000000cd0       0x18 build/handles.o
 .debug_aranges
                0x0000000000000ce8       0x38 build/motor.o
 .debug_aranges
                0x0000000000000d20       0x20 build/usrMain.o
 .debug_aranges
                0x0000000000000d40       0x80 build/can.o
 .debug_aranges
                0x0000000000000dc0       0x50 build/canteros.o
 .debug_aranges
                0x0000000000000e10       0x30 build/pid.o
 .debug_aranges
                0x0000000000000e40       0x28 build/globals.o
 .debug_aranges
                0x0000000000000e68       0x28 build/system_stm32f1xx.o
 .debug_aranges
                0x0000000000000e90       0x28 build/startup_stm32f105xc.o
 .debug_aranges
                0x0000000000000eb8       0x20 /usr/lib/gcc/arm-none-eabi/4.9.3/armv7-m/libgcc.a(_arm_addsubsf3.o)
 .debug_aranges
                0x0000000000000ed8       0x20 /usr/lib/gcc/arm-none-eabi/4.9.3/armv7-m/libgcc.a(_arm_muldivsf3.o)
 .debug_aranges
                0x0000000000000ef8       0x20 /usr/lib/gcc/arm-none-eabi/4.9.3/armv7-m/libgcc.a(_arm_cmpsf2.o)
 .debug_aranges
                0x0000000000000f18       0x20 /usr/lib/gcc/arm-none-eabi/4.9.3/armv7-m/libgcc.a(_arm_fixsfsi.o)

.debug_ranges   0x0000000000000000      0xdb0
 .debug_ranges  0x0000000000000000       0xa0 build/stm32f1xx_hal_can.o
 .debug_ranges  0x00000000000000a0       0x80 build/stm32f1xx_hal_cortex.o
 .debug_ranges  0x0000000000000120       0x48 build/stm32f1xx_hal_gpio.o
 .debug_ranges  0x0000000000000168       0x58 build/stm32f1xx_hal_msp.o
 .debug_ranges  0x00000000000001c0       0x60 build/main.o
 .debug_ranges  0x0000000000000220      0x128 build/stm32f1xx_hal_tim_ex.o
 .debug_ranges  0x0000000000000348       0xa8 build/stm32f1xx_hal.o
 .debug_ranges  0x00000000000003f0       0x98 build/stm32f1xx_hal_rcc.o
 .debug_ranges  0x0000000000000488       0x58 build/stm32f1xx_hal_rcc_ex.o
 .debug_ranges  0x00000000000004e0       0x98 build/stm32f1xx_it.o
 .debug_ranges  0x0000000000000578      0x358 build/stm32f1xx_hal_tim.o
 .debug_ranges  0x00000000000008d0      0x1c0 build/stm32f1xx_hal_uart.o
 .debug_ranges  0x0000000000000a90       0x70 build/stm32f1xx_hal_adc_ex.o
 .debug_ranges  0x0000000000000b00       0xe0 build/stm32f1xx_hal_adc.o
 .debug_ranges  0x0000000000000be0       0x30 build/adc.o
 .debug_ranges  0x0000000000000c10       0x28 build/motor.o
 .debug_ranges  0x0000000000000c38       0x10 build/usrMain.o
 .debug_ranges  0x0000000000000c48       0x70 build/can.o
 .debug_ranges  0x0000000000000cb8       0x88 build/canteros.o
 .debug_ranges  0x0000000000000d40       0x20 build/pid.o
 .debug_ranges  0x0000000000000d60       0x18 build/globals.o
 .debug_ranges  0x0000000000000d78       0x18 build/system_stm32f1xx.o
 .debug_ranges  0x0000000000000d90       0x20 build/startup_stm32f105xc.o

.debug_line     0x0000000000000000     0x6ad8
 .debug_line    0x0000000000000000      0x6fd build/stm32f1xx_hal_can.o
 .debug_line    0x00000000000006fd      0x2f7 build/stm32f1xx_hal_cortex.o
 .debug_line    0x00000000000009f4      0x346 build/stm32f1xx_hal_gpio.o
 .debug_line    0x0000000000000d3a      0x333 build/stm32f1xx_hal_msp.o
 .debug_line    0x000000000000106d      0x40d build/main.o
 .debug_line    0x000000000000147a      0x763 build/stm32f1xx_hal_tim_ex.o
 .debug_line    0x0000000000001bdd      0x335 build/stm32f1xx_hal.o
 .debug_line    0x0000000000001f12      0x51e build/stm32f1xx_hal_rcc.o
 .debug_line    0x0000000000002430      0x3cb build/stm32f1xx_hal_rcc_ex.o
 .debug_line    0x00000000000027fb      0x313 build/stm32f1xx_it.o
 .debug_line    0x0000000000002b0e     0x1091 build/stm32f1xx_hal_tim.o
 .debug_line    0x0000000000003b9f      0xa84 build/stm32f1xx_hal_uart.o
 .debug_line    0x0000000000004623      0x580 build/stm32f1xx_hal_adc_ex.o
 .debug_line    0x0000000000004ba3      0x712 build/stm32f1xx_hal_adc.o
 .debug_line    0x00000000000052b5      0x1f4 build/adc.o
 .debug_line    0x00000000000054a9      0x1a1 build/handles.o
 .debug_line    0x000000000000564a      0x1fe build/motor.o
 .debug_line    0x0000000000005848      0x28f build/usrMain.o
 .debug_line    0x0000000000005ad7      0x3e4 build/can.o
 .debug_line    0x0000000000005ebb      0x2f3 build/canteros.o
 .debug_line    0x00000000000061ae      0x1c1 build/pid.o
 .debug_line    0x000000000000636f      0x1f8 build/globals.o
 .debug_line    0x0000000000006567      0x175 build/system_stm32f1xx.o
 .debug_line    0x00000000000066dc       0x89 build/startup_stm32f105xc.o
 .debug_line    0x0000000000006765      0x117 /usr/lib/gcc/arm-none-eabi/4.9.3/armv7-m/libgcc.a(_arm_addsubsf3.o)
 .debug_line    0x000000000000687c      0x13a /usr/lib/gcc/arm-none-eabi/4.9.3/armv7-m/libgcc.a(_arm_muldivsf3.o)
 .debug_line    0x00000000000069b6       0xab /usr/lib/gcc/arm-none-eabi/4.9.3/armv7-m/libgcc.a(_arm_cmpsf2.o)
 .debug_line    0x0000000000006a61       0x77 /usr/lib/gcc/arm-none-eabi/4.9.3/armv7-m/libgcc.a(_arm_fixsfsi.o)

.debug_str      0x0000000000000000     0x4476
 .debug_str     0x0000000000000000      0x6ea build/stm32f1xx_hal_can.o
                                        0x794 (size before relaxing)
 .debug_str     0x00000000000006ea      0x6cd build/stm32f1xx_hal_cortex.o
                                        0x982 (size before relaxing)
 .debug_str     0x0000000000000db7      0x236 build/stm32f1xx_hal_gpio.o
                                        0x417 (size before relaxing)
 .debug_str     0x0000000000000fed      0x68e build/stm32f1xx_hal_msp.o
                                       0x1075 (size before relaxing)
 .debug_str     0x000000000000167b      0x4d0 build/main.o
                                       0x14bd (size before relaxing)
 .debug_str     0x0000000000001b4b      0x57f build/stm32f1xx_hal_tim_ex.o
                                        0xbda (size before relaxing)
 .debug_str     0x00000000000020ca      0x1f5 build/stm32f1xx_hal.o
                                        0x834 (size before relaxing)
 .debug_str     0x00000000000022bf      0x205 build/stm32f1xx_hal_rcc.o
                                        0x685 (size before relaxing)
 .debug_str     0x00000000000024c4      0x132 build/stm32f1xx_hal_rcc_ex.o
                                        0x50f (size before relaxing)
 .debug_str     0x00000000000025f6      0x166 build/stm32f1xx_it.o
                                        0x8c3 (size before relaxing)
 .debug_str     0x000000000000275c      0xbd9 build/stm32f1xx_hal_tim.o
                                       0x1338 (size before relaxing)
 .debug_str     0x0000000000003335      0x527 build/stm32f1xx_hal_uart.o
                                        0xb63 (size before relaxing)
 .debug_str     0x000000000000385c      0x34c build/stm32f1xx_hal_adc_ex.o
                                        0x853 (size before relaxing)
 .debug_str     0x0000000000003ba8      0x24b build/stm32f1xx_hal_adc.o
                                        0x8b2 (size before relaxing)
 .debug_str     0x0000000000003df3       0x5a build/adc.o
                                        0x53c (size before relaxing)
 .debug_str     0x0000000000003e4d        0xe build/handles.o
                                        0x64a (size before relaxing)
 .debug_str     0x0000000000003e5b       0x42 build/motor.o
                                        0x636 (size before relaxing)
 .debug_str     0x0000000000003e9d      0x2a2 build/usrMain.o
                                        0x7f6 (size before relaxing)
 .debug_str     0x000000000000413f      0x14c build/can.o
                                        0xbf8 (size before relaxing)
 .debug_str     0x000000000000428b      0x102 build/canteros.o
                                        0x748 (size before relaxing)
 .debug_str     0x000000000000438d       0x26 build/pid.o
                                        0x226 (size before relaxing)
 .debug_str     0x00000000000043b3       0x30 build/globals.o
                                        0x545 (size before relaxing)
 .debug_str     0x00000000000043e3       0x93 build/system_stm32f1xx.o
                                        0x2eb (size before relaxing)

.debug_frame    0x0000000000000000     0x2a74
 .debug_frame   0x0000000000000000      0x250 build/stm32f1xx_hal_can.o
 .debug_frame   0x0000000000000250      0x138 build/stm32f1xx_hal_cortex.o
 .debug_frame   0x0000000000000388       0xd4 build/stm32f1xx_hal_gpio.o
 .debug_frame   0x000000000000045c      0x130 build/stm32f1xx_hal_msp.o
 .debug_frame   0x000000000000058c      0x14c build/main.o
 .debug_frame   0x00000000000006d8      0x420 build/stm32f1xx_hal_tim_ex.o
 .debug_frame   0x0000000000000af8      0x188 build/stm32f1xx_hal.o
 .debug_frame   0x0000000000000c80      0x17c build/stm32f1xx_hal_rcc.o
 .debug_frame   0x0000000000000dfc       0xf4 build/stm32f1xx_hal_rcc_ex.o
 .debug_frame   0x0000000000000ef0      0x1a8 build/stm32f1xx_it.o
 .debug_frame   0x0000000000001098      0xafc build/stm32f1xx_hal_tim.o
 .debug_frame   0x0000000000001b94      0x578 build/stm32f1xx_hal_uart.o
 .debug_frame   0x000000000000210c      0x1e0 build/stm32f1xx_hal_adc_ex.o
 .debug_frame   0x00000000000022ec      0x32c build/stm32f1xx_hal_adc.o
 .debug_frame   0x0000000000002618       0x7c build/adc.o
 .debug_frame   0x0000000000002694       0x74 build/motor.o
 .debug_frame   0x0000000000002708       0x34 build/usrMain.o
 .debug_frame   0x000000000000273c      0x168 build/can.o
 .debug_frame   0x00000000000028a4       0xdc build/canteros.o
 .debug_frame   0x0000000000002980       0x6c build/pid.o
 .debug_frame   0x00000000000029ec       0x4c build/globals.o
 .debug_frame   0x0000000000002a38       0x3c build/system_stm32f1xx.o

Cross Reference Table

Symbol                                            File
ADC1_2_IRQHandler                                 build/stm32f1xx_it.o
ADC_ConversionStop_Disable                        build/stm32f1xx_hal_adc.o
                                                  build/stm32f1xx_hal_adc_ex.o
ADC_DMAConvCplt                                   build/stm32f1xx_hal_adc.o
                                                  build/stm32f1xx_hal_adc_ex.o
ADC_DMAError                                      build/stm32f1xx_hal_adc.o
                                                  build/stm32f1xx_hal_adc_ex.o
ADC_DMAHalfConvCplt                               build/stm32f1xx_hal_adc.o
                                                  build/stm32f1xx_hal_adc_ex.o
ADC_Enable                                        build/stm32f1xx_hal_adc.o
                                                  build/stm32f1xx_hal_adc_ex.o
AHBPrescTable                                     build/system_stm32f1xx.o
                                                  build/stm32f1xx_hal_rcc.o
APBPrescTable                                     build/system_stm32f1xx.o
                                                  build/stm32f1xx_hal_rcc.o
BusFault_Handler                                  build/stm32f1xx_it.o
CAN1_RX0_IRQHandler                               build/stm32f1xx_it.o
CAN1_RX1_IRQHandler                               build/stm32f1xx_it.o
CAN1_SCE_IRQHandler                               build/stm32f1xx_it.o
CAN1_TX_IRQHandler                                build/stm32f1xx_it.o
CAN2_RX0_IRQHandler                               build/stm32f1xx_it.o
CAN2_RX1_IRQHandler                               build/stm32f1xx_it.o
CAN2_SCE_IRQHandler                               build/stm32f1xx_it.o
CAN2_TX_IRQHandler                                build/stm32f1xx_it.o
DMA1_Channel1_IRQHandler                          build/startup_stm32f105xc.o
DMA1_Channel2_IRQHandler                          build/startup_stm32f105xc.o
DMA1_Channel3_IRQHandler                          build/startup_stm32f105xc.o
DMA1_Channel4_IRQHandler                          build/startup_stm32f105xc.o
DMA1_Channel5_IRQHandler                          build/startup_stm32f105xc.o
DMA1_Channel6_IRQHandler                          build/startup_stm32f105xc.o
DMA1_Channel7_IRQHandler                          build/startup_stm32f105xc.o
DMA2_Channel1_IRQHandler                          build/startup_stm32f105xc.o
DMA2_Channel2_IRQHandler                          build/startup_stm32f105xc.o
DMA2_Channel3_IRQHandler                          build/startup_stm32f105xc.o
DMA2_Channel4_IRQHandler                          build/startup_stm32f105xc.o
DMA2_Channel5_IRQHandler                          build/startup_stm32f105xc.o
DebugMon_Handler                                  build/stm32f1xx_it.o
Default_Handler                                   build/startup_stm32f105xc.o
EXTI0_IRQHandler                                  build/startup_stm32f105xc.o
EXTI15_10_IRQHandler                              build/startup_stm32f105xc.o
EXTI1_IRQHandler                                  build/startup_stm32f105xc.o
EXTI2_IRQHandler                                  build/startup_stm32f105xc.o
EXTI3_IRQHandler                                  build/startup_stm32f105xc.o
EXTI4_IRQHandler                                  build/startup_stm32f105xc.o
EXTI9_5_IRQHandler                                build/startup_stm32f105xc.o
FLASH_IRQHandler                                  build/startup_stm32f105xc.o
FLASH_PageErase                                   build/stm32f1xx_hal_flash_ex.o
                                                  build/stm32f1xx_hal_flash.o
FLASH_WaitForLastOperation                        build/stm32f1xx_hal_flash.o
                                                  build/stm32f1xx_hal_flash_ex.o
HAL_ADCEx_Calibration_Start                       build/stm32f1xx_hal_adc_ex.o
HAL_ADCEx_InjectedConfigChannel                   build/stm32f1xx_hal_adc_ex.o
HAL_ADCEx_InjectedConvCpltCallback                build/stm32f1xx_hal_adc_ex.o
                                                  build/stm32f1xx_hal_adc.o
HAL_ADCEx_InjectedGetValue                        build/stm32f1xx_hal_adc_ex.o
HAL_ADCEx_InjectedPollForConversion               build/stm32f1xx_hal_adc_ex.o
HAL_ADCEx_InjectedStart                           build/stm32f1xx_hal_adc_ex.o
HAL_ADCEx_InjectedStart_IT                        build/stm32f1xx_hal_adc_ex.o
HAL_ADCEx_InjectedStop                            build/stm32f1xx_hal_adc_ex.o
HAL_ADCEx_InjectedStop_IT                         build/stm32f1xx_hal_adc_ex.o
HAL_ADCEx_MultiModeConfigChannel                  build/stm32f1xx_hal_adc_ex.o
HAL_ADCEx_MultiModeGetValue                       build/stm32f1xx_hal_adc_ex.o
HAL_ADCEx_MultiModeStart_DMA                      build/stm32f1xx_hal_adc_ex.o
HAL_ADCEx_MultiModeStop_DMA                       build/stm32f1xx_hal_adc_ex.o
HAL_ADC_AnalogWDGConfig                           build/stm32f1xx_hal_adc.o
HAL_ADC_ConfigChannel                             build/stm32f1xx_hal_adc.o
                                                  build/main.o
HAL_ADC_ConvCpltCallback                          build/adc.o
                                                  build/stm32f1xx_hal_adc.o
HAL_ADC_ConvHalfCpltCallback                      build/stm32f1xx_hal_adc.o
HAL_ADC_DeInit                                    build/stm32f1xx_hal_adc.o
HAL_ADC_ErrorCallback                             build/stm32f1xx_hal_adc.o
HAL_ADC_GetError                                  build/stm32f1xx_hal_adc.o
HAL_ADC_GetState                                  build/stm32f1xx_hal_adc.o
HAL_ADC_GetValue                                  build/stm32f1xx_hal_adc.o
                                                  build/adc.o
HAL_ADC_IRQHandler                                build/stm32f1xx_hal_adc.o
                                                  build/stm32f1xx_it.o
HAL_ADC_Init                                      build/stm32f1xx_hal_adc.o
                                                  build/main.o
HAL_ADC_LevelOutOfWindowCallback                  build/stm32f1xx_hal_adc.o
HAL_ADC_MspDeInit                                 build/stm32f1xx_hal_msp.o
HAL_ADC_MspInit                                   build/stm32f1xx_hal_msp.o
HAL_ADC_PollForConversion                         build/stm32f1xx_hal_adc.o
HAL_ADC_PollForEvent                              build/stm32f1xx_hal_adc.o
HAL_ADC_Start                                     build/stm32f1xx_hal_adc.o
HAL_ADC_Start_DMA                                 build/stm32f1xx_hal_adc.o
HAL_ADC_Start_IT                                  build/stm32f1xx_hal_adc.o
                                                  build/adc.o
HAL_ADC_Stop                                      build/stm32f1xx_hal_adc.o
HAL_ADC_Stop_DMA                                  build/stm32f1xx_hal_adc.o
HAL_ADC_Stop_IT                                   build/stm32f1xx_hal_adc.o
HAL_CAN_ConfigFilter                              build/stm32f1xx_hal_can.o
                                                  build/can.o
HAL_CAN_DeInit                                    build/stm32f1xx_hal_can.o
HAL_CAN_ErrorCallback                             build/can.o
                                                  build/stm32f1xx_hal_can.o
HAL_CAN_GetError                                  build/stm32f1xx_hal_can.o
HAL_CAN_GetState                                  build/stm32f1xx_hal_can.o
HAL_CAN_IRQHandler                                build/stm32f1xx_hal_can.o
                                                  build/stm32f1xx_it.o
HAL_CAN_Init                                      build/stm32f1xx_hal_can.o
                                                  build/main.o
HAL_CAN_MspDeInit                                 build/stm32f1xx_hal_msp.o
                                                  build/stm32f1xx_hal_can.o
HAL_CAN_MspInit                                   build/stm32f1xx_hal_msp.o
                                                  build/stm32f1xx_hal_can.o
HAL_CAN_Receive                                   build/stm32f1xx_hal_can.o
HAL_CAN_Receive_IT                                build/stm32f1xx_hal_can.o
                                                  build/can.o
HAL_CAN_RxCpltCallback                            build/can.o
                                                  build/stm32f1xx_hal_can.o
HAL_CAN_Sleep                                     build/stm32f1xx_hal_can.o
HAL_CAN_Transmit                                  build/stm32f1xx_hal_can.o
HAL_CAN_Transmit_IT                               build/stm32f1xx_hal_can.o
                                                  build/can.o
HAL_CAN_TxCpltCallback                            build/can.o
                                                  build/stm32f1xx_hal_can.o
HAL_CAN_WakeUp                                    build/stm32f1xx_hal_can.o
HAL_DBGMCU_DisableDBGSleepMode                    build/stm32f1xx_hal.o
HAL_DBGMCU_DisableDBGStandbyMode                  build/stm32f1xx_hal.o
HAL_DBGMCU_DisableDBGStopMode                     build/stm32f1xx_hal.o
HAL_DBGMCU_EnableDBGSleepMode                     build/stm32f1xx_hal.o
HAL_DBGMCU_EnableDBGStandbyMode                   build/stm32f1xx_hal.o
HAL_DBGMCU_EnableDBGStopMode                      build/stm32f1xx_hal.o
HAL_DMA_Abort                                     build/stm32f1xx_hal_dma.o
                                                  build/stm32f1xx_hal_adc.o
                                                  build/stm32f1xx_hal_adc_ex.o
                                                  build/stm32f1xx_hal_uart.o
                                                  build/stm32f1xx_hal_tim.o
HAL_DMA_Abort_IT                                  build/stm32f1xx_hal_dma.o
                                                  build/stm32f1xx_hal_uart.o
HAL_DMA_DeInit                                    build/stm32f1xx_hal_dma.o
HAL_DMA_GetError                                  build/stm32f1xx_hal_dma.o
HAL_DMA_GetState                                  build/stm32f1xx_hal_dma.o
HAL_DMA_IRQHandler                                build/stm32f1xx_hal_dma.o
HAL_DMA_Init                                      build/stm32f1xx_hal_dma.o
HAL_DMA_PollForTransfer                           build/stm32f1xx_hal_dma.o
HAL_DMA_RegisterCallback                          build/stm32f1xx_hal_dma.o
HAL_DMA_Start                                     build/stm32f1xx_hal_dma.o
HAL_DMA_Start_IT                                  build/stm32f1xx_hal_dma.o
                                                  build/stm32f1xx_hal_adc.o
                                                  build/stm32f1xx_hal_adc_ex.o
                                                  build/stm32f1xx_hal_uart.o
                                                  build/stm32f1xx_hal_tim.o
                                                  build/stm32f1xx_hal_tim_ex.o
HAL_DMA_UnRegisterCallback                        build/stm32f1xx_hal_dma.o
HAL_DeInit                                        build/stm32f1xx_hal.o
HAL_Delay                                         build/stm32f1xx_hal.o
                                                  build/globals.o
                                                  build/usrMain.o
HAL_FLASHEx_Erase                                 build/stm32f1xx_hal_flash_ex.o
HAL_FLASHEx_Erase_IT                              build/stm32f1xx_hal_flash_ex.o
HAL_FLASHEx_OBErase                               build/stm32f1xx_hal_flash_ex.o
HAL_FLASHEx_OBGetConfig                           build/stm32f1xx_hal_flash_ex.o
HAL_FLASHEx_OBGetUserData                         build/stm32f1xx_hal_flash_ex.o
HAL_FLASHEx_OBProgram                             build/stm32f1xx_hal_flash_ex.o
HAL_FLASH_EndOfOperationCallback                  build/stm32f1xx_hal_flash.o
HAL_FLASH_GetError                                build/stm32f1xx_hal_flash.o
HAL_FLASH_IRQHandler                              build/stm32f1xx_hal_flash.o
HAL_FLASH_Lock                                    build/stm32f1xx_hal_flash.o
HAL_FLASH_OB_Launch                               build/stm32f1xx_hal_flash.o
HAL_FLASH_OB_Lock                                 build/stm32f1xx_hal_flash.o
HAL_FLASH_OB_Unlock                               build/stm32f1xx_hal_flash.o
HAL_FLASH_OperationErrorCallback                  build/stm32f1xx_hal_flash.o
HAL_FLASH_Program                                 build/stm32f1xx_hal_flash.o
HAL_FLASH_Program_IT                              build/stm32f1xx_hal_flash.o
HAL_FLASH_Unlock                                  build/stm32f1xx_hal_flash.o
HAL_GPIOEx_ConfigEventout                         build/stm32f1xx_hal_gpio_ex.o
HAL_GPIOEx_DisableEventout                        build/stm32f1xx_hal_gpio_ex.o
HAL_GPIOEx_EnableEventout                         build/stm32f1xx_hal_gpio_ex.o
HAL_GPIO_DeInit                                   build/stm32f1xx_hal_gpio.o
                                                  build/stm32f1xx_hal_msp.o
HAL_GPIO_EXTI_Callback                            build/stm32f1xx_hal_gpio.o
HAL_GPIO_EXTI_IRQHandler                          build/stm32f1xx_hal_gpio.o
HAL_GPIO_Init                                     build/stm32f1xx_hal_gpio.o
                                                  build/stm32f1xx_hal_rcc.o
                                                  build/main.o
                                                  build/stm32f1xx_hal_msp.o
HAL_GPIO_LockPin                                  build/stm32f1xx_hal_gpio.o
HAL_GPIO_ReadPin                                  build/stm32f1xx_hal_gpio.o
                                                  build/motor.o
HAL_GPIO_TogglePin                                build/stm32f1xx_hal_gpio.o
HAL_GPIO_WritePin                                 build/stm32f1xx_hal_gpio.o
                                                  build/globals.o
                                                  build/motor.o
                                                  build/main.o
HAL_GetDEVID                                      build/stm32f1xx_hal.o
HAL_GetHalVersion                                 build/stm32f1xx_hal.o
HAL_GetREVID                                      build/stm32f1xx_hal.o
HAL_GetTick                                       build/stm32f1xx_hal.o
                                                  build/pid.o
                                                  build/canteros.o
                                                  build/usrMain.o
                                                  build/stm32f1xx_hal_adc.o
                                                  build/stm32f1xx_hal_adc_ex.o
                                                  build/stm32f1xx_hal_uart.o
                                                  build/stm32f1xx_hal_dma.o
                                                  build/stm32f1xx_hal_rcc_ex.o
                                                  build/stm32f1xx_hal_rcc.o
                                                  build/stm32f1xx_hal_flash.o
                                                  build/stm32f1xx_hal_can.o
HAL_GetUID                                        build/stm32f1xx_hal.o
HAL_HalfDuplex_EnableReceiver                     build/stm32f1xx_hal_uart.o
HAL_HalfDuplex_EnableTransmitter                  build/stm32f1xx_hal_uart.o
HAL_HalfDuplex_Init                               build/stm32f1xx_hal_uart.o
HAL_IncTick                                       build/stm32f1xx_hal.o
                                                  build/stm32f1xx_it.o
HAL_Init                                          build/stm32f1xx_hal.o
                                                  build/main.o
HAL_InitTick                                      build/stm32f1xx_hal.o
                                                  build/stm32f1xx_hal_rcc.o
HAL_LIN_Init                                      build/stm32f1xx_hal_uart.o
HAL_LIN_SendBreak                                 build/stm32f1xx_hal_uart.o
HAL_MspDeInit                                     build/stm32f1xx_hal.o
HAL_MspInit                                       build/stm32f1xx_hal_msp.o
HAL_MultiProcessor_EnterMuteMode                  build/stm32f1xx_hal_uart.o
HAL_MultiProcessor_ExitMuteMode                   build/stm32f1xx_hal_uart.o
HAL_MultiProcessor_Init                           build/stm32f1xx_hal_uart.o
HAL_NVIC_ClearPendingIRQ                          build/stm32f1xx_hal_cortex.o
HAL_NVIC_DisableIRQ                               build/stm32f1xx_hal_cortex.o
                                                  build/can.o
                                                  build/stm32f1xx_hal_msp.o
HAL_NVIC_EnableIRQ                                build/stm32f1xx_hal_cortex.o
                                                  build/can.o
                                                  build/stm32f1xx_hal_msp.o
HAL_NVIC_GetActive                                build/stm32f1xx_hal_cortex.o
HAL_NVIC_GetPendingIRQ                            build/stm32f1xx_hal_cortex.o
HAL_NVIC_GetPriority                              build/stm32f1xx_hal_cortex.o
HAL_NVIC_GetPriorityGrouping                      build/stm32f1xx_hal_cortex.o
HAL_NVIC_SetPendingIRQ                            build/stm32f1xx_hal_cortex.o
HAL_NVIC_SetPriority                              build/stm32f1xx_hal_cortex.o
                                                  build/stm32f1xx_hal.o
                                                  build/main.o
                                                  build/stm32f1xx_hal_msp.o
HAL_NVIC_SetPriorityGrouping                      build/stm32f1xx_hal_cortex.o
                                                  build/stm32f1xx_hal.o
                                                  build/stm32f1xx_hal_msp.o
HAL_NVIC_SystemReset                              build/stm32f1xx_hal_cortex.o
                                                  build/stm32f1xx_hal_flash.o
HAL_PWR_ConfigPVD                                 build/stm32f1xx_hal_pwr.o
HAL_PWR_DeInit                                    build/stm32f1xx_hal_pwr.o
HAL_PWR_DisableBkUpAccess                         build/stm32f1xx_hal_pwr.o
HAL_PWR_DisablePVD                                build/stm32f1xx_hal_pwr.o
HAL_PWR_DisableSEVOnPend                          build/stm32f1xx_hal_pwr.o
HAL_PWR_DisableSleepOnExit                        build/stm32f1xx_hal_pwr.o
HAL_PWR_DisableWakeUpPin                          build/stm32f1xx_hal_pwr.o
HAL_PWR_EnableBkUpAccess                          build/stm32f1xx_hal_pwr.o
HAL_PWR_EnablePVD                                 build/stm32f1xx_hal_pwr.o
HAL_PWR_EnableSEVOnPend                           build/stm32f1xx_hal_pwr.o
HAL_PWR_EnableSleepOnExit                         build/stm32f1xx_hal_pwr.o
HAL_PWR_EnableWakeUpPin                           build/stm32f1xx_hal_pwr.o
HAL_PWR_EnterSLEEPMode                            build/stm32f1xx_hal_pwr.o
HAL_PWR_EnterSTANDBYMode                          build/stm32f1xx_hal_pwr.o
HAL_PWR_EnterSTOPMode                             build/stm32f1xx_hal_pwr.o
HAL_PWR_PVDCallback                               build/stm32f1xx_hal_pwr.o
HAL_PWR_PVD_IRQHandler                            build/stm32f1xx_hal_pwr.o
HAL_RCCEx_DisablePLL2                             build/stm32f1xx_hal_rcc_ex.o
HAL_RCCEx_DisablePLLI2S                           build/stm32f1xx_hal_rcc_ex.o
HAL_RCCEx_EnablePLL2                              build/stm32f1xx_hal_rcc_ex.o
HAL_RCCEx_EnablePLLI2S                            build/stm32f1xx_hal_rcc_ex.o
HAL_RCCEx_GetPeriphCLKConfig                      build/stm32f1xx_hal_rcc_ex.o
HAL_RCCEx_GetPeriphCLKFreq                        build/stm32f1xx_hal_rcc_ex.o
                                                  build/stm32f1xx_hal_adc.o
                                                  build/stm32f1xx_hal_adc_ex.o
HAL_RCCEx_PeriphCLKConfig                         build/stm32f1xx_hal_rcc_ex.o
                                                  build/main.o
HAL_RCC_CSSCallback                               build/stm32f1xx_hal_rcc.o
HAL_RCC_ClockConfig                               build/stm32f1xx_hal_rcc.o
                                                  build/main.o
HAL_RCC_DeInit                                    build/stm32f1xx_hal_rcc.o
HAL_RCC_DisableCSS                                build/stm32f1xx_hal_rcc.o
HAL_RCC_EnableCSS                                 build/stm32f1xx_hal_rcc.o
HAL_RCC_GetClockConfig                            build/stm32f1xx_hal_rcc.o
HAL_RCC_GetHCLKFreq                               build/stm32f1xx_hal_rcc.o
                                                  build/main.o
HAL_RCC_GetOscConfig                              build/stm32f1xx_hal_rcc.o
HAL_RCC_GetPCLK1Freq                              build/stm32f1xx_hal_rcc.o
                                                  build/stm32f1xx_hal_uart.o
HAL_RCC_GetPCLK2Freq                              build/stm32f1xx_hal_rcc.o
                                                  build/stm32f1xx_hal_uart.o
                                                  build/stm32f1xx_hal_rcc_ex.o
HAL_RCC_GetSysClockFreq                           build/stm32f1xx_hal_rcc.o
                                                  build/stm32f1xx_hal_rcc_ex.o
HAL_RCC_MCOConfig                                 build/stm32f1xx_hal_rcc.o
HAL_RCC_NMI_IRQHandler                            build/stm32f1xx_hal_rcc.o
HAL_RCC_OscConfig                                 build/stm32f1xx_hal_rcc.o
                                                  build/main.o
HAL_ResumeTick                                    build/stm32f1xx_hal.o
HAL_SYSTICK_CLKSourceConfig                       build/stm32f1xx_hal_cortex.o
                                                  build/main.o
HAL_SYSTICK_Callback                              build/stm32f1xx_hal_cortex.o
HAL_SYSTICK_Config                                build/stm32f1xx_hal_cortex.o
                                                  build/stm32f1xx_hal.o
                                                  build/main.o
HAL_SYSTICK_IRQHandler                            build/stm32f1xx_hal_cortex.o
                                                  build/stm32f1xx_it.o
HAL_SuspendTick                                   build/stm32f1xx_hal.o
HAL_TIMEx_BreakCallback                           build/stm32f1xx_hal_tim_ex.o
                                                  build/stm32f1xx_hal_tim.o
HAL_TIMEx_CommutationCallback                     build/stm32f1xx_hal_tim_ex.o
                                                  build/stm32f1xx_hal_tim.o
HAL_TIMEx_ConfigBreakDeadTime                     build/stm32f1xx_hal_tim_ex.o
HAL_TIMEx_ConfigCommutationEvent                  build/stm32f1xx_hal_tim_ex.o
HAL_TIMEx_ConfigCommutationEvent_DMA              build/stm32f1xx_hal_tim_ex.o
HAL_TIMEx_ConfigCommutationEvent_IT               build/stm32f1xx_hal_tim_ex.o
HAL_TIMEx_HallSensor_DeInit                       build/stm32f1xx_hal_tim_ex.o
HAL_TIMEx_HallSensor_GetState                     build/stm32f1xx_hal_tim_ex.o
HAL_TIMEx_HallSensor_Init                         build/stm32f1xx_hal_tim_ex.o
HAL_TIMEx_HallSensor_MspDeInit                    build/stm32f1xx_hal_tim_ex.o
HAL_TIMEx_HallSensor_MspInit                      build/stm32f1xx_hal_tim_ex.o
HAL_TIMEx_HallSensor_Start                        build/stm32f1xx_hal_tim_ex.o
HAL_TIMEx_HallSensor_Start_DMA                    build/stm32f1xx_hal_tim_ex.o
HAL_TIMEx_HallSensor_Start_IT                     build/stm32f1xx_hal_tim_ex.o
HAL_TIMEx_HallSensor_Stop                         build/stm32f1xx_hal_tim_ex.o
HAL_TIMEx_HallSensor_Stop_DMA                     build/stm32f1xx_hal_tim_ex.o
HAL_TIMEx_HallSensor_Stop_IT                      build/stm32f1xx_hal_tim_ex.o
HAL_TIMEx_MasterConfigSynchronization             build/stm32f1xx_hal_tim_ex.o
                                                  build/main.o
HAL_TIMEx_OCN_Start                               build/stm32f1xx_hal_tim_ex.o
HAL_TIMEx_OCN_Start_DMA                           build/stm32f1xx_hal_tim_ex.o
HAL_TIMEx_OCN_Start_IT                            build/stm32f1xx_hal_tim_ex.o
HAL_TIMEx_OCN_Stop                                build/stm32f1xx_hal_tim_ex.o
HAL_TIMEx_OCN_Stop_DMA                            build/stm32f1xx_hal_tim_ex.o
HAL_TIMEx_OCN_Stop_IT                             build/stm32f1xx_hal_tim_ex.o
HAL_TIMEx_OnePulseN_Start                         build/stm32f1xx_hal_tim_ex.o
HAL_TIMEx_OnePulseN_Start_IT                      build/stm32f1xx_hal_tim_ex.o
HAL_TIMEx_OnePulseN_Stop                          build/stm32f1xx_hal_tim_ex.o
HAL_TIMEx_OnePulseN_Stop_IT                       build/stm32f1xx_hal_tim_ex.o
HAL_TIMEx_PWMN_Start                              build/stm32f1xx_hal_tim_ex.o
HAL_TIMEx_PWMN_Start_DMA                          build/stm32f1xx_hal_tim_ex.o
HAL_TIMEx_PWMN_Start_IT                           build/stm32f1xx_hal_tim_ex.o
HAL_TIMEx_PWMN_Stop                               build/stm32f1xx_hal_tim_ex.o
HAL_TIMEx_PWMN_Stop_DMA                           build/stm32f1xx_hal_tim_ex.o
HAL_TIMEx_PWMN_Stop_IT                            build/stm32f1xx_hal_tim_ex.o
HAL_TIM_Base_DeInit                               build/stm32f1xx_hal_tim.o
HAL_TIM_Base_GetState                             build/stm32f1xx_hal_tim.o
HAL_TIM_Base_Init                                 build/stm32f1xx_hal_tim.o
HAL_TIM_Base_MspDeInit                            build/stm32f1xx_hal_tim.o
HAL_TIM_Base_MspInit                              build/stm32f1xx_hal_tim.o
HAL_TIM_Base_Start                                build/stm32f1xx_hal_tim.o
HAL_TIM_Base_Start_DMA                            build/stm32f1xx_hal_tim.o
HAL_TIM_Base_Start_IT                             build/stm32f1xx_hal_tim.o
HAL_TIM_Base_Stop                                 build/stm32f1xx_hal_tim.o
HAL_TIM_Base_Stop_DMA                             build/stm32f1xx_hal_tim.o
HAL_TIM_Base_Stop_IT                              build/stm32f1xx_hal_tim.o
HAL_TIM_ConfigClockSource                         build/stm32f1xx_hal_tim.o
HAL_TIM_ConfigOCrefClear                          build/stm32f1xx_hal_tim.o
HAL_TIM_ConfigTI1Input                            build/stm32f1xx_hal_tim.o
HAL_TIM_DMABurst_ReadStart                        build/stm32f1xx_hal_tim.o
HAL_TIM_DMABurst_ReadStop                         build/stm32f1xx_hal_tim.o
HAL_TIM_DMABurst_WriteStart                       build/stm32f1xx_hal_tim.o
HAL_TIM_DMABurst_WriteStop                        build/stm32f1xx_hal_tim.o
HAL_TIM_Encoder_DeInit                            build/stm32f1xx_hal_tim.o
HAL_TIM_Encoder_GetState                          build/stm32f1xx_hal_tim.o
HAL_TIM_Encoder_Init                              build/stm32f1xx_hal_tim.o
HAL_TIM_Encoder_MspDeInit                         build/stm32f1xx_hal_tim.o
HAL_TIM_Encoder_MspInit                           build/stm32f1xx_hal_tim.o
HAL_TIM_Encoder_Start                             build/stm32f1xx_hal_tim.o
HAL_TIM_Encoder_Start_DMA                         build/stm32f1xx_hal_tim.o
HAL_TIM_Encoder_Start_IT                          build/stm32f1xx_hal_tim.o
HAL_TIM_Encoder_Stop                              build/stm32f1xx_hal_tim.o
HAL_TIM_Encoder_Stop_DMA                          build/stm32f1xx_hal_tim.o
HAL_TIM_Encoder_Stop_IT                           build/stm32f1xx_hal_tim.o
HAL_TIM_ErrorCallback                             build/stm32f1xx_hal_tim.o
HAL_TIM_GenerateEvent                             build/stm32f1xx_hal_tim.o
HAL_TIM_IC_CaptureCallback                        build/stm32f1xx_hal_tim.o
HAL_TIM_IC_ConfigChannel                          build/stm32f1xx_hal_tim.o
HAL_TIM_IC_DeInit                                 build/stm32f1xx_hal_tim.o
HAL_TIM_IC_GetState                               build/stm32f1xx_hal_tim.o
HAL_TIM_IC_Init                                   build/stm32f1xx_hal_tim.o
HAL_TIM_IC_MspDeInit                              build/stm32f1xx_hal_tim.o
HAL_TIM_IC_MspInit                                build/stm32f1xx_hal_tim.o
HAL_TIM_IC_Start                                  build/stm32f1xx_hal_tim.o
HAL_TIM_IC_Start_DMA                              build/stm32f1xx_hal_tim.o
HAL_TIM_IC_Start_IT                               build/stm32f1xx_hal_tim.o
HAL_TIM_IC_Stop                                   build/stm32f1xx_hal_tim.o
HAL_TIM_IC_Stop_DMA                               build/stm32f1xx_hal_tim.o
HAL_TIM_IC_Stop_IT                                build/stm32f1xx_hal_tim.o
HAL_TIM_IRQHandler                                build/stm32f1xx_hal_tim.o
HAL_TIM_MspPostInit                               build/stm32f1xx_hal_msp.o
                                                  build/main.o
HAL_TIM_OC_ConfigChannel                          build/stm32f1xx_hal_tim.o
HAL_TIM_OC_DeInit                                 build/stm32f1xx_hal_tim.o
HAL_TIM_OC_DelayElapsedCallback                   build/stm32f1xx_hal_tim.o
HAL_TIM_OC_GetState                               build/stm32f1xx_hal_tim.o
HAL_TIM_OC_Init                                   build/stm32f1xx_hal_tim.o
HAL_TIM_OC_MspDeInit                              build/stm32f1xx_hal_tim.o
HAL_TIM_OC_MspInit                                build/stm32f1xx_hal_tim.o
HAL_TIM_OC_Start                                  build/stm32f1xx_hal_tim.o
HAL_TIM_OC_Start_DMA                              build/stm32f1xx_hal_tim.o
HAL_TIM_OC_Start_IT                               build/stm32f1xx_hal_tim.o
HAL_TIM_OC_Stop                                   build/stm32f1xx_hal_tim.o
HAL_TIM_OC_Stop_DMA                               build/stm32f1xx_hal_tim.o
HAL_TIM_OC_Stop_IT                                build/stm32f1xx_hal_tim.o
HAL_TIM_OnePulse_ConfigChannel                    build/stm32f1xx_hal_tim.o
HAL_TIM_OnePulse_DeInit                           build/stm32f1xx_hal_tim.o
HAL_TIM_OnePulse_GetState                         build/stm32f1xx_hal_tim.o
HAL_TIM_OnePulse_Init                             build/stm32f1xx_hal_tim.o
HAL_TIM_OnePulse_MspDeInit                        build/stm32f1xx_hal_tim.o
HAL_TIM_OnePulse_MspInit                          build/stm32f1xx_hal_tim.o
HAL_TIM_OnePulse_Start                            build/stm32f1xx_hal_tim.o
HAL_TIM_OnePulse_Start_IT                         build/stm32f1xx_hal_tim.o
HAL_TIM_OnePulse_Stop                             build/stm32f1xx_hal_tim.o
HAL_TIM_OnePulse_Stop_IT                          build/stm32f1xx_hal_tim.o
HAL_TIM_PWM_ConfigChannel                         build/stm32f1xx_hal_tim.o
                                                  build/main.o
HAL_TIM_PWM_DeInit                                build/stm32f1xx_hal_tim.o
HAL_TIM_PWM_GetState                              build/stm32f1xx_hal_tim.o
HAL_TIM_PWM_Init                                  build/stm32f1xx_hal_tim.o
                                                  build/main.o
HAL_TIM_PWM_MspDeInit                             build/stm32f1xx_hal_msp.o
HAL_TIM_PWM_MspInit                               build/stm32f1xx_hal_msp.o
HAL_TIM_PWM_PulseFinishedCallback                 build/stm32f1xx_hal_tim.o
HAL_TIM_PWM_Start                                 build/stm32f1xx_hal_tim.o
                                                  build/motor.o
HAL_TIM_PWM_Start_DMA                             build/stm32f1xx_hal_tim.o
HAL_TIM_PWM_Start_IT                              build/stm32f1xx_hal_tim.o
HAL_TIM_PWM_Stop                                  build/stm32f1xx_hal_tim.o
HAL_TIM_PWM_Stop_DMA                              build/stm32f1xx_hal_tim.o
HAL_TIM_PWM_Stop_IT                               build/stm32f1xx_hal_tim.o
HAL_TIM_PeriodElapsedCallback                     build/stm32f1xx_hal_tim.o
HAL_TIM_ReadCapturedValue                         build/stm32f1xx_hal_tim.o
HAL_TIM_SlaveConfigSynchronization                build/stm32f1xx_hal_tim.o
HAL_TIM_SlaveConfigSynchronization_IT             build/stm32f1xx_hal_tim.o
HAL_TIM_TriggerCallback                           build/stm32f1xx_hal_tim.o
HAL_UART_Abort                                    build/stm32f1xx_hal_uart.o
HAL_UART_AbortCpltCallback                        build/stm32f1xx_hal_uart.o
HAL_UART_AbortReceive                             build/stm32f1xx_hal_uart.o
HAL_UART_AbortReceiveCpltCallback                 build/stm32f1xx_hal_uart.o
HAL_UART_AbortReceive_IT                          build/stm32f1xx_hal_uart.o
HAL_UART_AbortTransmit                            build/stm32f1xx_hal_uart.o
HAL_UART_AbortTransmitCpltCallback                build/stm32f1xx_hal_uart.o
HAL_UART_AbortTransmit_IT                         build/stm32f1xx_hal_uart.o
HAL_UART_Abort_IT                                 build/stm32f1xx_hal_uart.o
HAL_UART_DMAPause                                 build/stm32f1xx_hal_uart.o
HAL_UART_DMAResume                                build/stm32f1xx_hal_uart.o
HAL_UART_DMAStop                                  build/stm32f1xx_hal_uart.o
HAL_UART_DeInit                                   build/stm32f1xx_hal_uart.o
HAL_UART_ErrorCallback                            build/stm32f1xx_hal_uart.o
HAL_UART_GetError                                 build/stm32f1xx_hal_uart.o
HAL_UART_GetState                                 build/stm32f1xx_hal_uart.o
HAL_UART_IRQHandler                               build/stm32f1xx_hal_uart.o
HAL_UART_Init                                     build/stm32f1xx_hal_uart.o
                                                  build/main.o
HAL_UART_MspDeInit                                build/stm32f1xx_hal_msp.o
HAL_UART_MspInit                                  build/stm32f1xx_hal_msp.o
HAL_UART_Receive                                  build/stm32f1xx_hal_uart.o
HAL_UART_Receive_DMA                              build/stm32f1xx_hal_uart.o
HAL_UART_Receive_IT                               build/stm32f1xx_hal_uart.o
HAL_UART_RxCpltCallback                           build/stm32f1xx_hal_uart.o
HAL_UART_RxHalfCpltCallback                       build/stm32f1xx_hal_uart.o
HAL_UART_Transmit                                 build/stm32f1xx_hal_uart.o
HAL_UART_Transmit_DMA                             build/stm32f1xx_hal_uart.o
HAL_UART_Transmit_IT                              build/stm32f1xx_hal_uart.o
HAL_UART_TxCpltCallback                           build/stm32f1xx_hal_uart.o
HAL_UART_TxHalfCpltCallback                       build/stm32f1xx_hal_uart.o
HardFault_Handler                                 build/stm32f1xx_it.o
I2C1_ER_IRQHandler                                build/startup_stm32f105xc.o
I2C1_EV_IRQHandler                                build/startup_stm32f105xc.o
I2C2_ER_IRQHandler                                build/startup_stm32f105xc.o
I2C2_EV_IRQHandler                                build/startup_stm32f105xc.o
MemManage_Handler                                 build/stm32f1xx_it.o
NMI_Handler                                       build/stm32f1xx_it.o
OTG_FS_IRQHandler                                 build/startup_stm32f105xc.o
OTG_FS_WKUP_IRQHandler                            build/startup_stm32f105xc.o
PVD_IRQHandler                                    build/startup_stm32f105xc.o
PendSV_Handler                                    build/stm32f1xx_it.o
RCC_IRQHandler                                    build/startup_stm32f105xc.o
RTC_Alarm_IRQHandler                              build/startup_stm32f105xc.o
RTC_IRQHandler                                    build/startup_stm32f105xc.o
Reset_Handler                                     build/startup_stm32f105xc.o
SPI1_IRQHandler                                   build/startup_stm32f105xc.o
SPI2_IRQHandler                                   build/startup_stm32f105xc.o
SPI3_IRQHandler                                   build/startup_stm32f105xc.o
SVC_Handler                                       build/stm32f1xx_it.o
SysTick_Handler                                   build/stm32f1xx_it.o
SystemClock_Config                                build/main.o
SystemCoreClock                                   build/system_stm32f1xx.o
                                                  build/stm32f1xx_hal_adc.o
                                                  build/stm32f1xx_hal_adc_ex.o
                                                  build/stm32f1xx_hal_rcc.o
                                                  build/stm32f1xx_hal.o
SystemCoreClockUpdate                             build/system_stm32f1xx.o
SystemInit                                        build/system_stm32f1xx.o
                                                  build/startup_stm32f105xc.o
TAMPER_IRQHandler                                 build/startup_stm32f105xc.o
TIM1_BRK_IRQHandler                               build/startup_stm32f105xc.o